################################################################################
#                                                                              #
#      IAR Universal Linker V5.4.1.30                                          #
#                                                                              #
#           Link time     =  16/Feb/2015  23:34:21                             #
#           Target CPU    =  MSP430                                            #
#           List file     =  C:\git\MSP430_BSL\source\device\MSP430FG6626_USB\ #
#                            Release\List\MSP430FG6626_USB_IAR_5.51.5.map      #
#           Output file 1 =  C:\git\MSP430_BSL\source\device\MSP430FG6626_USB\ #
#                            Release\Exe\MSP430FG6626_USB_IAR_5.51.5.txt       #
#                            Format: msp430_txt                                #
#           Output file 2 =  C:\git\MSP430_BSL\source\device\MSP430FG6626_USB\ #
#                            Release\Exe\MSP430FG6626_USB_IAR_5.51.5.d43       #
#                            Format: debug                                     #
#                            UBROF version 10.0.6                              #
#           Command line  =  C:\git\MSP430_BSL\source\device\MSP430FG6626_USB\ #
#                            Release\Obj\BSL430_API.r43                        #
#                            C:\git\MSP430_BSL\source\device\MSP430FG6626_USB\ #
#                            Release\Obj\BSL430_Command_Interpreter.r43        #
#                            C:\git\MSP430_BSL\source\device\MSP430FG6626_USB\ #
#                            Release\Obj\BSL430_Low_Level_Init.r43             #
#                            C:\git\MSP430_BSL\source\device\MSP430FG6626_USB\ #
#                            Release\Obj\BSL430_USB_PI.r43                     #
#                            C:\git\MSP430_BSL\source\device\MSP430FG6626_USB\ #
#                            Release\Obj\UsbApi.r43                            #
#                            C:\git\MSP430_BSL\source\device\MSP430FG6626_USB\ #
#                            Release\Obj\UsbHidReq.r43                         #
#                            C:\git\MSP430_BSL\source\device\MSP430FG6626_USB\ #
#                            Release\Obj\UsbIsr.r43                            #
#                            C:\git\MSP430_BSL\source\device\MSP430FG6626_USB\ #
#                            Release\Obj\cstartup.r43                          #
#                            C:\git\MSP430_BSL\source\device\MSP430FG6626_USB\ #
#                            Release\Obj\descriptors.r43                       #
#                            C:\git\MSP430_BSL\source\device\MSP430FG6626_USB\ #
#                            Release\Obj\hal_UCS.r43                           #
#                            C:\git\MSP430_BSL\source\device\MSP430FG6626_USB\ #
#                            Release\Obj\usb.r43                               #
#                            -o                                                #
#                            C:\git\MSP430_BSL\source\device\MSP430FG6626_USB\ #
#                            Release\Exe\MSP430FG6626_USB_IAR_5.51.5.d43       #
#                            -l                                                #
#                            C:\git\MSP430_BSL\source\device\MSP430FG6626_USB\ #
#                            Release\List\MSP430FG6626_USB_IAR_5.51.5.map      #
#                            -xms                                              #
#                            "-IC:\Program Files (x86)\IAR Systems\Embedded Wo #
#                            rkbench 6.4_3\430\LIB\"                           #
#                            -f                                                #
#                            C:\git\MSP430_BSL\source\device\MSP430FG6626_USB\ #
#                            CONFIG\lnk430_BSL_AREA_RAM_2400-43FF.xcl          #
#                            (-cmsp430                                         #
#                            -Z(DATA)DATA16_I,DATA16_Z,DATA16_N,DATA16_HEAP+_D #
#                            ATA16_HEAP_SIZE=2400-43FF                         #
#                            -Z(DATA)DATA20_I,DATA20_Z,DATA20_N,DATA20_HEAP+_D #
#                            ATA20_HEAP_SIZE                                   #
#                            -Z(DATA)CSTACK+_STACK_SIZE#                       #
#                            -Z(CONST)BSL430_VERSION_VENDOR=1008-1008          #
#                            -Z(CONST)BSL430_VERSION_CI=1009-1009              #
#                            -Z(CONST)BSL430_VERSION_API=100A-100A             #
#                            -Z(CONST)BSL430_VERSION_PI=100B-100B              #
#                            -Z(CONST)BSLSIG=0x17F0-17FB                       #
#                            -Z(CONST)JTAGLOCK_KEY=0x17FC-17FF                 #
#                            -Z(CODE)CSTART,ISR_CODE=1008-17EF                 #
#                            -Z(CONST)DATA16_C,DATA16_ID,DIFUNCT=1008-17EF     #
#                            -Z(CODE)ZAREA=1000-1007                           #
#                            -Z(CODE)ZAREA_CODE=1008-17FF                      #
#                            -Z(CODE)BSL0=1008-11FF -Z(CODE)BSL1=1200-13FF     #
#                            -Z(CODE)BSL2=1400-15FF -Z(CODE)BSL3=1600-17EF     #
#                            -P(CODE)CODE=1008-17EF                            #
#                            -Z(CONST)DATA20_C,DATA20_ID=1008-17EF             #
#                            -Z(CODE)INTVEC=FF80-FFFF                          #
#                            -Z(CODE)RESET=FFAE-FFAF                           #
#                            -Z(CONST)CHECKSUM=FF80-FF81) -Hff                 #
#                            -J2,crc16,,,,2,0 -f                               #
#                            "C:\Program Files (x86)\IAR Systems\Embedded Work #
#                            bench 6.4_3\430\config\multiplier32_loc2.xcl"     #
#                            (-e?Mul8HwLoc2=?Mul8 -e?Mul16HwLoc2=?Mul16        #
#                            -e?Mul16to32uHwLoc2=?Mul16to32u                   #
#                            -e?Mul16to32sHwLoc2=?Mul16to32s                   #
#                            -e?Mul32Hw32Loc2=?Mul32                           #
#                            -e?Mul64Hw32Loc2=_Mul64i                          #
#                            -e?Mul32u32uto64iHw32Loc2=_Mul32u32uto64i         #
#                            -e?Mul32fHwLoc2=_Mul32f                           #
#                            -e_Mul64fHwPtrLoc2=_Mul64fPtr)                    #
#                            -D_STACK_SIZE=190 -Fubrof                         #
#                            "C:\Program Files (x86)\IAR Systems\Embedded Work #
#                            bench 6.4_3\430\LIB\DLIB\dl430xsfn.r43"           #
#                            -D_DATA16_HEAP_SIZE=0                             #
#                            -Omsp430_txt=C:\git\MSP430_BSL\source\device\MSP4 #
#                            30FG6626_USB\Release\Exe\MSP430FG6626_USB_IAR_5.5 #
#                            1.5.txt                                           #
#                            -s __program_start -D_DATA20_HEAP_SIZE=50         #
#                                                                              #
#                           Copyright (C) 1987-2012 IAR Systems AB.            #
################################################################################





                ****************************************
                *                                      *
                *           CROSS REFERENCE            *
                *                                      *
                ****************************************

       Program entry at :           100C  Relocatable, from module : ?cstart




                ****************************************
                *                                      *
                *            RUNTIME MODEL             *
                *                                      *
                ****************************************

  __Heap_Handler             = Basic
  __SystemLibrary            = DLib
  __core                     = 430X
  __data_model               = small
  __dlib_file_descriptor     = 0
  __dlib_full_locale_support = 0
  __double_size              = 32
  __pic                      = no
  __reg_r4                   = free
  __reg_r5                   = free
  __rt_version               = 3

                ****************************************
                *                                      *
                *    AUTOMATIC SYMBOL REDIRECTIONS     *
                *                                      *
                ****************************************

                  There are no automatic symbol redirections.



                ****************************************
                *                                      *
                *              MODULE MAP              *
                *                                      *
                ****************************************


  DEFINED ABSOLUTE ENTRIES
  PROGRAM MODULE, NAME : ?ABS_ENTRY_MOD

Absolute parts
           ENTRY                   ADDRESS         REF BY
           =====                   =======         ======
           _DATA20_HEAP_SIZE       0050 
           _DATA16_HEAP_SIZE       0000 
           _STACK_SIZE             0190 
    *************************************************************************

  FILE NAME : C:\git\MSP430_BSL\source\device\MSP430FG6626_USB\Release\Obj\BSL430_API.r43
  PROGRAM MODULE, NAME : BSL430_API

  SEGMENTS IN THE MODULE
  ======================
DATA16_AN
  Relative segment, address: 0140 - 0141 (0x2 bytes), align: 0
  Segment part 1. ROOT.       Intra module refs:   BSL430_unlock_BSL
           ENTRY                   ADDRESS         REF BY
           =====                   =======         ======
           _A_FCTL1_L              0140 
    -------------------------------------------------------------------------
DATA16_AN
  Relative segment, address: 0144 - 0145 (0x2 bytes), align: 0
  Segment part 2. ROOT.       Intra module refs:   BSL430_unlock_BSL
           ENTRY                   ADDRESS         REF BY
           =====                   =======         ======
           _A_FCTL3_L              0144 
    -------------------------------------------------------------------------
DATA16_AN
  Relative segment, address: 026A - 026B (0x2 bytes), align: 0
  Segment part 3. ROOT.       Intra module refs:   PI_init
           ENTRY                   ADDRESS         REF BY
           =====                   =======         ======
           _A_PDSEL_L              026A 
    -------------------------------------------------------------------------
DATA16_AN
  Relative segment, address: 0120 - 0121 (0x2 bytes), align: 0
  Segment part 4. ROOT.       Intra module refs:   PI_init
                                                   UsbHandler
                                                   main
           ENTRY                   ADDRESS         REF BY
           =====                   =======         ======
           _A_PMMCTL0_L            0120 
    -------------------------------------------------------------------------
DATA16_AN
  Relative segment, address: 0124 - 0125 (0x2 bytes), align: 0
  Segment part 5. ROOT.       Intra module refs:   PI_init
           ENTRY                   ADDRESS         REF BY
           =====                   =======         ======
           _A_SVSMHCTL_L           0124 
    -------------------------------------------------------------------------
DATA16_AN
  Relative segment, address: 0126 - 0127 (0x2 bytes), align: 0
  Segment part 6. ROOT.       Intra module refs:   PI_init
           ENTRY                   ADDRESS         REF BY
           =====                   =======         ======
           _A_SVSMLCTL_L           0126 
    -------------------------------------------------------------------------
DATA16_AN
  Relative segment, address: 012C - 012D (0x2 bytes), align: 0
  Segment part 7. ROOT.       Intra module refs:   PI_init
           ENTRY                   ADDRESS         REF BY
           =====                   =======         ======
           _A_PMMIFG_L             012C 
    -------------------------------------------------------------------------
DATA16_AN
  Relative segment, address: 0130 - 0131 (0x2 bytes), align: 0
  Segment part 8. ROOT.       Intra module refs:   main
           ENTRY                   ADDRESS         REF BY
           =====                   =======         ======
           _A_PM5CTL0_L            0130 
    -------------------------------------------------------------------------
DATA16_AN
  Relative segment, address: 0102 - 0103 (0x2 bytes), align: 0
  Segment part 9. ROOT.       Intra module refs:   PI_init
           ENTRY                   ADDRESS         REF BY
           =====                   =======         ======
           _A_SFRIFG1_L            0102 
    -------------------------------------------------------------------------
DATA16_AN
  Relative segment, address: 0380 - 0381 (0x2 bytes), align: 0
  Segment part 10. ROOT.      Intra module refs:   PI_init
           ENTRY                   ADDRESS         REF BY
           =====                   =======         ======
           TA1CTL                  0380 
    -------------------------------------------------------------------------
DATA16_AN
  Relative segment, address: 0386 - 0387 (0x2 bytes), align: 0
  Segment part 11. ROOT.      Intra module refs:   PI_init
           ENTRY                   ADDRESS         REF BY
           =====                   =======         ======
           TA1CCTL2                0386 
    -------------------------------------------------------------------------
DATA16_AN
  Relative segment, address: 0396 - 0397 (0x2 bytes), align: 0
  Segment part 12. ROOT.      Intra module refs:   PI_init
           ENTRY                   ADDRESS         REF BY
           =====                   =======         ======
           TA1CCR2                 0396 
    -------------------------------------------------------------------------
DATA16_AN
  Relative segment, address: 0900 - 0901 (0x2 bytes), align: 0
  Segment part 13. ROOT.      Intra module refs:   PI_init
                                                   USB_enable
           ENTRY                   ADDRESS         REF BY
           =====                   =======         ======
           _A_USBKEYID_L           0900 
    -------------------------------------------------------------------------
DATA16_AN
  Relative segment, address: 0902 - 0903 (0x2 bytes), align: 0
  Segment part 14. ROOT.      Intra module refs:   PI_init
                                                   USB_enable
                                                   UsbHandler
           ENTRY                   ADDRESS         REF BY
           =====                   =======         ======
           _A_USBCNF_L             0902 
    -------------------------------------------------------------------------
DATA16_AN
  Relative segment, address: 0904 - 0905 (0x2 bytes), align: 0
  Segment part 15. ROOT.      Intra module refs:   PI_init
           ENTRY                   ADDRESS         REF BY
           =====                   =======         ======
           _A_USBPHYCTL_L          0904 
    -------------------------------------------------------------------------
DATA16_AN
  Relative segment, address: 0908 - 0909 (0x2 bytes), align: 0
  Segment part 16. ROOT.      Intra module refs:   PI_init
                                                   UsbHandler
           ENTRY                   ADDRESS         REF BY
           =====                   =======         ======
           _A_USBPWRCTL_L          0908 
    -------------------------------------------------------------------------
DATA16_AN
  Relative segment, address: 0910 - 0911 (0x2 bytes), align: 0
  Segment part 17. ROOT.      Intra module refs:   USB_enable
                                                   UsbHandler
           ENTRY                   ADDRESS         REF BY
           =====                   =======         ======
           _A_USBPLLCTL_L          0910 
    -------------------------------------------------------------------------
DATA16_AN
  Relative segment, address: 0912 - 0913 (0x2 bytes), align: 0
  Segment part 18. ROOT.      Intra module refs:   USB_enable
           ENTRY                   ADDRESS         REF BY
           =====                   =======         ======
           _A_USBPLLDIVB_L         0912 
    -------------------------------------------------------------------------
DATA16_AN
  Relative segment, address: 0914 - 0915 (0x2 bytes), align: 0
  Segment part 19. ROOT.      Intra module refs:   USB_enable
           ENTRY                   ADDRESS         REF BY
           =====                   =======         ======
           _A_USBPLLIR_L           0914 
    -------------------------------------------------------------------------
DATA16_AN
  Relative segment, address: 092E - 092E (0x1 bytes), align: 0
  Segment part 20. ROOT.      Intra module refs:   USB_reset
           ENTRY                   ADDRESS         REF BY
           =====                   =======         ======
           USBIEPIE                092E 
    -------------------------------------------------------------------------
DATA16_AN
  Relative segment, address: 092F - 092F (0x1 bytes), align: 0
  Segment part 21. ROOT.      Intra module refs:   USB_reset
           ENTRY                   ADDRESS         REF BY
           =====                   =======         ======
           USBOEPIE                092F 
    -------------------------------------------------------------------------
DATA16_AN
  Relative segment, address: 0930 - 0930 (0x1 bytes), align: 0
  Segment part 22. ROOT.      Intra module refs:   UsbHandler
           ENTRY                   ADDRESS         REF BY
           =====                   =======         ======
           USBIEPIFG               0930 
    -------------------------------------------------------------------------
DATA16_AN
  Relative segment, address: 093C - 093C (0x1 bytes), align: 0
  Segment part 23. ROOT.      Intra module refs:   SetupPacketInterruptHandler
                                                   USB_reset
                                                   UsbHandler
                                                   usbDecodeAndProcessUsbRequest
           ENTRY                   ADDRESS         REF BY
           =====                   =======         ======
           USBCTL                  093C 
    -------------------------------------------------------------------------
DATA16_AN
  Relative segment, address: 093E - 093E (0x1 bytes), align: 0
  Segment part 24. ROOT.      Intra module refs:   SetupPacketInterruptHandler
                                                   USB_reset
                                                   UsbHandler
           ENTRY                   ADDRESS         REF BY
           =====                   =======         ======
           USBIFG                  093E 
    -------------------------------------------------------------------------
DATA16_AN
  Relative segment, address: 093F - 093F (0x1 bytes), align: 0
  Segment part 25. ROOT.      Intra module refs:   usbDecodeAndProcessUsbRequest
           ENTRY                   ADDRESS         REF BY
           =====                   =======         ======
           USBFUNADR               093F 
    -------------------------------------------------------------------------
DATA16_AN
  Relative segment, address: 0160 - 0161 (0x2 bytes), align: 0
  Segment part 26. ROOT.      Intra module refs:   PI_init
           ENTRY                   ADDRESS         REF BY
           =====                   =======         ======
           _A_UCSCTL0_L            0160 
    -------------------------------------------------------------------------
DATA16_AN
  Relative segment, address: 0162 - 0163 (0x2 bytes), align: 0
  Segment part 27. ROOT.      Intra module refs:   PI_init
           ENTRY                   ADDRESS         REF BY
           =====                   =======         ======
           _A_UCSCTL1_L            0162 
    -------------------------------------------------------------------------
DATA16_AN
  Relative segment, address: 0164 - 0165 (0x2 bytes), align: 0
  Segment part 28. ROOT.      Intra module refs:   PI_init
           ENTRY                   ADDRESS         REF BY
           =====                   =======         ======
           _A_UCSCTL2_L            0164 
    -------------------------------------------------------------------------
DATA16_AN
  Relative segment, address: 0166 - 0167 (0x2 bytes), align: 0
  Segment part 29. ROOT.      Intra module refs:   PI_init
           ENTRY                   ADDRESS         REF BY
           =====                   =======         ======
           _A_UCSCTL3_L            0166 
    -------------------------------------------------------------------------
DATA16_AN
  Relative segment, address: 0168 - 0169 (0x2 bytes), align: 0
  Segment part 30. ROOT.      Intra module refs:   PI_init
           ENTRY                   ADDRESS         REF BY
           =====                   =======         ======
           _A_UCSCTL4_L            0168 
    -------------------------------------------------------------------------
DATA16_AN
  Relative segment, address: 016A - 016B (0x2 bytes), align: 0
  Segment part 31. ROOT.      Intra module refs:   PI_init
           ENTRY                   ADDRESS         REF BY
           =====                   =======         ======
           _A_UCSCTL5_L            016A 
    -------------------------------------------------------------------------
DATA16_AN
  Relative segment, address: 016C - 016D (0x2 bytes), align: 0
  Segment part 32. ROOT.      Intra module refs:   PI_init
           ENTRY                   ADDRESS         REF BY
           =====                   =======         ======
           _A_UCSCTL6_L            016C 
    -------------------------------------------------------------------------
DATA16_AN
  Relative segment, address: 016E - 016F (0x2 bytes), align: 0
  Segment part 33. ROOT.      Intra module refs:   PI_init
           ENTRY                   ADDRESS         REF BY
           =====                   =======         ======
           _A_UCSCTL7_L            016E 
    -------------------------------------------------------------------------
DATA16_N
  Relative segment, address: 2456 - 2457 (0x2 bytes), align: 1
  Segment part 54.            Intra module refs:   BSL430_unlock_BSL
                                                   BSL430_writeMemory
                                                   interpretCommand
                                                   main
           ENTRY                   ADDRESS         REF BY
           =====                   =======         ======
           LockedStatus            2456 
    -------------------------------------------------------------------------
DATA16_N
  Relative segment, address: 2458 - 2459 (0x2 bytes), align: 1
  Segment part 55.            Intra module refs:   BSL430_unlock_BSL
                                                   main
           ENTRY                   ADDRESS         REF BY
           =====                   =======         ======
           FwRamKey                2458 
    -------------------------------------------------------------------------
BSL430_VERSION_API
  Relative segment, address: 100A - 100A (0x1 bytes), align: 0
  Segment part 56.            Intra module refs:   main
           ENTRY                   ADDRESS         REF BY
           =====                   =======         ======
           BSL430_API_Version      100A 
    -------------------------------------------------------------------------
<CODE> 1 (was CODE)
  Relative segment, address: 160C - 165D (0x52 bytes), align: 1
  Segment part 88.            Intra module refs:   interpretCommand
           ENTRY                   ADDRESS         REF BY
           =====                   =======         ======
           BSL430_unlock_BSL       160C 
               CSTACK = 00000000 ( 00000008 )
    -------------------------------------------------------------------------
<CODE> 1 (was CODE)
  Relative segment, address: 15BA - 160B (0x52 bytes), align: 1
  Segment part 87.            Intra module refs:   interpretCommand
           ENTRY                   ADDRESS         REF BY
           =====                   =======         ======
           BSL430_writeMemory      15BA 
               CSTACK = 00000000 ( 00000010 )
    -------------------------------------------------------------------------
BSL430_VERSION_VENDOR
  Relative segment, address: 1008 - 1008 (0x1 bytes), align: 0
  Segment part 57.            Intra module refs:   main
           ENTRY                   ADDRESS         REF BY
           =====                   =======         ======
           BSL430_Vendor_Version   1008 
    -------------------------------------------------------------------------
BSL430_VERSION_CI
  Relative segment, address: 1009 - 1009 (0x1 bytes), align: 0
  Segment part 58.            Intra module refs:   main
           ENTRY                   ADDRESS         REF BY
           =====                   =======         ======
           BSL430_CI_Version       1009 
    -------------------------------------------------------------------------
<CODE> 1 (was CODE)
  Relative segment, address: 16E0 - 1719 (0x3a bytes), align: 1
  Segment part 86.
           ENTRY                   ADDRESS         REF BY
           =====                   =======         ======
           main                    16E0            Segment part 16 (?cstart)
               calls direct
               CSTACK = 00000000 ( 00000004 )
    -------------------------------------------------------------------------
<CODE> 1 (was CODE)
  Relative segment, address: 14FA - 1565 (0x6c bytes), align: 1
  Segment part 85.            Intra module refs:   main
           ENTRY                   ADDRESS         REF BY
           =====                   =======         ======
           interpretCommand        14FA 
               calls direct and indirect
               CSTACK = 00000000 ( 00000008 )
    -------------------------------------------------------------------------
<CODE> 1 (was CODE)
  Relative segment, address: 1776 - 1799 (0x24 bytes), align: 1
  Segment part 84.            Intra module refs:   interpretCommand
           ENTRY                   ADDRESS         REF BY
           =====                   =======         ======
           sendMessage             1776 
               calls direct
               CSTACK = 00000000 ( 00000004 )
    -------------------------------------------------------------------------
DATA16_N
  Relative segment, address: 245A - 245B (0x2 bytes), align: 1
  Segment part 59.            Intra module refs:   PI_init
                                                   interpretCommand
           ENTRY                   ADDRESS         REF BY
           =====                   =======         ======
           BSL430_ReceiveBuffer    245A 
    -------------------------------------------------------------------------
DATA16_N
  Relative segment, address: 245C - 245D (0x2 bytes), align: 1
  Segment part 60.            Intra module refs:   PI_init
                                                   sendMessage
           ENTRY                   ADDRESS         REF BY
           =====                   =======         ======
           BSL430_SendBuffer       245C 
    -------------------------------------------------------------------------
DATA16_N
  Relative segment, address: 245E - 245F (0x2 bytes), align: 1
  Segment part 61.            Intra module refs:   PI_receivePacket
                                                   interpretCommand
           ENTRY                   ADDRESS         REF BY
           =====                   =======         ======
           BSL430_BufferSize       245E 
    -------------------------------------------------------------------------
DATA16_Z
  Relative segment, address: 2416 - 2454 (0x3f bytes), align: 0
  Segment part 62.            Intra module refs:   PI_init
                                                   sendMessage
           ENTRY                   ADDRESS         REF BY
           =====                   =======         ======
           RAM_Buf                 2416 
    -------------------------------------------------------------------------
DATA16_AC
  Relative segment, address: 106C - 106D (0x2 bytes), align: 0
  Segment part 34. ROOT.      Intra module refs:   PI_init
           ENTRY                   ADDRESS         REF BY
           =====                   =======         ======
           cSPEED_1_PLL            106C 
    -------------------------------------------------------------------------
DATA16_AC
  Relative segment, address: 106E - 106F (0x2 bytes), align: 0
  Segment part 35. ROOT.      Intra module refs:   PI_init
           ENTRY                   ADDRESS         REF BY
           =====                   =======         ======
           cSPEED_2_PLL            106E 
    -------------------------------------------------------------------------
DATA16_AC
  Relative segment, address: 1070 - 1071 (0x2 bytes), align: 0
  Segment part 36. ROOT.      Intra module refs:   PI_init
           ENTRY                   ADDRESS         REF BY
           =====                   =======         ======
           cSPEED_3_PLL            1070 
    -------------------------------------------------------------------------
DATA16_AC
  Relative segment, address: 1072 - 1073 (0x2 bytes), align: 0
  Segment part 37. ROOT.      Intra module refs:   PI_init
           ENTRY                   ADDRESS         REF BY
           =====                   =======         ======
           cSPEED_4_PLL            1072 
    -------------------------------------------------------------------------
BSL430_VERSION_PI
  Relative segment, address: 100B - 100B (0x1 bytes), align: 0
  Segment part 63.            Intra module refs:   PI_init
           ENTRY                   ADDRESS         REF BY
           =====                   =======         ======
           BSL430_PI_Version       100B 
    -------------------------------------------------------------------------
<CODE> 1 (was CODE)
  Relative segment, address: 12A2 - 13DF (0x13e bytes), align: 1
  Segment part 81.            Intra module refs:   main
           ENTRY                   ADDRESS         REF BY
           =====                   =======         ======
           PI_init                 12A2 
               calls direct
               CSTACK = 00000000 ( 00000006 )
    -------------------------------------------------------------------------
<CODE> 1 (was CODE)
  Relative segment, address: 17B2 - 17C1 (0x10 bytes), align: 1
  Segment part 83.            Intra module refs:   PI_init
    -------------------------------------------------------------------------
<CODE> 1 (was CODE)
  Relative segment, address: 171A - 1747 (0x2e bytes), align: 1
  Segment part 80.            Intra module refs:   main
           ENTRY                   ADDRESS         REF BY
           =====                   =======         ======
           PI_receivePacket        171A 
               calls direct
               CSTACK = 00000000 ( 00000004 )
    -------------------------------------------------------------------------
<CODE> 1 (was CODE)
  Relative segment, address: 1748 - 1775 (0x2e bytes), align: 1
  Segment part 79.            Intra module refs:   sendMessage
           ENTRY                   ADDRESS         REF BY
           =====                   =======         ======
           UsbSendHID              1748 
               CSTACK = 00000000 ( 00000004 )
    -------------------------------------------------------------------------
<CODE> 1 (was CODE)
  Relative segment, address: 13E0 - 147B (0x9c bytes), align: 1
  Segment part 78.            Intra module refs:   PI_receivePacket
           ENTRY                   ADDRESS         REF BY
           =====                   =======         ======
           UsbHandler              13E0 
               calls direct
               CSTACK = 00000000 ( 00000004 )
    -------------------------------------------------------------------------
<CODE> 1 (was CODE)
  Relative segment, address: 16A0 - 16DF (0x40 bytes), align: 1
  Segment part 77.            Intra module refs:   UsbHandler
           ENTRY                   ADDRESS         REF BY
           =====                   =======         ======
           SetupPacketInterruptHandler
                                   16A0 
               calls direct
               CSTACK = 00000000 ( 00000004 )
    -------------------------------------------------------------------------
DATA16_AC
  Relative segment, address: 1074 - 1085 (0x12 bytes), align: 0
  Segment part 38. ROOT.      Intra module refs:   usbDecodeAndProcessUsbRequest
           ENTRY                   ADDRESS         REF BY
           =====                   =======         ======
           abromDeviceDescriptor   1074 
    -------------------------------------------------------------------------
DATA16_C
  Relative segment, address: 101E - 1041 (0x24 bytes), align: 0
  Segment part 64.            Intra module refs:   usbDecodeAndProcessUsbRequest
           ENTRY                   ADDRESS         REF BY
           =====                   =======         ======
           abromReportDescriptor   101E 
    -------------------------------------------------------------------------
DATA16_C
  Relative segment, address: 1042 - 106A (0x29 bytes), align: 0
  Segment part 65.            Intra module refs:   usbDecodeAndProcessUsbRequest
           ENTRY                   ADDRESS         REF BY
           =====                   =======         ======
           abromConfigurationDescriptorGroup
                                   1042 
    -------------------------------------------------------------------------
DATA16_AN
  Relative segment, address: 2400 - 2400 (0x1 bytes), align: 0
  Segment part 39. ROOT.      Intra module refs:   USB_reset
                                                   usbDecodeAndProcessUsbRequest
           ENTRY                   ADDRESS         REF BY
           =====                   =======         ======
           bConfigurationNumber    2400 
    -------------------------------------------------------------------------
DATA16_AN
  Relative segment, address: 2401 - 2401 (0x1 bytes), align: 0
  Segment part 40. ROOT.      Intra module refs:   USB_reset
                                                   usbDecodeAndProcessUsbRequest
           ENTRY                   ADDRESS         REF BY
           =====                   =======         ======
           bInterfaceNumber        2401 
    -------------------------------------------------------------------------
DATA16_AN
  Relative segment, address: 2402 - 2402 (0x1 bytes), align: 0
  Segment part 41. ROOT.      Intra module refs:   USB_reset
                                                   usbDecodeAndProcessUsbRequest
                                                   usbGetEndpointStatus
                                                   usbSendDataPacketOnEP0
                                                   usbSendNextPacketOnIEP0
                                                   usbSendZeroLengthPacketOnIEP0
           ENTRY                   ADDRESS         REF BY
           =====                   =======         ======
           wBytesRemainingOnIEP0   2402 
    -------------------------------------------------------------------------
DATA16_AN
  Relative segment, address: 2404 - 2404 (0x1 bytes), align: 0
  Segment part 42. ROOT.      Intra module refs:   USB_reset
           ENTRY                   ADDRESS         REF BY
           =====                   =======         ======
           wBytesRemainingOnOEP0   2404 
    -------------------------------------------------------------------------
DATA16_AN
  Relative segment, address: 2406 - 2407 (0x2 bytes), align: 0
  Segment part 43. ROOT.      Intra module refs:   usbSendDataPacketOnEP0
                                                   usbSendNextPacketOnIEP0
           ENTRY                   ADDRESS         REF BY
           =====                   =======         ======
           pbIEP0Buffer            2406 
    -------------------------------------------------------------------------
DATA16_N
  Relative segment, address: 2460 - 2467 (0x8 bytes), align: 0
  Segment part 66.            Intra module refs:   Segment part 70
                                                   SetupPacketInterruptHandler
                                                   usbDecodeAndProcessUsbRequest
                                                   usbGetEndpointStatus
           ENTRY                   ADDRESS         REF BY
           =====                   =======         ======
           abUsbRequestReturnData
                                   2460 
    -------------------------------------------------------------------------
DATA16_AN
  Relative segment, address: 2410 - 2410 (0x1 bytes), align: 0
  Segment part 44. ROOT.      Intra module refs:   SetupPacketInterruptHandler
                                                   USB_reset
                                                   UsbHandler
                                                   usbSendNextPacketOnIEP0
                                                   usbSendZeroLengthPacketOnIEP0
           ENTRY                   ADDRESS         REF BY
           =====                   =======         ======
           bStatusAction           2410 
    -------------------------------------------------------------------------
DATA16_AN
  Relative segment, address: 2411 - 2411 (0x1 bytes), align: 0
  Segment part 45. ROOT.      Intra module refs:   PI_init
                                                   PI_receivePacket
                                                   USB_reset
                                                   UsbHandler
           ENTRY                   ADDRESS         REF BY
           =====                   =======         ======
           bFunctionSuspended      2411 
    -------------------------------------------------------------------------
DATA16_AN
  Relative segment, address: 2412 - 2412 (0x1 bytes), align: 0
  Segment part 46. ROOT.      Intra module refs:   PI_init
                                                   PI_receivePacket
                                                   USB_reset
                                                   usbDecodeAndProcessUsbRequest
           ENTRY                   ADDRESS         REF BY
           =====                   =======         ======
           bEnumerationStatus      2412 
    -------------------------------------------------------------------------
DATA16_AN
  Relative segment, address: 2414 - 2415 (0x2 bytes), align: 0
  Segment part 47. ROOT.      Intra module refs:   PI_init
                                                   USB_enable
           ENTRY                   ADDRESS         REF BY
           =====                   =======         ======
           wUSBPLL                 2414 
    -------------------------------------------------------------------------
DATA16_AN
  Relative segment, address: 2380 - 2387 (0x8 bytes), align: 0
  Segment part 48. ROOT.      Intra module refs:   usbDecodeAndProcessUsbRequest
                                                   usbGetEndpointStatus
                                                   usbSendDataPacketOnEP0
                                                   usbSetEndpointFeature
           ENTRY                   ADDRESS         REF BY
           =====                   =======         ======
           tSetupPacket            2380 
    -------------------------------------------------------------------------
DATA16_AN
  Relative segment, address: 0920 - 0923 (0x4 bytes), align: 0
  Segment part 49. ROOT.      Intra module refs:   SetupPacketInterruptHandler
                                                   USB_reset
                                                   UsbHandler
                                                   usbDecodeAndProcessUsbRequest
                                                   usbGetEndpointStatus
                                                   usbSendNextPacketOnIEP0
                                                   usbSendZeroLengthPacketOnIEP0
                                                   usbSetEndpointFeature
           ENTRY                   ADDRESS         REF BY
           =====                   =======         ======
           tEndPoint0DescriptorBlock
                                   0920 
    -------------------------------------------------------------------------
DATA16_AN
  Relative segment, address: 23C8 - 23FF (0x38 bytes), align: 0
  Segment part 50. ROOT.      Intra module refs:   USB_reset
                                                   UsbSendHID
                                                   usbDecodeAndProcessUsbRequest
                                                   usbGetEndpointStatus
                                                   usbSetEndpointFeature
           ENTRY                   ADDRESS         REF BY
           =====                   =======         ======
           tInputEndPointDescriptorBlock
                                   23C8 
    -------------------------------------------------------------------------
DATA16_AN
  Relative segment, address: 2388 - 23BF (0x38 bytes), align: 0
  Segment part 51. ROOT.      Intra module refs:   PI_receivePacket
                                                   USB_reset
                                                   usbDecodeAndProcessUsbRequest
                                                   usbGetEndpointStatus
                                                   usbSetEndpointFeature
           ENTRY                   ADDRESS         REF BY
           =====                   =======         ======
           tOutputEndPointDescriptorBlock
                                   2388 
    -------------------------------------------------------------------------
DATA16_AN
  Relative segment, address: 2378 - 237F (0x8 bytes), align: 0
  Segment part 52. ROOT.      Intra module refs:   usbSendNextPacketOnIEP0
           ENTRY                   ADDRESS         REF BY
           =====                   =======         ======
           abIEP0Buffer            2378 
    -------------------------------------------------------------------------
<CODE> 1 (was CODE)
  Relative segment, address: 165E - 169F (0x42 bytes), align: 1
  Segment part 76.            Intra module refs:   PI_init
                                                   UsbHandler
           ENTRY                   ADDRESS         REF BY
           =====                   =======         ======
           USB_enable              165E 
               CSTACK = 00000000 ( 00000006 )
    -------------------------------------------------------------------------
<CODE> 1 (was CODE)
  Relative segment, address: 147C - 14F9 (0x7e bytes), align: 1
  Segment part 75.            Intra module refs:   PI_init
                                                   UsbHandler
           ENTRY                   ADDRESS         REF BY
           =====                   =======         ======
           USB_reset               147C 
               CSTACK = 00000000 ( 00000004 )
    -------------------------------------------------------------------------
<CODE> 1 (was CODE)
  Relative segment, address: 1566 - 15B9 (0x54 bytes), align: 1
  Segment part 67.            Intra module refs:   UsbHandler
                                                   usbSendDataPacketOnEP0
           ENTRY                   ADDRESS         REF BY
           =====                   =======         ======
           usbSendNextPacketOnIEP0
                                   1566 
               CSTACK = 00000000 ( 00000004 )
    -------------------------------------------------------------------------
<CODE> 1 (was CODE)
  Relative segment, address: 179A - 17B1 (0x18 bytes), align: 1
  Segment part 68.            Intra module refs:   Segment part 70
                                                   usbDecodeAndProcessUsbRequest
           ENTRY                   ADDRESS         REF BY
           =====                   =======         ======
           usbSendDataPacketOnEP0
                                   179A 
               calls direct
               CSTACK = 00000000 ( 00000004 )
    -------------------------------------------------------------------------
<CODE> 1 (was CODE)
  Relative segment, address: 10DC - 111F (0x44 bytes), align: 1
  Segment part 69.            Intra module refs:   usbDecodeAndProcessUsbRequest
           ENTRY                   ADDRESS         REF BY
           =====                   =======         ======
           usbGetEndpointStatus    10DC 
               calls direct
               CSTACK = 00000000 ( 00000004 )
    -------------------------------------------------------------------------
<CODE> 1 (was CODE)
  Relative segment, address: 1120 - 1127 (0x8 bytes), align: 1
  Segment part 70.            Intra module refs:   usbDecodeAndProcessUsbRequest
                                                   usbGetEndpointStatus
    -------------------------------------------------------------------------
<CODE> 1 (was CODE)
  Relative segment, address: 1128 - 1135 (0xe bytes), align: 1
  Segment part 71.            Intra module refs:   usbDecodeAndProcessUsbRequest
                                                   usbSetEndpointFeature
           ENTRY                   ADDRESS         REF BY
           =====                   =======         ======
           usbSendZeroLengthPacketOnIEP0
                                   1128 
               CSTACK = 00000000 ( 00000004 )
    -------------------------------------------------------------------------
<CODE> 1 (was CODE)
  Relative segment, address: 1136 - 1167 (0x32 bytes), align: 1
  Segment part 72.            Intra module refs:   usbDecodeAndProcessUsbRequest
           ENTRY                   ADDRESS         REF BY
           =====                   =======         ======
           usbSetEndpointFeature   1136 
               calls direct
               CSTACK = 00000000 ( 00000004 )
    -------------------------------------------------------------------------
<CODE> 1 (was CODE)
  Relative segment, address: 1168 - 12A1 (0x13a bytes), align: 1
  Segment part 73.            Intra module refs:   SetupPacketInterruptHandler
           ENTRY                   ADDRESS         REF BY
           =====                   =======         ======
           usbDecodeAndProcessUsbRequest
                                   1168 
               calls direct
               CSTACK = 00000000 ( 00000004 )
    -------------------------------------------------------------------------
<CODE> 1 (was CODE)
  Relative segment, address: 17CC - 17D5 (0xa bytes), align: 1
  Segment part 74.            Intra module refs:   usbDecodeAndProcessUsbRequest
                                                   usbGetEndpointStatus
    -------------------------------------------------------------------------
<CODE> 1 (was CODE)
  Relative segment, address: 17C2 - 17CB (0xa bytes), align: 1
  Segment part 82.            Intra module refs:   PI_init
                                                   UsbHandler

    *************************************************************************

  FILE NAME : C:\git\MSP430_BSL\source\device\MSP430FG6626_USB\Release\Obj\BSL430_Command_Interpreter.r43
    *************************************************************************

  FILE NAME : C:\git\MSP430_BSL\source\device\MSP430FG6626_USB\Release\Obj\BSL430_Low_Level_Init.r43
  PROGRAM MODULE, NAME : BSL430_Low_Level_Init

Absolute parts
           ENTRY                   ADDRESS         REF BY
           =====                   =======         ======
           BSL_REQ_JTAG_OPEN       0001 
           BSL_REQ_APP_CALL        0002 
  SEGMENTS IN THE MODULE
  ======================
ZAREA
  Common segment, address: 1000 - 1007 (0x8 bytes), align: 1
  Segment part 0. ROOT.       Intra module refs:   Segment part 2
    -------------------------------------------------------------------------
ZAREA_CODE
  Relative segment, address: 1086 - 10DB (0x56 bytes), align: 1
  Segment part 1. ROOT.       Intra module refs:   Segment part 0
                                                   Segment part 2
    -------------------------------------------------------------------------
BSLSIG
  Common segment, address: 17F0 - 17FB (0xc bytes), align: 1
  Segment part 2. ROOT.
           ENTRY                   ADDRESS         REF BY
           =====                   =======         ======
           BslEntryLoc             17FA 
           BslProtectVecLoc        17F2 
           PBSLSigLoc              17F4 
           SBSLSigLoc              17F6 
    -------------------------------------------------------------------------
JTAGLOCK_KEY
  Common segment, address: 17FC - 17FF (0x4 bytes), align: 1
  Segment part 3. ROOT.
           ENTRY                   ADDRESS         REF BY
           =====                   =======         ======
           PJTAGLOCK_KEY           17FC 
           SJTAGLOCK_KEY           17FE 

    *************************************************************************

  FILE NAME : C:\git\MSP430_BSL\source\device\MSP430FG6626_USB\Release\Obj\BSL430_USB_PI.r43
    *************************************************************************

  FILE NAME : C:\git\MSP430_BSL\source\device\MSP430FG6626_USB\Release\Obj\UsbApi.r43
    *************************************************************************

  FILE NAME : C:\git\MSP430_BSL\source\device\MSP430FG6626_USB\Release\Obj\UsbHidReq.r43
    *************************************************************************

  FILE NAME : C:\git\MSP430_BSL\source\device\MSP430FG6626_USB\Release\Obj\UsbIsr.r43
    *************************************************************************

  FILE NAME : C:\git\MSP430_BSL\source\device\MSP430FG6626_USB\Release\Obj\cstartup.r43
  LIBRARY MODULE, NAME : ?reset_vector

  SEGMENTS IN THE MODULE
  ======================
RESET
  Relative segment, address: FFAE - FFAF (0x2 bytes), align: 1
  Segment part 0.
           ENTRY                   ADDRESS         REF BY
           =====                   =======         ======
           ?reset_vector           FFAE            Segment part 8 (?cstart)

    -------------------------------------------------------------------------
  LIBRARY MODULE, NAME : ?cstart

  SEGMENTS IN THE MODULE
  ======================
CSTACK
  Relative segment, address: 4270, align: 1
  Segment part 1.
    -------------------------------------------------------------------------
CSTART
  Relative segment, address: 100C - 1017 (0xc bytes), align: 1
  Segment part 8.
           ENTRY                   ADDRESS         REF BY
           =====                   =======         ======
           __program_start         100C            ?reset_vector (?reset_vector)
                                                   Absolute parts (?ABS_ENTRY_MOD)
                                                   Segment part 0 (BSL430_Low_Level_Init)
           ?cstart_begin           100C 
    -------------------------------------------------------------------------
CSTART
  Relative segment, address: 1018, align: 1
  Segment part 10.
           ENTRY                   ADDRESS         REF BY
           =====                   =======         ======
           ?cstart_init_zero       1018            RAM_Buf (BSL430_API)
    -------------------------------------------------------------------------
CSTART
  Relative segment, address: 1018 - 101D (0x6 bytes), align: 1
  Segment part 16.            Intra module refs:   Segment part 8
           ENTRY                   ADDRESS         REF BY
           =====                   =======         ======
           ?cstart_call_main       1018 
           ?cstart_end             101E 

    *************************************************************************

  FILE NAME : C:\git\MSP430_BSL\source\device\MSP430FG6626_USB\Release\Obj\descriptors.r43
    *************************************************************************

  FILE NAME : C:\git\MSP430_BSL\source\device\MSP430FG6626_USB\Release\Obj\hal_UCS.r43
    *************************************************************************

  FILE NAME : C:\git\MSP430_BSL\source\device\MSP430FG6626_USB\Release\Obj\usb.r43
    *************************************************************************

  FILE NAME : C:\Program Files (x86)\IAR Systems\Embedded Workbench 6.4_3\430\LIB\DLIB\dl430xsfn.r43
  LIBRARY MODULE, NAME : ?IndCallR13

  SEGMENTS IN THE MODULE
  ======================
<CODE> 1 (was CODE)
  Relative segment, address: 17D6 - 17D9 (0x4 bytes), align: 1
  Segment part 0.
           ENTRY                   ADDRESS         REF BY
           =====                   =======         ======
           ?IndCallR13             17D6            interpretCommand (BSL430_API)

    *************************************************************************

  DEFINED ABSOLUTE ENTRIES
  PROGRAM MODULE, NAME : ?FILLER_BYTES

  SEGMENTS IN THE MODULE
  ======================
ZAREA
  Common segment, address: 1000 - 1007 (0x8 bytes), align: 0
  Segment part 4.
    -------------------------------------------------------------------------
JTAGLOCK_KEY
  Common segment, address: 17FC - 17FF (0x4 bytes), align: 0
  Segment part 3.
    -------------------------------------------------------------------------
BSLSIG
  Common segment, address: 17F0 - 17FB (0xc bytes), align: 0
  Segment part 2.
    -------------------------------------------------------------------------
?FILL2
  Relative segment, address: 17DA - 17EF (0x16 bytes), align: 0
  Segment part 1.
    -------------------------------------------------------------------------
?FILL1
  Relative segment, address: 106B - 106B (0x1 bytes), align: 0
  Segment part 0.

    *************************************************************************

  DEFINED ABSOLUTE ENTRIES
  PROGRAM MODULE, NAME : ?CHECKSUM

  SEGMENTS IN THE MODULE
  ======================
CHECKSUM
  Relative segment, address: FF80 - FF81 (0x2 bytes), align: 1
  Segment part 1. ROOT.
           ENTRY                   ADDRESS         REF BY
           =====                   =======         ======
           __checksum              FF80 




                ****************************************
                *                                      *
                *      SEGMENTS IN ADDRESS ORDER       *
                *                                      *
                ****************************************


SEGMENT              SPACE    START ADDRESS   END ADDRESS     SIZE  TYPE  ALIGN
=======              =====    =============   ===========     ====  ====  =====
DATA16_AN                              0102 - 0103               2   rel    0
                                       0120 - 0121               2 
                                       0124 - 0127               4 
                                       012C - 012D               2 
                                       0130 - 0131               2 
                                       0140 - 0141               2 
                                       0144 - 0145               2 
                                       0160 - 016F              10 
                                       026A - 026B               2 
                                       0380 - 0381               2 
                                       0386 - 0387               2 
                                       0396 - 0397               2 
                                       0900 - 0905               6 
                                       0908 - 0909               2 
                                       0910 - 0915               6 
                                       0920 - 0923               4 
                                       092E - 0930               3 
                                       093C - 093C               1 
                                       093E - 093F               2 
ZAREA                                  1000 - 1007               8   com    1
BSL430_VERSION_VENDOR
                                       1008 - 1008               1   rel    0
BSL430_VERSION_CI                      1009 - 1009               1   rel    0
BSL430_VERSION_API                     100A - 100A               1   rel    0
BSL430_VERSION_PI                      100B - 100B               1   rel    0
CSTART                                 100C - 101D              12   rel    1
DATA16_C                               101E - 106A              4D   rel    0
?FILL1                                 106B - 106B               1   rel    0
DATA16_AC                              106C - 1085              1A   rel    0
ZAREA_CODE                             1086 - 10DB              56   rel    1
<CODE> 1                               10DC - 17D9             6FE   rel    1
?FILL2                                 17DA - 17EF              16   rel    0
BSLSIG                                 17F0 - 17FB               C   com    1
JTAGLOCK_KEY                           17FC - 17FF               4   com    1
DATA16_AN                              2378 - 23BF              48   rel    0
                                       23C8 - 2402              3B 
DATA16_I                                  2403                       dse    0
DATA16_AN                              2404 - 2404               1   rel    0
                                       2406 - 2407               2 
                                       2410 - 2412               3 
                                       2414 - 2415               2 
DATA16_Z                               2416 - 2454              3F   rel    0
DATA16_N                               2456 - 2467              12   rel    1
CSTACK                                 4270 - 43FF             190   rel    1
CHECKSUM                               FF80 - FF81               2   rel    1
RESET                                  FFAE - FFAF               2   rel    1


                ****************************************
                *                                      *
                *              CHECKSUMS               *
                *                                      *
                ****************************************

Symbol      Checksum  Memory  Start  End   Initial value
------      --------  ------  -----  ---   -------------
__checksum    0x98a9   CODE   1000 - 17FF  0x0000 (#0x0000)
                       CODE   FFAE - FFAF

                ****************************************
                *                                      *
                *        END OF CROSS REFERENCE        *
                *                                      *
                ****************************************

 1 904 bytes of CODE  memory (+              23 range fill )
   481 bytes of DATA  memory (+ 203 absolute )
    99 bytes of CONST memory (+  26 absolute )

Errors: none
Warnings: none

