<?xml version="1.0"?>
<link_info>
   <banner>MSP430 Linker PC v4.2.4</banner>
   <copyright>Copyright (c) 2003-2014 Texas Instruments Incorporated</copyright>
   <link_time>0x5453702d</link_time>
   <link_errors>0x0</link_errors>
   <output_file>EVM430-FR6989_Out_of_Box_FW.out</output_file>
   <entry_point>
      <name>_c_int00</name>
      <address>0x5a82</address>
   </entry_point>
   <input_file_list>
      <input_file id="fl-2">
         <path>.\</path>
         <kind>object</kind>
         <file>main.obj</file>
         <name>main.obj</name>
      </input_file>
      <input_file id="fl-3">
         <path>.\</path>
         <kind>object</kind>
         <file>ScanIF.obj</file>
         <name>ScanIF.obj</name>
      </input_file>
      <input_file id="fl-4">
         <path>.\</path>
         <kind>object</kind>
         <file>LCD.obj</file>
         <name>LCD.obj</name>
      </input_file>
      <input_file id="fl-5">
         <path>.\</path>
         <kind>object</kind>
         <file>IIC.obj</file>
         <name>IIC.obj</name>
      </input_file>
      <input_file id="fl-6">
         <path>.\</path>
         <kind>object</kind>
         <file>ESI_ESIOSC.obj</file>
         <name>ESI_ESIOSC.obj</name>
      </input_file>
      <input_file id="fl-34">
         <path>C:\ti\ccsv5\tools\compiler\msp430_4.2.4\lib\</path>
         <kind>archive</kind>
         <file>rts430x_lc_sd_eabi.lib</file>
         <name>abs.obj</name>
      </input_file>
      <input_file id="fl-35">
         <path>C:\ti\ccsv5\tools\compiler\msp430_4.2.4\lib\</path>
         <kind>archive</kind>
         <file>rts430x_lc_sd_eabi.lib</file>
         <name>boot.obj</name>
      </input_file>
      <input_file id="fl-36">
         <path>C:\ti\ccsv5\tools\compiler\msp430_4.2.4\lib\</path>
         <kind>archive</kind>
         <file>rts430x_lc_sd_eabi.lib</file>
         <name>copy_decompress_none.obj</name>
      </input_file>
      <input_file id="fl-37">
         <path>C:\ti\ccsv5\tools\compiler\msp430_4.2.4\lib\</path>
         <kind>archive</kind>
         <file>rts430x_lc_sd_eabi.lib</file>
         <name>copy_decompress_rle.obj</name>
      </input_file>
      <input_file id="fl-38">
         <path>C:\ti\ccsv5\tools\compiler\msp430_4.2.4\lib\</path>
         <kind>archive</kind>
         <file>rts430x_lc_sd_eabi.lib</file>
         <name>copy_zero_init.obj</name>
      </input_file>
      <input_file id="fl-39">
         <path>C:\ti\ccsv5\tools\compiler\msp430_4.2.4\lib\</path>
         <kind>archive</kind>
         <file>rts430x_lc_sd_eabi.lib</file>
         <name>cpy_util.obj</name>
      </input_file>
      <input_file id="fl-3a">
         <path>C:\ti\ccsv5\tools\compiler\msp430_4.2.4\lib\</path>
         <kind>archive</kind>
         <file>rts430x_lc_sd_eabi.lib</file>
         <name>div16s.obj</name>
      </input_file>
      <input_file id="fl-3b">
         <path>C:\ti\ccsv5\tools\compiler\msp430_4.2.4\lib\</path>
         <kind>archive</kind>
         <file>rts430x_lc_sd_eabi.lib</file>
         <name>div16u.obj</name>
      </input_file>
      <input_file id="fl-3c">
         <path>C:\ti\ccsv5\tools\compiler\msp430_4.2.4\lib\</path>
         <kind>archive</kind>
         <file>rts430x_lc_sd_eabi.lib</file>
         <name>exit.obj</name>
      </input_file>
      <input_file id="fl-3d">
         <path>C:\ti\ccsv5\tools\compiler\msp430_4.2.4\lib\</path>
         <kind>archive</kind>
         <file>rts430x_lc_sd_eabi.lib</file>
         <name>int27.obj</name>
      </input_file>
      <input_file id="fl-3e">
         <path>C:\ti\ccsv5\tools\compiler\msp430_4.2.4\lib\</path>
         <kind>archive</kind>
         <file>rts430x_lc_sd_eabi.lib</file>
         <name>int28.obj</name>
      </input_file>
      <input_file id="fl-3f">
         <path>C:\ti\ccsv5\tools\compiler\msp430_4.2.4\lib\</path>
         <kind>archive</kind>
         <file>rts430x_lc_sd_eabi.lib</file>
         <name>int29.obj</name>
      </input_file>
      <input_file id="fl-40">
         <path>C:\ti\ccsv5\tools\compiler\msp430_4.2.4\lib\</path>
         <kind>archive</kind>
         <file>rts430x_lc_sd_eabi.lib</file>
         <name>int30.obj</name>
      </input_file>
      <input_file id="fl-41">
         <path>C:\ti\ccsv5\tools\compiler\msp430_4.2.4\lib\</path>
         <kind>archive</kind>
         <file>rts430x_lc_sd_eabi.lib</file>
         <name>int31.obj</name>
      </input_file>
      <input_file id="fl-42">
         <path>C:\ti\ccsv5\tools\compiler\msp430_4.2.4\lib\</path>
         <kind>archive</kind>
         <file>rts430x_lc_sd_eabi.lib</file>
         <name>int32.obj</name>
      </input_file>
      <input_file id="fl-43">
         <path>C:\ti\ccsv5\tools\compiler\msp430_4.2.4\lib\</path>
         <kind>archive</kind>
         <file>rts430x_lc_sd_eabi.lib</file>
         <name>int33.obj</name>
      </input_file>
      <input_file id="fl-44">
         <path>C:\ti\ccsv5\tools\compiler\msp430_4.2.4\lib\</path>
         <kind>archive</kind>
         <file>rts430x_lc_sd_eabi.lib</file>
         <name>int34.obj</name>
      </input_file>
      <input_file id="fl-45">
         <path>C:\ti\ccsv5\tools\compiler\msp430_4.2.4\lib\</path>
         <kind>archive</kind>
         <file>rts430x_lc_sd_eabi.lib</file>
         <name>int35.obj</name>
      </input_file>
      <input_file id="fl-46">
         <path>C:\ti\ccsv5\tools\compiler\msp430_4.2.4\lib\</path>
         <kind>archive</kind>
         <file>rts430x_lc_sd_eabi.lib</file>
         <name>int36.obj</name>
      </input_file>
      <input_file id="fl-47">
         <path>C:\ti\ccsv5\tools\compiler\msp430_4.2.4\lib\</path>
         <kind>archive</kind>
         <file>rts430x_lc_sd_eabi.lib</file>
         <name>int38.obj</name>
      </input_file>
      <input_file id="fl-48">
         <path>C:\ti\ccsv5\tools\compiler\msp430_4.2.4\lib\</path>
         <kind>archive</kind>
         <file>rts430x_lc_sd_eabi.lib</file>
         <name>int40.obj</name>
      </input_file>
      <input_file id="fl-49">
         <path>C:\ti\ccsv5\tools\compiler\msp430_4.2.4\lib\</path>
         <kind>archive</kind>
         <file>rts430x_lc_sd_eabi.lib</file>
         <name>int41.obj</name>
      </input_file>
      <input_file id="fl-4a">
         <path>C:\ti\ccsv5\tools\compiler\msp430_4.2.4\lib\</path>
         <kind>archive</kind>
         <file>rts430x_lc_sd_eabi.lib</file>
         <name>int42.obj</name>
      </input_file>
      <input_file id="fl-4b">
         <path>C:\ti\ccsv5\tools\compiler\msp430_4.2.4\lib\</path>
         <kind>archive</kind>
         <file>rts430x_lc_sd_eabi.lib</file>
         <name>int43.obj</name>
      </input_file>
      <input_file id="fl-4c">
         <path>C:\ti\ccsv5\tools\compiler\msp430_4.2.4\lib\</path>
         <kind>archive</kind>
         <file>rts430x_lc_sd_eabi.lib</file>
         <name>int45.obj</name>
      </input_file>
      <input_file id="fl-4d">
         <path>C:\ti\ccsv5\tools\compiler\msp430_4.2.4\lib\</path>
         <kind>archive</kind>
         <file>rts430x_lc_sd_eabi.lib</file>
         <name>int47.obj</name>
      </input_file>
      <input_file id="fl-4e">
         <path>C:\ti\ccsv5\tools\compiler\msp430_4.2.4\lib\</path>
         <kind>archive</kind>
         <file>rts430x_lc_sd_eabi.lib</file>
         <name>int49.obj</name>
      </input_file>
      <input_file id="fl-4f">
         <path>C:\ti\ccsv5\tools\compiler\msp430_4.2.4\lib\</path>
         <kind>archive</kind>
         <file>rts430x_lc_sd_eabi.lib</file>
         <name>int50.obj</name>
      </input_file>
      <input_file id="fl-50">
         <path>C:\ti\ccsv5\tools\compiler\msp430_4.2.4\lib\</path>
         <kind>archive</kind>
         <file>rts430x_lc_sd_eabi.lib</file>
         <name>int51.obj</name>
      </input_file>
      <input_file id="fl-51">
         <path>C:\ti\ccsv5\tools\compiler\msp430_4.2.4\lib\</path>
         <kind>archive</kind>
         <file>rts430x_lc_sd_eabi.lib</file>
         <name>int52.obj</name>
      </input_file>
      <input_file id="fl-52">
         <path>C:\ti\ccsv5\tools\compiler\msp430_4.2.4\lib\</path>
         <kind>archive</kind>
         <file>rts430x_lc_sd_eabi.lib</file>
         <name>int53.obj</name>
      </input_file>
      <input_file id="fl-53">
         <path>C:\ti\ccsv5\tools\compiler\msp430_4.2.4\lib\</path>
         <kind>archive</kind>
         <file>rts430x_lc_sd_eabi.lib</file>
         <name>int54.obj</name>
      </input_file>
      <input_file id="fl-54">
         <path>C:\ti\ccsv5\tools\compiler\msp430_4.2.4\lib\</path>
         <kind>archive</kind>
         <file>rts430x_lc_sd_eabi.lib</file>
         <name>isr_trap.obj</name>
      </input_file>
      <input_file id="fl-55">
         <path>C:\ti\ccsv5\tools\compiler\msp430_4.2.4\lib\</path>
         <kind>archive</kind>
         <file>rts430x_lc_sd_eabi.lib</file>
         <name>pre_init.obj</name>
      </input_file>
      <input_file id="fl-56">
         <path>C:\ti\ccsv5\tools\compiler\msp430_4.2.4\lib\</path>
         <kind>archive</kind>
         <file>rts430x_lc_sd_eabi.lib</file>
         <name>_lock.obj</name>
      </input_file>
      <input_file id="fl-57">
         <path>C:\ti\ccsv5\tools\compiler\msp430_4.2.4\lib\</path>
         <kind>archive</kind>
         <file>rts430x_lc_sd_eabi.lib</file>
         <name>args_main.obj</name>
      </input_file>
      <input_file id="fl-58">
         <path>C:\ti\ccsv5\tools\compiler\msp430_4.2.4\lib\</path>
         <kind>archive</kind>
         <file>rts430x_lc_sd_eabi.lib</file>
         <name>autoinit.obj</name>
      </input_file>
   </input_file_list>
   <object_component_list>
      <object_component id="oc-2d8">
         <name>__TI_handler_table</name>
         <load_address>0x4400</load_address>
         <run_address>0x4400</run_address>
         <size>0xc</size>
      </object_component>
      <object_component id="oc-2db">
         <name>.cinit..data.load</name>
         <load_address>0x440c</load_address>
         <run_address>0x440c</run_address>
         <size>0x9</size>
      </object_component>
      <object_component id="oc-2da">
         <name>.cinit..bss.load</name>
         <load_address>0x4416</load_address>
         <run_address>0x4416</run_address>
         <size>0x6</size>
      </object_component>
      <object_component id="oc-2d9">
         <name>__TI_cinit_table</name>
         <load_address>0x441c</load_address>
         <run_address>0x441c</run_address>
         <size>0x10</size>
      </object_component>
      <object_component id="oc-1d2">
         <name>.const:.string:Table</name>
         <load_address>0x442c</load_address>
         <run_address>0x442c</run_address>
         <size>0x10</size>
         <input_file_ref idref="fl-3"/>
      </object_component>
      <object_component id="oc-19e">
         <name>.const:.string:lcd_num</name>
         <load_address>0x443c</load_address>
         <run_address>0x443c</run_address>
         <size>0xa</size>
         <input_file_ref idref="fl-4"/>
      </object_component>
      <object_component id="oc-1a1">
         <name>.const:.string:lcd_small_num</name>
         <load_address>0x4446</load_address>
         <run_address>0x4446</run_address>
         <size>0xa</size>
         <input_file_ref idref="fl-4"/>
      </object_component>
      <object_component id="oc-179">
         <name>.text:ReCalScanIF</name>
         <load_address>0x4800</load_address>
         <run_address>0x4800</run_address>
         <size>0x234</size>
         <input_file_ref idref="fl-3"/>
      </object_component>
      <object_component id="oc-1d5">
         <name>.text:TSM_Auto_cal</name>
         <load_address>0x4a34</load_address>
         <run_address>0x4a34</run_address>
         <size>0x21a</size>
         <input_file_ref idref="fl-3"/>
      </object_component>
      <object_component id="oc-c7">
         <name>.text:_isr:ISR_ESCAN_IF</name>
         <load_address>0x4c4e</load_address>
         <run_address>0x4c4e</run_address>
         <size>0x1b4</size>
         <input_file_ref idref="fl-2"/>
      </object_component>
      <object_component id="oc-d9">
         <name>.text:main</name>
         <load_address>0x4e02</load_address>
         <run_address>0x4e02</run_address>
         <size>0x160</size>
         <input_file_ref idref="fl-2"/>
      </object_component>
      <object_component id="oc-16a">
         <name>.text:InitScanIF</name>
         <load_address>0x4f62</load_address>
         <run_address>0x4f62</run_address>
         <size>0x142</size>
         <input_file_ref idref="fl-3"/>
      </object_component>
      <object_component id="oc-1e1">
         <name>.text:Set_DAC</name>
         <load_address>0x50a4</load_address>
         <run_address>0x50a4</run_address>
         <size>0x102</size>
         <input_file_ref idref="fl-3"/>
      </object_component>
      <object_component id="oc-139">
         <name>.text:lcd_display_num</name>
         <load_address>0x51a6</load_address>
         <run_address>0x51a6</run_address>
         <size>0xee</size>
         <input_file_ref idref="fl-4"/>
      </object_component>
      <object_component id="oc-f9">
         <name>.text:__TI_decompress_rle_core</name>
         <load_address>0x5294</load_address>
         <run_address>0x5294</run_address>
         <size>0xd8</size>
         <input_file_ref idref="fl-37"/>
      </object_component>
      <object_component id="oc-236">
         <name>.text:FindDAC_Fast_Range</name>
         <load_address>0x536c</load_address>
         <run_address>0x536c</run_address>
         <size>0xca</size>
         <input_file_ref idref="fl-3"/>
      </object_component>
      <object_component id="oc-1db">
         <name>.text:Find_Noise_level</name>
         <load_address>0x5436</load_address>
         <run_address>0x5436</run_address>
         <size>0x8c</size>
         <input_file_ref idref="fl-3"/>
      </object_component>
      <object_component id="oc-151">
         <name>.text:Port_Init</name>
         <load_address>0x54c2</load_address>
         <run_address>0x54c2</run_address>
         <size>0x84</size>
         <input_file_ref idref="fl-2"/>
      </object_component>
      <object_component id="oc-d3">
         <name>.text:_auto_init_hold_wdt</name>
         <load_address>0x5546</load_address>
         <run_address>0x5546</run_address>
         <size>0x84</size>
         <input_file_ref idref="fl-58"/>
      </object_component>
      <object_component id="oc-251">
         <name>.text:FindDAC_Fast_Successive</name>
         <load_address>0x55ca</load_address>
         <run_address>0x55ca</run_address>
         <size>0x7c</size>
         <input_file_ref idref="fl-3"/>
      </object_component>
      <object_component id="oc-22b">
         <name>.text:FindDAC</name>
         <load_address>0x5646</load_address>
         <run_address>0x5646</run_address>
         <size>0x7a</size>
         <input_file_ref idref="fl-3"/>
      </object_component>
      <object_component id="oc-164">
         <name>.text:EsioscInit</name>
         <load_address>0x56c0</load_address>
         <run_address>0x56c0</run_address>
         <size>0x70</size>
         <input_file_ref idref="fl-6"/>
      </object_component>
      <object_component id="oc-1ee">
         <name>.text:AFE2_FindDAC_Fast_Successive</name>
         <load_address>0x5730</load_address>
         <run_address>0x5730</run_address>
         <size>0x6c</size>
         <input_file_ref idref="fl-3"/>
      </object_component>
      <object_component id="oc-c1">
         <name>.text:_isr:USCI_B0_ISR</name>
         <load_address>0x579c</load_address>
         <run_address>0x579c</run_address>
         <size>0x62</size>
         <input_file_ref idref="fl-5"/>
      </object_component>
      <object_component id="oc-e6">
         <name>.text:__memcpy_far</name>
         <load_address>0x57fe</load_address>
         <run_address>0x57fe</run_address>
         <size>0x40</size>
         <input_file_ref idref="fl-39"/>
      </object_component>
      <object_component id="oc-9a">
         <name>.text:decompress:ZI:__TI_zero_init</name>
         <load_address>0x583e</load_address>
         <run_address>0x583e</run_address>
         <size>0x3e</size>
         <input_file_ref idref="fl-38"/>
      </object_component>
      <object_component id="oc-94">
         <name>.text:decompress:none:__TI_decompress_none</name>
         <load_address>0x587c</load_address>
         <run_address>0x587c</run_address>
         <size>0x3c</size>
         <input_file_ref idref="fl-36"/>
      </object_component>
      <object_component id="oc-112">
         <name>.text:Set_IIC</name>
         <load_address>0x58b8</load_address>
         <run_address>0x58b8</run_address>
         <size>0x38</size>
         <input_file_ref idref="fl-5"/>
      </object_component>
      <object_component id="oc-af">
         <name>.text:_isr:PORT1_ISR</name>
         <load_address>0x58f0</load_address>
         <run_address>0x58f0</run_address>
         <size>0x38</size>
         <input_file_ref idref="fl-2"/>
      </object_component>
      <object_component id="oc-131">
         <name>.text:IIC_RX</name>
         <load_address>0x5928</load_address>
         <run_address>0x5928</run_address>
         <size>0x32</size>
         <input_file_ref idref="fl-5"/>
      </object_component>
      <object_component id="oc-144">
         <name>.text:IIC_TX</name>
         <load_address>0x595a</load_address>
         <run_address>0x595a</run_address>
         <size>0x32</size>
         <input_file_ref idref="fl-5"/>
      </object_component>
      <object_component id="oc-157">
         <name>.text:Set_Clock</name>
         <load_address>0x598c</load_address>
         <run_address>0x598c</run_address>
         <size>0x32</size>
         <input_file_ref idref="fl-2"/>
      </object_component>
      <object_component id="oc-15d">
         <name>.text:init_LCD</name>
         <load_address>0x59be</load_address>
         <run_address>0x59be</run_address>
         <size>0x2e</size>
         <input_file_ref idref="fl-4"/>
      </object_component>
      <object_component id="oc-13f">
         <name>.text</name>
         <load_address>0x59ec</load_address>
         <run_address>0x59ec</run_address>
         <size>0x2c</size>
         <input_file_ref idref="fl-3a"/>
      </object_component>
      <object_component id="oc-1b9">
         <name>.text:MeasureEsiosc_Oversampling</name>
         <load_address>0x5a18</load_address>
         <run_address>0x5a18</run_address>
         <size>0x28</size>
         <input_file_ref idref="fl-6"/>
      </object_component>
      <object_component id="oc-bb">
         <name>.text:_isr:Timer_A</name>
         <load_address>0x5a40</load_address>
         <run_address>0x5a40</run_address>
         <size>0x28</size>
         <input_file_ref idref="fl-2"/>
      </object_component>
      <object_component id="oc-21f">
         <name>.text:EsioscMeasure</name>
         <load_address>0x5a68</load_address>
         <run_address>0x5a68</run_address>
         <size>0x1a</size>
         <input_file_ref idref="fl-6"/>
      </object_component>
      <object_component id="oc-89">
         <name>.text:_isr:_c_int00_noexit</name>
         <load_address>0x5a82</load_address>
         <run_address>0x5a82</run_address>
         <size>0x1a</size>
         <input_file_ref idref="fl-35"/>
      </object_component>
      <object_component id="oc-b5">
         <name>.text:_isr:Timer1_A</name>
         <load_address>0x5a9c</load_address>
         <run_address>0x5a9c</run_address>
         <size>0x16</size>
         <input_file_ref idref="fl-2"/>
      </object_component>
      <object_component id="oc-1a6">
         <name>.text</name>
         <load_address>0x5ab2</load_address>
         <run_address>0x5ab2</run_address>
         <size>0x16</size>
         <input_file_ref idref="fl-3b"/>
      </object_component>
      <object_component id="oc-1c5">
         <name>.text:setESICLKFQ</name>
         <load_address>0x5ac8</load_address>
         <run_address>0x5ac8</run_address>
         <size>0x16</size>
         <input_file_ref idref="fl-6"/>
      </object_component>
      <object_component id="oc-18c">
         <name>.text:Set_IIC_Timeout</name>
         <load_address>0x5ade</load_address>
         <run_address>0x5ade</run_address>
         <size>0x14</size>
         <input_file_ref idref="fl-5"/>
      </object_component>
      <object_component id="oc-170">
         <name>.text:Set_Timer_A</name>
         <load_address>0x5af2</load_address>
         <run_address>0x5af2</run_address>
         <size>0x14</size>
         <input_file_ref idref="fl-2"/>
      </object_component>
      <object_component id="oc-1bf">
         <name>.text:getESICLKFQ</name>
         <load_address>0x5b06</load_address>
         <run_address>0x5b06</run_address>
         <size>0x10</size>
         <input_file_ref idref="fl-6"/>
      </object_component>
      <object_component id="oc-a0">
         <name>.text:decompress:rle24:__TI_decompress_rle24</name>
         <load_address>0x5b16</load_address>
         <run_address>0x5b16</run_address>
         <size>0xe</size>
         <input_file_ref idref="fl-37"/>
      </object_component>
      <object_component id="oc-1cb">
         <name>.text:abs</name>
         <load_address>0x5b24</load_address>
         <run_address>0x5b24</run_address>
         <size>0xa</size>
         <input_file_ref idref="fl-34"/>
      </object_component>
      <object_component id="oc-aa">
         <name>.text:__TI_ISR_TRAP</name>
         <load_address>0x5b2e</load_address>
         <run_address>0x5b2e</run_address>
         <size>0x6</size>
         <input_file_ref idref="fl-54"/>
      </object_component>
      <object_component id="oc-cd">
         <name>.text:_system_pre_init</name>
         <load_address>0x5b34</load_address>
         <run_address>0x5b34</run_address>
         <size>0x4</size>
         <input_file_ref idref="fl-55"/>
      </object_component>
      <object_component id="oc-df">
         <name>.text:abort</name>
         <load_address>0x5b38</load_address>
         <run_address>0x5b38</run_address>
         <size>0x4</size>
         <input_file_ref idref="fl-3c"/>
      </object_component>
      <object_component id="oc-a6">
         <name>.stack</name>
         <uninitialized>true</uninitialized>
         <run_address>0x2360</run_address>
         <size>0x2</size>
         <input_file_ref idref="fl-35"/>
      </object_component>
      <object_component id="oc-2dc">
         <name>.stack</name>
         <uninitialized>true</uninitialized>
         <run_address>0x2360</run_address>
         <size>0x0</size>
      </object_component>
      <object_component id="oc-72">
         <name>.int27</name>
         <load_address>0xffc6</load_address>
         <run_address>0xffc6</run_address>
         <size>0x2</size>
         <input_file_ref idref="fl-3d"/>
      </object_component>
      <object_component id="oc-73">
         <name>.int28</name>
         <load_address>0xffc8</load_address>
         <run_address>0xffc8</run_address>
         <size>0x2</size>
         <input_file_ref idref="fl-3e"/>
      </object_component>
      <object_component id="oc-74">
         <name>.int29</name>
         <load_address>0xffca</load_address>
         <run_address>0xffca</run_address>
         <size>0x2</size>
         <input_file_ref idref="fl-3f"/>
      </object_component>
      <object_component id="oc-75">
         <name>.int30</name>
         <load_address>0xffcc</load_address>
         <run_address>0xffcc</run_address>
         <size>0x2</size>
         <input_file_ref idref="fl-40"/>
      </object_component>
      <object_component id="oc-76">
         <name>.int31</name>
         <load_address>0xffce</load_address>
         <run_address>0xffce</run_address>
         <size>0x2</size>
         <input_file_ref idref="fl-41"/>
      </object_component>
      <object_component id="oc-77">
         <name>.int32</name>
         <load_address>0xffd0</load_address>
         <run_address>0xffd0</run_address>
         <size>0x2</size>
         <input_file_ref idref="fl-42"/>
      </object_component>
      <object_component id="oc-78">
         <name>.int33</name>
         <load_address>0xffd2</load_address>
         <run_address>0xffd2</run_address>
         <size>0x2</size>
         <input_file_ref idref="fl-43"/>
      </object_component>
      <object_component id="oc-79">
         <name>.int34</name>
         <load_address>0xffd4</load_address>
         <run_address>0xffd4</run_address>
         <size>0x2</size>
         <input_file_ref idref="fl-44"/>
      </object_component>
      <object_component id="oc-7a">
         <name>.int35</name>
         <load_address>0xffd6</load_address>
         <run_address>0xffd6</run_address>
         <size>0x2</size>
         <input_file_ref idref="fl-45"/>
      </object_component>
      <object_component id="oc-7b">
         <name>.int36</name>
         <load_address>0xffd8</load_address>
         <run_address>0xffd8</run_address>
         <size>0x2</size>
         <input_file_ref idref="fl-46"/>
      </object_component>
      <object_component id="oc-7c">
         <name>.int37</name>
         <load_address>0xffda</load_address>
         <run_address>0xffda</run_address>
         <size>0x2</size>
         <input_file_ref idref="fl-2"/>
      </object_component>
      <object_component id="oc-7d">
         <name>.int38</name>
         <load_address>0xffdc</load_address>
         <run_address>0xffdc</run_address>
         <size>0x2</size>
         <input_file_ref idref="fl-47"/>
      </object_component>
      <object_component id="oc-7e">
         <name>.int39</name>
         <load_address>0xffde</load_address>
         <run_address>0xffde</run_address>
         <size>0x2</size>
         <input_file_ref idref="fl-2"/>
      </object_component>
      <object_component id="oc-7f">
         <name>.int40</name>
         <load_address>0xffe0</load_address>
         <run_address>0xffe0</run_address>
         <size>0x2</size>
         <input_file_ref idref="fl-48"/>
      </object_component>
      <object_component id="oc-80">
         <name>.int41</name>
         <load_address>0xffe2</load_address>
         <run_address>0xffe2</run_address>
         <size>0x2</size>
         <input_file_ref idref="fl-49"/>
      </object_component>
      <object_component id="oc-81">
         <name>.int42</name>
         <load_address>0xffe4</load_address>
         <run_address>0xffe4</run_address>
         <size>0x2</size>
         <input_file_ref idref="fl-4a"/>
      </object_component>
      <object_component id="oc-82">
         <name>.int43</name>
         <load_address>0xffe6</load_address>
         <run_address>0xffe6</run_address>
         <size>0x2</size>
         <input_file_ref idref="fl-4b"/>
      </object_component>
      <object_component id="oc-83">
         <name>.int44</name>
         <load_address>0xffe8</load_address>
         <run_address>0xffe8</run_address>
         <size>0x2</size>
         <input_file_ref idref="fl-2"/>
      </object_component>
      <object_component id="oc-84">
         <name>.int45</name>
         <load_address>0xffea</load_address>
         <run_address>0xffea</run_address>
         <size>0x2</size>
         <input_file_ref idref="fl-4c"/>
      </object_component>
      <object_component id="oc-85">
         <name>.int46</name>
         <load_address>0xffec</load_address>
         <run_address>0xffec</run_address>
         <size>0x2</size>
         <input_file_ref idref="fl-5"/>
      </object_component>
      <object_component id="oc-86">
         <name>.int47</name>
         <load_address>0xffee</load_address>
         <run_address>0xffee</run_address>
         <size>0x2</size>
         <input_file_ref idref="fl-4d"/>
      </object_component>
      <object_component id="oc-87">
         <name>.int48</name>
         <load_address>0xfff0</load_address>
         <run_address>0xfff0</run_address>
         <size>0x2</size>
         <input_file_ref idref="fl-2"/>
      </object_component>
      <object_component id="oc-88">
         <name>.int49</name>
         <load_address>0xfff2</load_address>
         <run_address>0xfff2</run_address>
         <size>0x2</size>
         <input_file_ref idref="fl-4e"/>
      </object_component>
      <object_component id="oc-8f">
         <name>.int50</name>
         <load_address>0xfff4</load_address>
         <run_address>0xfff4</run_address>
         <size>0x2</size>
         <input_file_ref idref="fl-4f"/>
      </object_component>
      <object_component id="oc-90">
         <name>.int51</name>
         <load_address>0xfff6</load_address>
         <run_address>0xfff6</run_address>
         <size>0x2</size>
         <input_file_ref idref="fl-50"/>
      </object_component>
      <object_component id="oc-91">
         <name>.int52</name>
         <load_address>0xfff8</load_address>
         <run_address>0xfff8</run_address>
         <size>0x2</size>
         <input_file_ref idref="fl-51"/>
      </object_component>
      <object_component id="oc-92">
         <name>.int53</name>
         <load_address>0xfffa</load_address>
         <run_address>0xfffa</run_address>
         <size>0x2</size>
         <input_file_ref idref="fl-52"/>
      </object_component>
      <object_component id="oc-93">
         <name>.int54</name>
         <load_address>0xfffc</load_address>
         <run_address>0xfffc</run_address>
         <size>0x2</size>
         <input_file_ref idref="fl-53"/>
      </object_component>
      <object_component id="oc-a9">
         <name>.reset</name>
         <load_address>0xfffe</load_address>
         <run_address>0xfffe</run_address>
         <size>0x2</size>
         <input_file_ref idref="fl-35"/>
      </object_component>
      <object_component id="oc-14b">
         <name>.common:Master_RXData</name>
         <uninitialized>true</uninitialized>
         <run_address>0x1c00</run_address>
         <size>0x6</size>
      </object_component>
      <object_component id="oc-1fd">
         <name>.common:ReCal_Flag</name>
         <uninitialized>true</uninitialized>
         <run_address>0x1c2d</run_address>
         <size>0x1</size>
      </object_component>
      <object_component id="oc-26b">
         <name>.common:AFE1_base0</name>
         <uninitialized>true</uninitialized>
         <run_address>0x1c0c</run_address>
         <size>0x2</size>
      </object_component>
      <object_component id="oc-26c">
         <name>.common:AFE1_base1</name>
         <uninitialized>true</uninitialized>
         <run_address>0x1c0e</run_address>
         <size>0x2</size>
      </object_component>
      <object_component id="oc-208">
         <name>.common:AFE2_base0</name>
         <uninitialized>true</uninitialized>
         <run_address>0x1c10</run_address>
         <size>0x2</size>
      </object_component>
      <object_component id="oc-20f">
         <name>.common:AFE2_base1</name>
         <uninitialized>true</uninitialized>
         <run_address>0x1c16</run_address>
         <size>0x2</size>
      </object_component>
      <object_component id="oc-203">
         <name>.common:AFE2_base0_Max</name>
         <uninitialized>true</uninitialized>
         <run_address>0x1c12</run_address>
         <size>0x2</size>
      </object_component>
      <object_component id="oc-202">
         <name>.common:AFE2_base0_Min</name>
         <uninitialized>true</uninitialized>
         <run_address>0x1c14</run_address>
         <size>0x2</size>
      </object_component>
      <object_component id="oc-206">
         <name>.common:AFE2_base1_Max</name>
         <uninitialized>true</uninitialized>
         <run_address>0x1c18</run_address>
         <size>0x2</size>
      </object_component>
      <object_component id="oc-205">
         <name>.common:AFE2_base1_Min</name>
         <uninitialized>true</uninitialized>
         <run_address>0x1c1a</run_address>
         <size>0x2</size>
      </object_component>
      <object_component id="oc-215">
         <name>.common:New_level</name>
         <uninitialized>true</uninitialized>
         <run_address>0x1c26</run_address>
         <size>0x2</size>
      </object_component>
      <object_component id="oc-213">
         <name>.common:Delta</name>
         <uninitialized>true</uninitialized>
         <run_address>0x1c1c</run_address>
         <size>0x2</size>
      </object_component>
      <object_component id="oc-266">
         <name>.common:Threshold_h1</name>
         <uninitialized>true</uninitialized>
         <run_address>0x1c2a</run_address>
         <size>0x2</size>
      </object_component>
      <object_component id="oc-265">
         <name>.common:Threshold_h0</name>
         <uninitialized>true</uninitialized>
         <run_address>0x1c28</run_address>
         <size>0x2</size>
      </object_component>
      <object_component id="oc-268">
         <name>.common:Max_DAC_Ch0</name>
         <uninitialized>true</uninitialized>
         <run_address>0x1c1e</run_address>
         <size>0x2</size>
      </object_component>
      <object_component id="oc-26a">
         <name>.common:Max_DAC_Ch1</name>
         <uninitialized>true</uninitialized>
         <run_address>0x1c20</run_address>
         <size>0x2</size>
      </object_component>
      <object_component id="oc-267">
         <name>.common:Min_DAC_Ch0</name>
         <uninitialized>true</uninitialized>
         <run_address>0x1c22</run_address>
         <size>0x2</size>
      </object_component>
      <object_component id="oc-269">
         <name>.common:Min_DAC_Ch1</name>
         <uninitialized>true</uninitialized>
         <run_address>0x1c24</run_address>
         <size>0x2</size>
      </object_component>
      <object_component id="oc-1ad">
         <name>.common:TXData</name>
         <uninitialized>true</uninitialized>
         <run_address>0x1c06</run_address>
         <size>0x6</size>
      </object_component>
      <object_component id="oc-1ac">
         <name>.common:TXByteCtr</name>
         <uninitialized>true</uninitialized>
         <run_address>0x1c2e</run_address>
         <size>0x1</size>
      </object_component>
      <object_component id="oc-19c">
         <name>.common:RXByteCtr</name>
         <uninitialized>true</uninitialized>
         <run_address>0x1c2c</run_address>
         <size>0x1</size>
      </object_component>
      <object_component id="oc-10e">
         <name>.data</name>
         <load_address>0x1c30</load_address>
         <run_address>0x1c30</run_address>
         <size>0xe</size>
         <input_file_ref idref="fl-2"/>
      </object_component>
      <object_component id="oc-12d">
         <name>.data</name>
         <load_address>0x1c3e</load_address>
         <run_address>0x1c3e</run_address>
         <size>0xa</size>
         <input_file_ref idref="fl-3"/>
      </object_component>
      <object_component id="oc-8a">
         <name>.debug_info</name>
         <load_address>0x0</load_address>
         <run_address>0x0</run_address>
         <size>0x125</size>
         <input_file_ref idref="fl-35"/>
      </object_component>
      <object_component id="oc-95">
         <name>.debug_info</name>
         <load_address>0x125</load_address>
         <run_address>0x125</run_address>
         <size>0x1b4</size>
         <input_file_ref idref="fl-36"/>
      </object_component>
      <object_component id="oc-9b">
         <name>.debug_info</name>
         <load_address>0x2d9</load_address>
         <run_address>0x2d9</run_address>
         <size>0x183</size>
         <input_file_ref idref="fl-38"/>
      </object_component>
      <object_component id="oc-a1">
         <name>.debug_info</name>
         <load_address>0x45c</load_address>
         <run_address>0x45c</run_address>
         <size>0x1a7</size>
         <input_file_ref idref="fl-37"/>
      </object_component>
      <object_component id="oc-a7">
         <name>.debug_info</name>
         <load_address>0x603</load_address>
         <run_address>0x603</run_address>
         <size>0xaa</size>
         <input_file_ref idref="fl-35"/>
      </object_component>
      <object_component id="oc-ab">
         <name>.debug_info</name>
         <load_address>0x6ad</load_address>
         <run_address>0x6ad</run_address>
         <size>0xc2</size>
         <input_file_ref idref="fl-54"/>
      </object_component>
      <object_component id="oc-b0">
         <name>.debug_info</name>
         <load_address>0x76f</load_address>
         <run_address>0x76f</run_address>
         <size>0x125</size>
         <input_file_ref idref="fl-2"/>
      </object_component>
      <object_component id="oc-b6">
         <name>.debug_info</name>
         <load_address>0x894</load_address>
         <run_address>0x894</run_address>
         <size>0x131</size>
         <input_file_ref idref="fl-2"/>
      </object_component>
      <object_component id="oc-bc">
         <name>.debug_info</name>
         <load_address>0x9c5</load_address>
         <run_address>0x9c5</run_address>
         <size>0x121</size>
         <input_file_ref idref="fl-2"/>
      </object_component>
      <object_component id="oc-c2">
         <name>.debug_info</name>
         <load_address>0xae6</load_address>
         <run_address>0xae6</run_address>
         <size>0x13f</size>
         <input_file_ref idref="fl-5"/>
      </object_component>
      <object_component id="oc-c8">
         <name>.debug_info</name>
         <load_address>0xc25</load_address>
         <run_address>0xc25</run_address>
         <size>0x1fa</size>
         <input_file_ref idref="fl-2"/>
      </object_component>
      <object_component id="oc-d1">
         <name>.debug_info</name>
         <load_address>0xe1f</load_address>
         <run_address>0xe1f</run_address>
         <size>0xfd</size>
         <input_file_ref idref="fl-55"/>
      </object_component>
      <object_component id="oc-d4">
         <name>.debug_info</name>
         <load_address>0xf1c</load_address>
         <run_address>0xf1c</run_address>
         <size>0x1a4</size>
         <input_file_ref idref="fl-58"/>
      </object_component>
      <object_component id="oc-da">
         <name>.debug_info</name>
         <load_address>0x10c0</load_address>
         <run_address>0x10c0</run_address>
         <size>0x221</size>
         <input_file_ref idref="fl-2"/>
      </object_component>
      <object_component id="oc-e0">
         <name>.debug_info</name>
         <load_address>0x12e1</load_address>
         <run_address>0x12e1</run_address>
         <size>0xcc</size>
         <input_file_ref idref="fl-3c"/>
      </object_component>
      <object_component id="oc-e7">
         <name>.debug_info</name>
         <load_address>0x13ad</load_address>
         <run_address>0x13ad</run_address>
         <size>0xcd</size>
         <input_file_ref idref="fl-39"/>
      </object_component>
      <object_component id="oc-ec">
         <name>.debug_info</name>
         <load_address>0x147a</load_address>
         <run_address>0x147a</run_address>
         <size>0x46</size>
         <input_file_ref idref="fl-36"/>
      </object_component>
      <object_component id="oc-f1">
         <name>.debug_info</name>
         <load_address>0x14c0</load_address>
         <run_address>0x14c0</run_address>
         <size>0x184</size>
         <input_file_ref idref="fl-36"/>
      </object_component>
      <object_component id="oc-f3">
         <name>.debug_info</name>
         <load_address>0x1644</load_address>
         <run_address>0x1644</run_address>
         <size>0x46</size>
         <input_file_ref idref="fl-38"/>
      </object_component>
      <object_component id="oc-f8">
         <name>.debug_info</name>
         <load_address>0x168a</load_address>
         <run_address>0x168a</run_address>
         <size>0x17f</size>
         <input_file_ref idref="fl-38"/>
      </object_component>
      <object_component id="oc-fa">
         <name>.debug_info</name>
         <load_address>0x1809</load_address>
         <run_address>0x1809</run_address>
         <size>0x266</size>
         <input_file_ref idref="fl-37"/>
      </object_component>
      <object_component id="oc-100">
         <name>.debug_info</name>
         <load_address>0x1a6f</load_address>
         <run_address>0x1a6f</run_address>
         <size>0x189</size>
         <input_file_ref idref="fl-37"/>
      </object_component>
      <object_component id="oc-101">
         <name>.debug_info</name>
         <load_address>0x1bf8</load_address>
         <run_address>0x1bf8</run_address>
         <size>0x39</size>
         <input_file_ref idref="fl-37"/>
      </object_component>
      <object_component id="oc-108">
         <name>.debug_info</name>
         <load_address>0x1c31</load_address>
         <run_address>0x1c31</run_address>
         <size>0x84</size>
         <input_file_ref idref="fl-2"/>
      </object_component>
      <object_component id="oc-10f">
         <name>.debug_info</name>
         <load_address>0x1cb5</load_address>
         <run_address>0x1cb5</run_address>
         <size>0x1f3</size>
         <input_file_ref idref="fl-2"/>
      </object_component>
      <object_component id="oc-113">
         <name>.debug_info</name>
         <load_address>0x1ea8</load_address>
         <run_address>0x1ea8</run_address>
         <size>0x130</size>
         <input_file_ref idref="fl-5"/>
      </object_component>
      <object_component id="oc-11a">
         <name>.debug_info</name>
         <load_address>0x1fd8</load_address>
         <run_address>0x1fd8</run_address>
         <size>0x90c</size>
         <input_file_ref idref="fl-2"/>
      </object_component>
      <object_component id="oc-120">
         <name>.debug_info</name>
         <load_address>0x28e4</load_address>
         <run_address>0x28e4</run_address>
         <size>0x449</size>
         <input_file_ref idref="fl-5"/>
      </object_component>
      <object_component id="oc-126">
         <name>.debug_info</name>
         <load_address>0x2d2d</load_address>
         <run_address>0x2d2d</run_address>
         <size>0x9f8</size>
         <input_file_ref idref="fl-3"/>
      </object_component>
      <object_component id="oc-12e">
         <name>.debug_info</name>
         <load_address>0x3725</load_address>
         <run_address>0x3725</run_address>
         <size>0x1a3</size>
         <input_file_ref idref="fl-3"/>
      </object_component>
      <object_component id="oc-132">
         <name>.debug_info</name>
         <load_address>0x38c8</load_address>
         <run_address>0x38c8</run_address>
         <size>0x118</size>
         <input_file_ref idref="fl-5"/>
      </object_component>
      <object_component id="oc-13a">
         <name>.debug_info</name>
         <load_address>0x39e0</load_address>
         <run_address>0x39e0</run_address>
         <size>0x2b0</size>
         <input_file_ref idref="fl-4"/>
      </object_component>
      <object_component id="oc-140">
         <name>.debug_info</name>
         <load_address>0x3c90</load_address>
         <run_address>0x3c90</run_address>
         <size>0xe8</size>
         <input_file_ref idref="fl-3a"/>
      </object_component>
      <object_component id="oc-145">
         <name>.debug_info</name>
         <load_address>0x3d78</load_address>
         <run_address>0x3d78</run_address>
         <size>0x13a</size>
         <input_file_ref idref="fl-5"/>
      </object_component>
      <object_component id="oc-150">
         <name>.debug_info</name>
         <load_address>0x3eb2</load_address>
         <run_address>0x3eb2</run_address>
         <size>0x2e0</size>
         <input_file_ref idref="fl-58"/>
      </object_component>
      <object_component id="oc-152">
         <name>.debug_info</name>
         <load_address>0x4192</load_address>
         <run_address>0x4192</run_address>
         <size>0x121</size>
         <input_file_ref idref="fl-2"/>
      </object_component>
      <object_component id="oc-158">
         <name>.debug_info</name>
         <load_address>0x42b3</load_address>
         <run_address>0x42b3</run_address>
         <size>0x121</size>
         <input_file_ref idref="fl-2"/>
      </object_component>
      <object_component id="oc-15e">
         <name>.debug_info</name>
         <load_address>0x43d4</load_address>
         <run_address>0x43d4</run_address>
         <size>0x11c</size>
         <input_file_ref idref="fl-4"/>
      </object_component>
      <object_component id="oc-165">
         <name>.debug_info</name>
         <load_address>0x44f0</load_address>
         <run_address>0x44f0</run_address>
         <size>0x295</size>
         <input_file_ref idref="fl-6"/>
      </object_component>
      <object_component id="oc-16b">
         <name>.debug_info</name>
         <load_address>0x4785</load_address>
         <run_address>0x4785</run_address>
         <size>0x1c7</size>
         <input_file_ref idref="fl-3"/>
      </object_component>
      <object_component id="oc-171">
         <name>.debug_info</name>
         <load_address>0x494c</load_address>
         <run_address>0x494c</run_address>
         <size>0x125</size>
         <input_file_ref idref="fl-2"/>
      </object_component>
      <object_component id="oc-17a">
         <name>.debug_info</name>
         <load_address>0x4a71</load_address>
         <run_address>0x4a71</run_address>
         <size>0x35e</size>
         <input_file_ref idref="fl-3"/>
      </object_component>
      <object_component id="oc-18d">
         <name>.debug_info</name>
         <load_address>0x4dcf</load_address>
         <run_address>0x4dcf</run_address>
         <size>0x12a</size>
         <input_file_ref idref="fl-5"/>
      </object_component>
      <object_component id="oc-19f">
         <name>.debug_info</name>
         <load_address>0x4ef9</load_address>
         <run_address>0x4ef9</run_address>
         <size>0xf2</size>
         <input_file_ref idref="fl-4"/>
      </object_component>
      <object_component id="oc-1a2">
         <name>.debug_info</name>
         <load_address>0x4feb</load_address>
         <run_address>0x4feb</run_address>
         <size>0xfe</size>
         <input_file_ref idref="fl-4"/>
      </object_component>
      <object_component id="oc-1a5">
         <name>.debug_info</name>
         <load_address>0x50e9</load_address>
         <run_address>0x50e9</run_address>
         <size>0x343</size>
         <input_file_ref idref="fl-4"/>
      </object_component>
      <object_component id="oc-1a7">
         <name>.debug_info</name>
         <load_address>0x542c</load_address>
         <run_address>0x542c</run_address>
         <size>0xd4</size>
         <input_file_ref idref="fl-3b"/>
      </object_component>
      <object_component id="oc-1b1">
         <name>.debug_info</name>
         <load_address>0x5500</load_address>
         <run_address>0x5500</run_address>
         <size>0x39</size>
         <input_file_ref idref="fl-58"/>
      </object_component>
      <object_component id="oc-1ba">
         <name>.debug_info</name>
         <load_address>0x5539</load_address>
         <run_address>0x5539</run_address>
         <size>0x1ba</size>
         <input_file_ref idref="fl-6"/>
      </object_component>
      <object_component id="oc-1c0">
         <name>.debug_info</name>
         <load_address>0x56f3</load_address>
         <run_address>0x56f3</run_address>
         <size>0x14c</size>
         <input_file_ref idref="fl-6"/>
      </object_component>
      <object_component id="oc-1c6">
         <name>.debug_info</name>
         <load_address>0x583f</load_address>
         <run_address>0x583f</run_address>
         <size>0x176</size>
         <input_file_ref idref="fl-6"/>
      </object_component>
      <object_component id="oc-1cc">
         <name>.debug_info</name>
         <load_address>0x59b5</load_address>
         <run_address>0x59b5</run_address>
         <size>0xea</size>
         <input_file_ref idref="fl-34"/>
      </object_component>
      <object_component id="oc-1d3">
         <name>.debug_info</name>
         <load_address>0x5a9f</load_address>
         <run_address>0x5a9f</run_address>
         <size>0xf1</size>
         <input_file_ref idref="fl-3"/>
      </object_component>
      <object_component id="oc-1d6">
         <name>.debug_info</name>
         <load_address>0x5b90</load_address>
         <run_address>0x5b90</run_address>
         <size>0x22b</size>
         <input_file_ref idref="fl-3"/>
      </object_component>
      <object_component id="oc-1dc">
         <name>.debug_info</name>
         <load_address>0x5dbb</load_address>
         <run_address>0x5dbb</run_address>
         <size>0x172</size>
         <input_file_ref idref="fl-3"/>
      </object_component>
      <object_component id="oc-1e2">
         <name>.debug_info</name>
         <load_address>0x5f2d</load_address>
         <run_address>0x5f2d</run_address>
         <size>0x165</size>
         <input_file_ref idref="fl-3"/>
      </object_component>
      <object_component id="oc-1ef">
         <name>.debug_info</name>
         <load_address>0x6092</load_address>
         <run_address>0x6092</run_address>
         <size>0x25c</size>
         <input_file_ref idref="fl-3"/>
      </object_component>
      <object_component id="oc-220">
         <name>.debug_info</name>
         <load_address>0x62ee</load_address>
         <run_address>0x62ee</run_address>
         <size>0x150</size>
         <input_file_ref idref="fl-6"/>
      </object_component>
      <object_component id="oc-22c">
         <name>.debug_info</name>
         <load_address>0x643e</load_address>
         <run_address>0x643e</run_address>
         <size>0x166</size>
         <input_file_ref idref="fl-3"/>
      </object_component>
      <object_component id="oc-237">
         <name>.debug_info</name>
         <load_address>0x65a4</load_address>
         <run_address>0x65a4</run_address>
         <size>0x23d</size>
         <input_file_ref idref="fl-3"/>
      </object_component>
      <object_component id="oc-252">
         <name>.debug_info</name>
         <load_address>0x67e1</load_address>
         <run_address>0x67e1</run_address>
         <size>0x24f</size>
         <input_file_ref idref="fl-3"/>
      </object_component>
      <object_component id="oc-2dd">
         <name>.debug_info</name>
         <load_address>0x6a30</load_address>
         <run_address>0x6a30</run_address>
         <size>0xcb</size>
      </object_component>
      <object_component id="oc-8b">
         <name>.debug_aranges</name>
         <load_address>0x0</load_address>
         <run_address>0x0</run_address>
         <size>0x20</size>
         <input_file_ref idref="fl-35"/>
      </object_component>
      <object_component id="oc-96">
         <name>.debug_aranges</name>
         <load_address>0x20</load_address>
         <run_address>0x20</run_address>
         <size>0x20</size>
         <input_file_ref idref="fl-36"/>
      </object_component>
      <object_component id="oc-9c">
         <name>.debug_aranges</name>
         <load_address>0x40</load_address>
         <run_address>0x40</run_address>
         <size>0x20</size>
         <input_file_ref idref="fl-38"/>
      </object_component>
      <object_component id="oc-a2">
         <name>.debug_aranges</name>
         <load_address>0x60</load_address>
         <run_address>0x60</run_address>
         <size>0x20</size>
         <input_file_ref idref="fl-37"/>
      </object_component>
      <object_component id="oc-ac">
         <name>.debug_aranges</name>
         <load_address>0x80</load_address>
         <run_address>0x80</run_address>
         <size>0x20</size>
         <input_file_ref idref="fl-54"/>
      </object_component>
      <object_component id="oc-b1">
         <name>.debug_aranges</name>
         <load_address>0xa0</load_address>
         <run_address>0xa0</run_address>
         <size>0x20</size>
         <input_file_ref idref="fl-2"/>
      </object_component>
      <object_component id="oc-b7">
         <name>.debug_aranges</name>
         <load_address>0xc0</load_address>
         <run_address>0xc0</run_address>
         <size>0x20</size>
         <input_file_ref idref="fl-2"/>
      </object_component>
      <object_component id="oc-bd">
         <name>.debug_aranges</name>
         <load_address>0xe0</load_address>
         <run_address>0xe0</run_address>
         <size>0x20</size>
         <input_file_ref idref="fl-2"/>
      </object_component>
      <object_component id="oc-c3">
         <name>.debug_aranges</name>
         <load_address>0x100</load_address>
         <run_address>0x100</run_address>
         <size>0x20</size>
         <input_file_ref idref="fl-5"/>
      </object_component>
      <object_component id="oc-c9">
         <name>.debug_aranges</name>
         <load_address>0x120</load_address>
         <run_address>0x120</run_address>
         <size>0x20</size>
         <input_file_ref idref="fl-2"/>
      </object_component>
      <object_component id="oc-d0">
         <name>.debug_aranges</name>
         <load_address>0x140</load_address>
         <run_address>0x140</run_address>
         <size>0x20</size>
         <input_file_ref idref="fl-55"/>
      </object_component>
      <object_component id="oc-d5">
         <name>.debug_aranges</name>
         <load_address>0x160</load_address>
         <run_address>0x160</run_address>
         <size>0x20</size>
         <input_file_ref idref="fl-58"/>
      </object_component>
      <object_component id="oc-db">
         <name>.debug_aranges</name>
         <load_address>0x180</load_address>
         <run_address>0x180</run_address>
         <size>0x20</size>
         <input_file_ref idref="fl-2"/>
      </object_component>
      <object_component id="oc-e1">
         <name>.debug_aranges</name>
         <load_address>0x1a0</load_address>
         <run_address>0x1a0</run_address>
         <size>0x20</size>
         <input_file_ref idref="fl-3c"/>
      </object_component>
      <object_component id="oc-e8">
         <name>.debug_aranges</name>
         <load_address>0x1c0</load_address>
         <run_address>0x1c0</run_address>
         <size>0x20</size>
         <input_file_ref idref="fl-39"/>
      </object_component>
      <object_component id="oc-fb">
         <name>.debug_aranges</name>
         <load_address>0x1e0</load_address>
         <run_address>0x1e0</run_address>
         <size>0x30</size>
         <input_file_ref idref="fl-37"/>
      </object_component>
      <object_component id="oc-114">
         <name>.debug_aranges</name>
         <load_address>0x210</load_address>
         <run_address>0x210</run_address>
         <size>0x20</size>
         <input_file_ref idref="fl-5"/>
      </object_component>
      <object_component id="oc-133">
         <name>.debug_aranges</name>
         <load_address>0x230</load_address>
         <run_address>0x230</run_address>
         <size>0x20</size>
         <input_file_ref idref="fl-5"/>
      </object_component>
      <object_component id="oc-13b">
         <name>.debug_aranges</name>
         <load_address>0x250</load_address>
         <run_address>0x250</run_address>
         <size>0x20</size>
         <input_file_ref idref="fl-4"/>
      </object_component>
      <object_component id="oc-141">
         <name>.debug_aranges</name>
         <load_address>0x270</load_address>
         <run_address>0x270</run_address>
         <size>0x20</size>
         <input_file_ref idref="fl-3a"/>
      </object_component>
      <object_component id="oc-146">
         <name>.debug_aranges</name>
         <load_address>0x290</load_address>
         <run_address>0x290</run_address>
         <size>0x20</size>
         <input_file_ref idref="fl-5"/>
      </object_component>
      <object_component id="oc-153">
         <name>.debug_aranges</name>
         <load_address>0x2b0</load_address>
         <run_address>0x2b0</run_address>
         <size>0x20</size>
         <input_file_ref idref="fl-2"/>
      </object_component>
      <object_component id="oc-159">
         <name>.debug_aranges</name>
         <load_address>0x2d0</load_address>
         <run_address>0x2d0</run_address>
         <size>0x20</size>
         <input_file_ref idref="fl-2"/>
      </object_component>
      <object_component id="oc-15f">
         <name>.debug_aranges</name>
         <load_address>0x2f0</load_address>
         <run_address>0x2f0</run_address>
         <size>0x20</size>
         <input_file_ref idref="fl-4"/>
      </object_component>
      <object_component id="oc-166">
         <name>.debug_aranges</name>
         <load_address>0x310</load_address>
         <run_address>0x310</run_address>
         <size>0x20</size>
         <input_file_ref idref="fl-6"/>
      </object_component>
      <object_component id="oc-16c">
         <name>.debug_aranges</name>
         <load_address>0x330</load_address>
         <run_address>0x330</run_address>
         <size>0x20</size>
         <input_file_ref idref="fl-3"/>
      </object_component>
      <object_component id="oc-172">
         <name>.debug_aranges</name>
         <load_address>0x350</load_address>
         <run_address>0x350</run_address>
         <size>0x20</size>
         <input_file_ref idref="fl-2"/>
      </object_component>
      <object_component id="oc-17b">
         <name>.debug_aranges</name>
         <load_address>0x370</load_address>
         <run_address>0x370</run_address>
         <size>0x20</size>
         <input_file_ref idref="fl-3"/>
      </object_component>
      <object_component id="oc-18e">
         <name>.debug_aranges</name>
         <load_address>0x390</load_address>
         <run_address>0x390</run_address>
         <size>0x20</size>
         <input_file_ref idref="fl-5"/>
      </object_component>
      <object_component id="oc-1a8">
         <name>.debug_aranges</name>
         <load_address>0x3b0</load_address>
         <run_address>0x3b0</run_address>
         <size>0x20</size>
         <input_file_ref idref="fl-3b"/>
      </object_component>
      <object_component id="oc-1bb">
         <name>.debug_aranges</name>
         <load_address>0x3d0</load_address>
         <run_address>0x3d0</run_address>
         <size>0x20</size>
         <input_file_ref idref="fl-6"/>
      </object_component>
      <object_component id="oc-1c1">
         <name>.debug_aranges</name>
         <load_address>0x3f0</load_address>
         <run_address>0x3f0</run_address>
         <size>0x20</size>
         <input_file_ref idref="fl-6"/>
      </object_component>
      <object_component id="oc-1c7">
         <name>.debug_aranges</name>
         <load_address>0x410</load_address>
         <run_address>0x410</run_address>
         <size>0x20</size>
         <input_file_ref idref="fl-6"/>
      </object_component>
      <object_component id="oc-1cd">
         <name>.debug_aranges</name>
         <load_address>0x430</load_address>
         <run_address>0x430</run_address>
         <size>0x20</size>
         <input_file_ref idref="fl-34"/>
      </object_component>
      <object_component id="oc-1d7">
         <name>.debug_aranges</name>
         <load_address>0x450</load_address>
         <run_address>0x450</run_address>
         <size>0x20</size>
         <input_file_ref idref="fl-3"/>
      </object_component>
      <object_component id="oc-1dd">
         <name>.debug_aranges</name>
         <load_address>0x470</load_address>
         <run_address>0x470</run_address>
         <size>0x20</size>
         <input_file_ref idref="fl-3"/>
      </object_component>
      <object_component id="oc-1e3">
         <name>.debug_aranges</name>
         <load_address>0x490</load_address>
         <run_address>0x490</run_address>
         <size>0x20</size>
         <input_file_ref idref="fl-3"/>
      </object_component>
      <object_component id="oc-1f0">
         <name>.debug_aranges</name>
         <load_address>0x4b0</load_address>
         <run_address>0x4b0</run_address>
         <size>0x20</size>
         <input_file_ref idref="fl-3"/>
      </object_component>
      <object_component id="oc-221">
         <name>.debug_aranges</name>
         <load_address>0x4d0</load_address>
         <run_address>0x4d0</run_address>
         <size>0x20</size>
         <input_file_ref idref="fl-6"/>
      </object_component>
      <object_component id="oc-22d">
         <name>.debug_aranges</name>
         <load_address>0x4f0</load_address>
         <run_address>0x4f0</run_address>
         <size>0x20</size>
         <input_file_ref idref="fl-3"/>
      </object_component>
      <object_component id="oc-238">
         <name>.debug_aranges</name>
         <load_address>0x510</load_address>
         <run_address>0x510</run_address>
         <size>0x20</size>
         <input_file_ref idref="fl-3"/>
      </object_component>
      <object_component id="oc-253">
         <name>.debug_aranges</name>
         <load_address>0x530</load_address>
         <run_address>0x530</run_address>
         <size>0x20</size>
         <input_file_ref idref="fl-3"/>
      </object_component>
      <object_component id="oc-8c">
         <name>.debug_pubnames</name>
         <load_address>0x0</load_address>
         <run_address>0x0</run_address>
         <size>0x26</size>
         <input_file_ref idref="fl-35"/>
      </object_component>
      <object_component id="oc-97">
         <name>.debug_pubnames</name>
         <load_address>0x26</load_address>
         <run_address>0x26</run_address>
         <size>0x2b</size>
         <input_file_ref idref="fl-36"/>
      </object_component>
      <object_component id="oc-9d">
         <name>.debug_pubnames</name>
         <load_address>0x51</load_address>
         <run_address>0x51</run_address>
         <size>0x25</size>
         <input_file_ref idref="fl-38"/>
      </object_component>
      <object_component id="oc-a3">
         <name>.debug_pubnames</name>
         <load_address>0x76</load_address>
         <run_address>0x76</run_address>
         <size>0x2c</size>
         <input_file_ref idref="fl-37"/>
      </object_component>
      <object_component id="oc-a8">
         <name>.debug_pubnames</name>
         <load_address>0xa2</load_address>
         <run_address>0xa2</run_address>
         <size>0x1d</size>
         <input_file_ref idref="fl-35"/>
      </object_component>
      <object_component id="oc-ad">
         <name>.debug_pubnames</name>
         <load_address>0xbf</load_address>
         <run_address>0xbf</run_address>
         <size>0x2b</size>
         <input_file_ref idref="fl-54"/>
      </object_component>
      <object_component id="oc-b2">
         <name>.debug_pubnames</name>
         <load_address>0xea</load_address>
         <run_address>0xea</run_address>
         <size>0x20</size>
         <input_file_ref idref="fl-2"/>
      </object_component>
      <object_component id="oc-b8">
         <name>.debug_pubnames</name>
         <load_address>0x10a</load_address>
         <run_address>0x10a</run_address>
         <size>0x1f</size>
         <input_file_ref idref="fl-2"/>
      </object_component>
      <object_component id="oc-be">
         <name>.debug_pubnames</name>
         <load_address>0x129</load_address>
         <run_address>0x129</run_address>
         <size>0x1e</size>
         <input_file_ref idref="fl-2"/>
      </object_component>
      <object_component id="oc-c4">
         <name>.debug_pubnames</name>
         <load_address>0x147</load_address>
         <run_address>0x147</run_address>
         <size>0x22</size>
         <input_file_ref idref="fl-5"/>
      </object_component>
      <object_component id="oc-ca">
         <name>.debug_pubnames</name>
         <load_address>0x169</load_address>
         <run_address>0x169</run_address>
         <size>0x23</size>
         <input_file_ref idref="fl-2"/>
      </object_component>
      <object_component id="oc-d2">
         <name>.debug_pubnames</name>
         <load_address>0x18c</load_address>
         <run_address>0x18c</run_address>
         <size>0x27</size>
         <input_file_ref idref="fl-55"/>
      </object_component>
      <object_component id="oc-d6">
         <name>.debug_pubnames</name>
         <load_address>0x1b3</load_address>
         <run_address>0x1b3</run_address>
         <size>0x2a</size>
         <input_file_ref idref="fl-58"/>
      </object_component>
      <object_component id="oc-dc">
         <name>.debug_pubnames</name>
         <load_address>0x1dd</load_address>
         <run_address>0x1dd</run_address>
         <size>0x1b</size>
         <input_file_ref idref="fl-2"/>
      </object_component>
      <object_component id="oc-e2">
         <name>.debug_pubnames</name>
         <load_address>0x1f8</load_address>
         <run_address>0x1f8</run_address>
         <size>0x1c</size>
         <input_file_ref idref="fl-3c"/>
      </object_component>
      <object_component id="oc-e9">
         <name>.debug_pubnames</name>
         <load_address>0x214</load_address>
         <run_address>0x214</run_address>
         <size>0x2b</size>
         <input_file_ref idref="fl-39"/>
      </object_component>
      <object_component id="oc-fc">
         <name>.debug_pubnames</name>
         <load_address>0x23f</load_address>
         <run_address>0x23f</run_address>
         <size>0x2f</size>
         <input_file_ref idref="fl-37"/>
      </object_component>
      <object_component id="oc-110">
         <name>.debug_pubnames</name>
         <load_address>0x26e</load_address>
         <run_address>0x26e</run_address>
         <size>0x89</size>
         <input_file_ref idref="fl-2"/>
      </object_component>
      <object_component id="oc-115">
         <name>.debug_pubnames</name>
         <load_address>0x2f7</load_address>
         <run_address>0x2f7</run_address>
         <size>0x1e</size>
         <input_file_ref idref="fl-5"/>
      </object_component>
      <object_component id="oc-11b">
         <name>.debug_pubnames</name>
         <load_address>0x315</load_address>
         <run_address>0x315</run_address>
         <size>0x33</size>
         <input_file_ref idref="fl-2"/>
      </object_component>
      <object_component id="oc-121">
         <name>.debug_pubnames</name>
         <load_address>0x348</load_address>
         <run_address>0x348</run_address>
         <size>0x4b</size>
         <input_file_ref idref="fl-5"/>
      </object_component>
      <object_component id="oc-127">
         <name>.debug_pubnames</name>
         <load_address>0x393</load_address>
         <run_address>0x393</run_address>
         <size>0x148</size>
         <input_file_ref idref="fl-3"/>
      </object_component>
      <object_component id="oc-12f">
         <name>.debug_pubnames</name>
         <load_address>0x4db</load_address>
         <run_address>0x4db</run_address>
         <size>0x67</size>
         <input_file_ref idref="fl-3"/>
      </object_component>
      <object_component id="oc-134">
         <name>.debug_pubnames</name>
         <load_address>0x542</load_address>
         <run_address>0x542</run_address>
         <size>0x1d</size>
         <input_file_ref idref="fl-5"/>
      </object_component>
      <object_component id="oc-13c">
         <name>.debug_pubnames</name>
         <load_address>0x55f</load_address>
         <run_address>0x55f</run_address>
         <size>0x26</size>
         <input_file_ref idref="fl-4"/>
      </object_component>
      <object_component id="oc-142">
         <name>.debug_pubnames</name>
         <load_address>0x585</load_address>
         <run_address>0x585</run_address>
         <size>0x24</size>
         <input_file_ref idref="fl-3a"/>
      </object_component>
      <object_component id="oc-147">
         <name>.debug_pubnames</name>
         <load_address>0x5a9</load_address>
         <run_address>0x5a9</run_address>
         <size>0x1d</size>
         <input_file_ref idref="fl-5"/>
      </object_component>
      <object_component id="oc-154">
         <name>.debug_pubnames</name>
         <load_address>0x5c6</load_address>
         <run_address>0x5c6</run_address>
         <size>0x20</size>
         <input_file_ref idref="fl-2"/>
      </object_component>
      <object_component id="oc-15a">
         <name>.debug_pubnames</name>
         <load_address>0x5e6</load_address>
         <run_address>0x5e6</run_address>
         <size>0x20</size>
         <input_file_ref idref="fl-2"/>
      </object_component>
      <object_component id="oc-160">
         <name>.debug_pubnames</name>
         <load_address>0x606</load_address>
         <run_address>0x606</run_address>
         <size>0x1f</size>
         <input_file_ref idref="fl-4"/>
      </object_component>
      <object_component id="oc-167">
         <name>.debug_pubnames</name>
         <load_address>0x625</load_address>
         <run_address>0x625</run_address>
         <size>0x21</size>
         <input_file_ref idref="fl-6"/>
      </object_component>
      <object_component id="oc-16d">
         <name>.debug_pubnames</name>
         <load_address>0x646</load_address>
         <run_address>0x646</run_address>
         <size>0x21</size>
         <input_file_ref idref="fl-3"/>
      </object_component>
      <object_component id="oc-173">
         <name>.debug_pubnames</name>
         <load_address>0x667</load_address>
         <run_address>0x667</run_address>
         <size>0x22</size>
         <input_file_ref idref="fl-2"/>
      </object_component>
      <object_component id="oc-17c">
         <name>.debug_pubnames</name>
         <load_address>0x689</load_address>
         <run_address>0x689</run_address>
         <size>0x22</size>
         <input_file_ref idref="fl-3"/>
      </object_component>
      <object_component id="oc-18f">
         <name>.debug_pubnames</name>
         <load_address>0x6ab</load_address>
         <run_address>0x6ab</run_address>
         <size>0x26</size>
         <input_file_ref idref="fl-5"/>
      </object_component>
      <object_component id="oc-1a0">
         <name>.debug_pubnames</name>
         <load_address>0x6d1</load_address>
         <run_address>0x6d1</run_address>
         <size>0x1e</size>
         <input_file_ref idref="fl-4"/>
      </object_component>
      <object_component id="oc-1a3">
         <name>.debug_pubnames</name>
         <load_address>0x6ef</load_address>
         <run_address>0x6ef</run_address>
         <size>0x24</size>
         <input_file_ref idref="fl-4"/>
      </object_component>
      <object_component id="oc-1a9">
         <name>.debug_pubnames</name>
         <load_address>0x713</load_address>
         <run_address>0x713</run_address>
         <size>0x24</size>
         <input_file_ref idref="fl-3b"/>
      </object_component>
      <object_component id="oc-1bc">
         <name>.debug_pubnames</name>
         <load_address>0x737</load_address>
         <run_address>0x737</run_address>
         <size>0x31</size>
         <input_file_ref idref="fl-6"/>
      </object_component>
      <object_component id="oc-1c2">
         <name>.debug_pubnames</name>
         <load_address>0x768</load_address>
         <run_address>0x768</run_address>
         <size>0x22</size>
         <input_file_ref idref="fl-6"/>
      </object_component>
      <object_component id="oc-1c8">
         <name>.debug_pubnames</name>
         <load_address>0x78a</load_address>
         <run_address>0x78a</run_address>
         <size>0x22</size>
         <input_file_ref idref="fl-6"/>
      </object_component>
      <object_component id="oc-1ce">
         <name>.debug_pubnames</name>
         <load_address>0x7ac</load_address>
         <run_address>0x7ac</run_address>
         <size>0x1a</size>
         <input_file_ref idref="fl-34"/>
      </object_component>
      <object_component id="oc-1d4">
         <name>.debug_pubnames</name>
         <load_address>0x7c6</load_address>
         <run_address>0x7c6</run_address>
         <size>0x1c</size>
         <input_file_ref idref="fl-3"/>
      </object_component>
      <object_component id="oc-1d8">
         <name>.debug_pubnames</name>
         <load_address>0x7e2</load_address>
         <run_address>0x7e2</run_address>
         <size>0x23</size>
         <input_file_ref idref="fl-3"/>
      </object_component>
      <object_component id="oc-1de">
         <name>.debug_pubnames</name>
         <load_address>0x805</load_address>
         <run_address>0x805</run_address>
         <size>0x27</size>
         <input_file_ref idref="fl-3"/>
      </object_component>
      <object_component id="oc-1e4">
         <name>.debug_pubnames</name>
         <load_address>0x82c</load_address>
         <run_address>0x82c</run_address>
         <size>0x1e</size>
         <input_file_ref idref="fl-3"/>
      </object_component>
      <object_component id="oc-1f1">
         <name>.debug_pubnames</name>
         <load_address>0x84a</load_address>
         <run_address>0x84a</run_address>
         <size>0x33</size>
         <input_file_ref idref="fl-3"/>
      </object_component>
      <object_component id="oc-222">
         <name>.debug_pubnames</name>
         <load_address>0x87d</load_address>
         <run_address>0x87d</run_address>
         <size>0x24</size>
         <input_file_ref idref="fl-6"/>
      </object_component>
      <object_component id="oc-22e">
         <name>.debug_pubnames</name>
         <load_address>0x8a1</load_address>
         <run_address>0x8a1</run_address>
         <size>0x1e</size>
         <input_file_ref idref="fl-3"/>
      </object_component>
      <object_component id="oc-239">
         <name>.debug_pubnames</name>
         <load_address>0x8bf</load_address>
         <run_address>0x8bf</run_address>
         <size>0x29</size>
         <input_file_ref idref="fl-3"/>
      </object_component>
      <object_component id="oc-254">
         <name>.debug_pubnames</name>
         <load_address>0x8e8</load_address>
         <run_address>0x8e8</run_address>
         <size>0x2e</size>
         <input_file_ref idref="fl-3"/>
      </object_component>
      <object_component id="oc-8d">
         <name>.debug_line</name>
         <load_address>0x0</load_address>
         <run_address>0x0</run_address>
         <size>0x44</size>
         <input_file_ref idref="fl-35"/>
      </object_component>
      <object_component id="oc-98">
         <name>.debug_line</name>
         <load_address>0x44</load_address>
         <run_address>0x44</run_address>
         <size>0x50</size>
         <input_file_ref idref="fl-36"/>
      </object_component>
      <object_component id="oc-9e">
         <name>.debug_line</name>
         <load_address>0x94</load_address>
         <run_address>0x94</run_address>
         <size>0x4a</size>
         <input_file_ref idref="fl-38"/>
      </object_component>
      <object_component id="oc-a4">
         <name>.debug_line</name>
         <load_address>0xde</load_address>
         <run_address>0xde</run_address>
         <size>0x4c</size>
         <input_file_ref idref="fl-37"/>
      </object_component>
      <object_component id="oc-ae">
         <name>.debug_line</name>
         <load_address>0x12a</load_address>
         <run_address>0x12a</run_address>
         <size>0x3c</size>
         <input_file_ref idref="fl-54"/>
      </object_component>
      <object_component id="oc-b3">
         <name>.debug_line</name>
         <load_address>0x166</load_address>
         <run_address>0x166</run_address>
         <size>0x5a</size>
         <input_file_ref idref="fl-2"/>
      </object_component>
      <object_component id="oc-b9">
         <name>.debug_line</name>
         <load_address>0x1c0</load_address>
         <run_address>0x1c0</run_address>
         <size>0x45</size>
         <input_file_ref idref="fl-2"/>
      </object_component>
      <object_component id="oc-bf">
         <name>.debug_line</name>
         <load_address>0x205</load_address>
         <run_address>0x205</run_address>
         <size>0x4c</size>
         <input_file_ref idref="fl-2"/>
      </object_component>
      <object_component id="oc-c5">
         <name>.debug_line</name>
         <load_address>0x251</load_address>
         <run_address>0x251</run_address>
         <size>0x73</size>
         <input_file_ref idref="fl-5"/>
      </object_component>
      <object_component id="oc-cb">
         <name>.debug_line</name>
         <load_address>0x2c4</load_address>
         <run_address>0x2c4</run_address>
         <size>0x118</size>
         <input_file_ref idref="fl-2"/>
      </object_component>
      <object_component id="oc-ce">
         <name>.debug_line</name>
         <load_address>0x3dc</load_address>
         <run_address>0x3dc</run_address>
         <size>0x3e</size>
         <input_file_ref idref="fl-55"/>
      </object_component>
      <object_component id="oc-d7">
         <name>.debug_line</name>
         <load_address>0x41a</load_address>
         <run_address>0x41a</run_address>
         <size>0x71</size>
         <input_file_ref idref="fl-58"/>
      </object_component>
      <object_component id="oc-dd">
         <name>.debug_line</name>
         <load_address>0x48b</load_address>
         <run_address>0x48b</run_address>
         <size>0x92</size>
         <input_file_ref idref="fl-2"/>
      </object_component>
      <object_component id="oc-e3">
         <name>.debug_line</name>
         <load_address>0x51d</load_address>
         <run_address>0x51d</run_address>
         <size>0x3a</size>
         <input_file_ref idref="fl-3c"/>
      </object_component>
      <object_component id="oc-ea">
         <name>.debug_line</name>
         <load_address>0x557</load_address>
         <run_address>0x557</run_address>
         <size>0x52</size>
         <input_file_ref idref="fl-39"/>
      </object_component>
      <object_component id="oc-ef">
[...]
         <name>UCB1IE</name>
         <value>0x6aa</value>
      </symbol>
      <symbol id="sm-56b">
         <name>UCB1IE_L</name>
         <value>0x6aa</value>
      </symbol>
      <symbol id="sm-56c">
         <name>UCB1IE_H</name>
         <value>0x6ab</value>
      </symbol>
      <symbol id="sm-56d">
         <name>UCB1IFG</name>
         <value>0x6ac</value>
      </symbol>
      <symbol id="sm-56e">
         <name>UCB1IFG_L</name>
         <value>0x6ac</value>
      </symbol>
      <symbol id="sm-56f">
         <name>UCB1IFG_H</name>
         <value>0x6ad</value>
      </symbol>
      <symbol id="sm-570">
         <name>UCB1IV</name>
         <value>0x6ae</value>
      </symbol>
      <symbol id="sm-571">
         <name>WDTCTL</name>
         <value>0x15c</value>
      </symbol>
      <symbol id="sm-572">
         <name>WDTCTL_L</name>
         <value>0x15c</value>
      </symbol>
      <symbol id="sm-573">
         <name>WDTCTL_H</name>
         <value>0x15d</value>
      </symbol>
      <symbol id="sm-574">
         <name>fram_rw_start</name>
         <value>0x4400</value>
      </symbol>
      <symbol id="sm-575">
         <name>fram_ro_start</name>
         <value>0x4400</value>
      </symbol>
      <symbol id="sm-576">
         <name>fram_rx_start</name>
         <value>0x4800</value>
      </symbol>
      <symbol id="sm-577">
         <name>fram_ipe_start</name>
         <value>0x5c00</value>
      </symbol>
      <symbol id="sm-578">
         <name>fram_ipe_end</name>
         <value>0x5c00</value>
      </symbol>
      <symbol id="sm-579">
         <name>__TI_CINIT_Base</name>
         <value>0x441c</value>
      </symbol>
      <symbol id="sm-57a">
         <name>__TI_CINIT_Limit</name>
         <value>0x442c</value>
      </symbol>
      <symbol id="sm-57b">
         <name>__TI_Handler_Table_Base</name>
         <value>0x4400</value>
      </symbol>
      <symbol id="sm-57c">
         <name>__TI_Handler_Table_Limit</name>
         <value>0x440c</value>
      </symbol>
      <symbol id="sm-57d">
         <name>binit</name>
         <value>0xffffffff</value>
      </symbol>
      <symbol id="sm-57e">
         <name>__binit__</name>
         <value>0xffffffff</value>
      </symbol>
      <symbol id="sm-57f">
         <name>__STACK_SIZE</name>
         <value>0xa0</value>
      </symbol>
      <symbol id="sm-580">
         <name>__STACK_END</name>
         <value>0x2400</value>
      </symbol>
      <symbol id="sm-581">
         <name>__c_args__</name>
         <value>0xffffffff</value>
      </symbol>
      <symbol id="sm-640">
         <name>Master_RXData</name>
         <value>0x1c00</value>
      </symbol>
      <symbol id="sm-641">
         <name>ReCal_Flag</name>
         <value>0x1c2d</value>
      </symbol>
      <symbol id="sm-642">
         <name>rotation_counter</name>
         <value>0x1c34</value>
         <object_component_ref idref="oc-10e"/>
      </symbol>
      <symbol id="sm-643">
         <name>__TI_int39</name>
         <value>0xffde</value>
         <object_component_ref idref="oc-7e"/>
      </symbol>
      <symbol id="sm-644">
         <name>__TI_int37</name>
         <value>0xffda</value>
         <object_component_ref idref="oc-7c"/>
      </symbol>
      <symbol id="sm-645">
         <name>__TI_int48</name>
         <value>0xfff0</value>
         <object_component_ref idref="oc-87"/>
      </symbol>
      <symbol id="sm-646">
         <name>__TI_int44</name>
         <value>0xffe8</value>
         <object_component_ref idref="oc-83"/>
      </symbol>
      <symbol id="sm-647">
         <name>test_status</name>
         <value>0x1c32</value>
         <object_component_ref idref="oc-10e"/>
      </symbol>
      <symbol id="sm-648">
         <name>Record_INT1</name>
         <value>0x1c36</value>
         <object_component_ref idref="oc-10e"/>
      </symbol>
      <symbol id="sm-649">
         <name>Record_INT2</name>
         <value>0x1c38</value>
         <object_component_ref idref="oc-10e"/>
      </symbol>
      <symbol id="sm-64a">
         <name>Record_INT3</name>
         <value>0x1c3a</value>
         <object_component_ref idref="oc-10e"/>
      </symbol>
      <symbol id="sm-64b">
         <name>Record_INT4</name>
         <value>0x1c3c</value>
         <object_component_ref idref="oc-10e"/>
      </symbol>
      <symbol id="sm-64c">
         <name>Power_measure</name>
         <value>0x1c30</value>
         <object_component_ref idref="oc-10e"/>
      </symbol>
      <symbol id="sm-6fc">
         <name>AFE1_base0</name>
         <value>0x1c0c</value>
      </symbol>
      <symbol id="sm-6fd">
         <name>AFE1_base1</name>
         <value>0x1c0e</value>
      </symbol>
      <symbol id="sm-6fe">
         <name>AFE2_base0</name>
         <value>0x1c10</value>
      </symbol>
      <symbol id="sm-6ff">
         <name>AFE2_base1</name>
         <value>0x1c16</value>
      </symbol>
      <symbol id="sm-700">
         <name>AFE2_base0_Max</name>
         <value>0x1c12</value>
      </symbol>
      <symbol id="sm-701">
         <name>AFE2_base0_Min</name>
         <value>0x1c14</value>
      </symbol>
      <symbol id="sm-702">
         <name>AFE2_base1_Max</name>
         <value>0x1c18</value>
      </symbol>
      <symbol id="sm-703">
         <name>AFE2_base1_Min</name>
         <value>0x1c1a</value>
      </symbol>
      <symbol id="sm-704">
         <name>New_level</name>
         <value>0x1c26</value>
      </symbol>
      <symbol id="sm-705">
         <name>Delta</name>
         <value>0x1c1c</value>
      </symbol>
      <symbol id="sm-706">
         <name>Threshold_h1</name>
         <value>0x1c2a</value>
      </symbol>
      <symbol id="sm-707">
         <name>Threshold_h0</name>
         <value>0x1c28</value>
      </symbol>
      <symbol id="sm-708">
         <name>Max_DAC_Ch0</name>
         <value>0x1c1e</value>
      </symbol>
      <symbol id="sm-709">
         <name>Max_DAC_Ch1</name>
         <value>0x1c20</value>
      </symbol>
      <symbol id="sm-70a">
         <name>Min_DAC_Ch0</name>
         <value>0x1c22</value>
      </symbol>
      <symbol id="sm-70b">
         <name>Min_DAC_Ch1</name>
         <value>0x1c24</value>
      </symbol>
      <symbol id="sm-70c">
         <name>Status_flag</name>
         <value>0x1c42</value>
         <object_component_ref idref="oc-12d"/>
      </symbol>
      <symbol id="sm-70d">
         <name>AFE2_drift1</name>
         <value>0x1c40</value>
         <object_component_ref idref="oc-12d"/>
      </symbol>
      <symbol id="sm-70e">
         <name>AFE2_drift0</name>
         <value>0x1c3e</value>
         <object_component_ref idref="oc-12d"/>
      </symbol>
      <symbol id="sm-70f">
         <name>Noise_level</name>
         <value>0x1c46</value>
         <object_component_ref idref="oc-12d"/>
      </symbol>
      <symbol id="sm-710">
         <name>STATE_SEPARATION</name>
         <value>0x1c44</value>
         <object_component_ref idref="oc-12d"/>
      </symbol>
      <symbol id="sm-76f">
         <name>TXData</name>
         <value>0x1c06</value>
      </symbol>
      <symbol id="sm-770">
         <name>TXByteCtr</name>
         <value>0x1c2e</value>
      </symbol>
      <symbol id="sm-771">
         <name>RXByteCtr</name>
         <value>0x1c2c</value>
      </symbol>
      <symbol id="sm-772">
         <name>__TI_int46</name>
         <value>0xffec</value>
         <object_component_ref idref="oc-85"/>
      </symbol>
      <symbol id="sm-7b6">
         <name>_stack</name>
         <value>0x2360</value>
         <object_component_ref idref="oc-a6"/>
      </symbol>
      <symbol id="sm-7b7">
         <name>_reset_vector</name>
         <value>0xfffe</value>
         <object_component_ref idref="oc-a9"/>
      </symbol>
      <symbol id="sm-826">
         <name>__TI_int27</name>
         <value>0xffc6</value>
         <object_component_ref idref="oc-72"/>
      </symbol>
      <symbol id="sm-829">
         <name>__TI_int28</name>
         <value>0xffc8</value>
         <object_component_ref idref="oc-73"/>
      </symbol>
      <symbol id="sm-82c">
         <name>__TI_int29</name>
         <value>0xffca</value>
         <object_component_ref idref="oc-74"/>
      </symbol>
      <symbol id="sm-82f">
         <name>__TI_int30</name>
         <value>0xffcc</value>
         <object_component_ref idref="oc-75"/>
      </symbol>
      <symbol id="sm-832">
         <name>__TI_int31</name>
         <value>0xffce</value>
         <object_component_ref idref="oc-76"/>
      </symbol>
      <symbol id="sm-835">
         <name>__TI_int32</name>
         <value>0xffd0</value>
         <object_component_ref idref="oc-77"/>
      </symbol>
      <symbol id="sm-838">
         <name>__TI_int33</name>
         <value>0xffd2</value>
         <object_component_ref idref="oc-78"/>
      </symbol>
      <symbol id="sm-83b">
         <name>__TI_int34</name>
         <value>0xffd4</value>
         <object_component_ref idref="oc-79"/>
      </symbol>
      <symbol id="sm-83e">
         <name>__TI_int35</name>
         <value>0xffd6</value>
         <object_component_ref idref="oc-7a"/>
      </symbol>
      <symbol id="sm-841">
         <name>__TI_int36</name>
         <value>0xffd8</value>
         <object_component_ref idref="oc-7b"/>
      </symbol>
      <symbol id="sm-844">
         <name>__TI_int38</name>
         <value>0xffdc</value>
         <object_component_ref idref="oc-7d"/>
      </symbol>
      <symbol id="sm-847">
         <name>__TI_int40</name>
         <value>0xffe0</value>
         <object_component_ref idref="oc-7f"/>
      </symbol>
      <symbol id="sm-84a">
         <name>__TI_int41</name>
         <value>0xffe2</value>
         <object_component_ref idref="oc-80"/>
      </symbol>
      <symbol id="sm-84d">
         <name>__TI_int42</name>
         <value>0xffe4</value>
         <object_component_ref idref="oc-81"/>
      </symbol>
      <symbol id="sm-850">
         <name>__TI_int43</name>
         <value>0xffe6</value>
         <object_component_ref idref="oc-82"/>
      </symbol>
      <symbol id="sm-853">
         <name>__TI_int45</name>
         <value>0xffea</value>
         <object_component_ref idref="oc-84"/>
      </symbol>
      <symbol id="sm-856">
         <name>__TI_int47</name>
         <value>0xffee</value>
         <object_component_ref idref="oc-86"/>
      </symbol>
      <symbol id="sm-859">
         <name>__TI_int49</name>
         <value>0xfff2</value>
         <object_component_ref idref="oc-88"/>
      </symbol>
      <symbol id="sm-85c">
         <name>__TI_int50</name>
         <value>0xfff4</value>
         <object_component_ref idref="oc-8f"/>
      </symbol>
      <symbol id="sm-85f">
         <name>__TI_int51</name>
         <value>0xfff6</value>
         <object_component_ref idref="oc-90"/>
      </symbol>
      <symbol id="sm-862">
         <name>__TI_int52</name>
         <value>0xfff8</value>
         <object_component_ref idref="oc-91"/>
      </symbol>
      <symbol id="sm-865">
         <name>__TI_int53</name>
         <value>0xfffa</value>
         <object_component_ref idref="oc-92"/>
      </symbol>
      <symbol id="sm-868">
         <name>__TI_int54</name>
         <value>0xfffc</value>
         <object_component_ref idref="oc-93"/>
      </symbol>
      <symbol id="sm-892">
         <name>Set_Clock</name>
         <value>0x598c</value>
         <object_component_ref idref="oc-157"/>
      </symbol>
      <symbol id="sm-893">
         <name>Port_Init</name>
         <value>0x54c2</value>
         <object_component_ref idref="oc-151"/>
      </symbol>
      <symbol id="sm-894">
         <name>PORT1_ISR</name>
         <value>0x58f0</value>
         <object_component_ref idref="oc-af"/>
      </symbol>
      <symbol id="sm-895">
         <name>main</name>
         <value>0x4e02</value>
         <object_component_ref idref="oc-d9"/>
      </symbol>
      <symbol id="sm-896">
         <name>ISR_ESCAN_IF</name>
         <value>0x4c4e</value>
         <object_component_ref idref="oc-c7"/>
      </symbol>
      <symbol id="sm-897">
         <name>Timer_A</name>
         <value>0x5a40</value>
         <object_component_ref idref="oc-bb"/>
      </symbol>
      <symbol id="sm-898">
         <name>Timer1_A</name>
         <value>0x5a9c</value>
         <object_component_ref idref="oc-b5"/>
      </symbol>
      <symbol id="sm-899">
         <name>Set_Timer_A</name>
         <value>0x5af2</value>
         <object_component_ref idref="oc-170"/>
      </symbol>
      <symbol id="sm-89a">
         <name>FindDAC</name>
         <value>0x5646</value>
         <object_component_ref idref="oc-22b"/>
      </symbol>
      <symbol id="sm-89b">
         <name>Find_Noise_level</name>
         <value>0x5436</value>
         <object_component_ref idref="oc-1db"/>
      </symbol>
      <symbol id="sm-89c">
         <name>TSM_Auto_cal</name>
         <value>0x4a34</value>
         <object_component_ref idref="oc-1d5"/>
      </symbol>
      <symbol id="sm-89d">
         <name>Set_DAC</name>
         <value>0x50a4</value>
         <object_component_ref idref="oc-1e1"/>
      </symbol>
      <symbol id="sm-89e">
         <name>FindDAC_Fast_Successive</name>
         <value>0x55ca</value>
         <object_component_ref idref="oc-251"/>
      </symbol>
      <symbol id="sm-89f">
         <name>ReCalScanIF</name>
         <value>0x4800</value>
         <object_component_ref idref="oc-179"/>
      </symbol>
      <symbol id="sm-8a0">
         <name>Table</name>
         <value>0x442c</value>
         <object_component_ref idref="oc-1d2"/>
      </symbol>
      <symbol id="sm-8a1">
         <name>InitScanIF</name>
         <value>0x4f62</value>
         <object_component_ref idref="oc-16a"/>
      </symbol>
      <symbol id="sm-8a2">
         <name>AFE2_FindDAC_Fast_Successive</name>
         <value>0x5730</value>
         <object_component_ref idref="oc-1ee"/>
      </symbol>
      <symbol id="sm-8a3">
         <name>FindDAC_Fast_Range</name>
         <value>0x536c</value>
         <object_component_ref idref="oc-236"/>
      </symbol>
      <symbol id="sm-8a4">
         <name>lcd_display_num</name>
         <value>0x51a6</value>
         <object_component_ref idref="oc-139"/>
      </symbol>
      <symbol id="sm-8a5">
         <name>lcd_small_num</name>
         <value>0x4446</value>
         <object_component_ref idref="oc-1a1"/>
      </symbol>
      <symbol id="sm-8a6">
         <name>lcd_num</name>
         <value>0x443c</value>
         <object_component_ref idref="oc-19e"/>
      </symbol>
      <symbol id="sm-8a7">
         <name>init_LCD</name>
         <value>0x59be</value>
         <object_component_ref idref="oc-15d"/>
      </symbol>
      <symbol id="sm-8a8">
         <name>IIC_TX</name>
         <value>0x595a</value>
         <object_component_ref idref="oc-144"/>
      </symbol>
      <symbol id="sm-8a9">
         <name>Set_IIC_Timeout</name>
         <value>0x5ade</value>
         <object_component_ref idref="oc-18c"/>
      </symbol>
      <symbol id="sm-8aa">
         <name>USCI_B0_ISR</name>
         <value>0x579c</value>
         <object_component_ref idref="oc-c1"/>
      </symbol>
      <symbol id="sm-8ab">
         <name>Set_IIC</name>
         <value>0x58b8</value>
         <object_component_ref idref="oc-112"/>
      </symbol>
      <symbol id="sm-8ac">
         <name>IIC_RX</name>
         <value>0x5928</value>
         <object_component_ref idref="oc-131"/>
      </symbol>
      <symbol id="sm-8ad">
         <name>MeasureEsiosc_Oversampling</name>
         <value>0x5a18</value>
         <object_component_ref idref="oc-1b9"/>
      </symbol>
      <symbol id="sm-8ae">
         <name>getESICLKFQ</name>
         <value>0x5b06</value>
         <object_component_ref idref="oc-1bf"/>
      </symbol>
      <symbol id="sm-8af">
         <name>setESICLKFQ</name>
         <value>0x5ac8</value>
         <object_component_ref idref="oc-1c5"/>
      </symbol>
      <symbol id="sm-8b0">
         <name>EsioscMeasure</name>
         <value>0x5a68</value>
         <object_component_ref idref="oc-21f"/>
      </symbol>
      <symbol id="sm-8b1">
         <name>EsioscInit</name>
         <value>0x56c0</value>
         <object_component_ref idref="oc-164"/>
      </symbol>
      <symbol id="sm-8b2">
         <name>abs</name>
         <value>0x5b24</value>
         <object_component_ref idref="oc-1cb"/>
      </symbol>
      <symbol id="sm-8b3">
         <name>_c_int00_noexit</name>
         <value>0x5a82</value>
         <object_component_ref idref="oc-89"/>
      </symbol>
      <symbol id="sm-8b4">
         <name>_c_int00</name>
         <value>0x5a82</value>
         <object_component_ref idref="oc-89"/>
      </symbol>
      <symbol id="sm-8b5">
         <name>__TI_decompress_none</name>
         <value>0x587c</value>
         <object_component_ref idref="oc-94"/>
      </symbol>
      <symbol id="sm-8b6">
         <name>__TI_decompress_rle24</name>
         <value>0x5b16</value>
         <object_component_ref idref="oc-a0"/>
      </symbol>
      <symbol id="sm-8b7">
         <name>__TI_zero_init</name>
         <value>0x583e</value>
         <object_component_ref idref="oc-9a"/>
      </symbol>
      <symbol id="sm-8b8">
         <name>__memcpy_far</name>
         <value>0x57fe</value>
         <object_component_ref idref="oc-e6"/>
      </symbol>
      <symbol id="sm-8b9">
         <name>__mspabi_remi</name>
         <value>0x59ec</value>
         <object_component_ref idref="oc-13f"/>
      </symbol>
      <symbol id="sm-8ba">
         <name>__mspabi_divi</name>
         <value>0x59ec</value>
         <object_component_ref idref="oc-13f"/>
      </symbol>
      <symbol id="sm-8bb">
         <name>__mspabi_remu</name>
         <value>0x5ab2</value>
         <object_component_ref idref="oc-1a6"/>
      </symbol>
      <symbol id="sm-8bc">
         <name>__mspabi_divu</name>
         <value>0x5ab2</value>
         <object_component_ref idref="oc-1a6"/>
      </symbol>
      <symbol id="sm-8bd">
         <name>C$$EXIT</name>
         <value>0x5b38</value>
         <object_component_ref idref="oc-df"/>
      </symbol>
      <symbol id="sm-8be">
         <name>abort</name>
         <value>0x5b38</value>
         <object_component_ref idref="oc-df"/>
      </symbol>
      <symbol id="sm-8bf">
         <name>__TI_exit</name>
         <value>0x1</value>
      </symbol>
      <symbol id="sm-8c0">
         <name>__TI_ISR_TRAP</name>
         <value>0x5b2e</value>
         <object_component_ref idref="oc-aa"/>
      </symbol>
      <symbol id="sm-8c1">
         <name>_system_pre_init</name>
         <value>0x5b34</value>
         <object_component_ref idref="oc-cd"/>
      </symbol>
      <symbol id="sm-8c2">
         <name>__TI_args_main</name>
         <value>0x1</value>
      </symbol>
      <symbol id="sm-8c3">
         <name>__TI_INITARRAY_Base</name>
         <value>0x0</value>
      </symbol>
      <symbol id="sm-8c4">
         <name>__TI_INITARRAY_Limit</name>
         <value>0x0</value>
      </symbol>
      <symbol id="sm-8c5">
         <name>_auto_init_hold_wdt</name>
         <value>0x5546</value>
         <object_component_ref idref="oc-d3"/>
      </symbol>
   </symbol_table>
   <title>Link successful</title>
</link_info>
