################################################################################
#                                                                              #
#      IAR Universal Linker V5.4.1.30                                          #
#                                                                              #
#           Link time     =  09/May/2016  17:45:50                             #
#           Target CPU    =  MSP430                                            #
#           List file     =  "C:\git\MSP430_BSL\source\device\MSP430F5509\Rele #
#                            ase\List\Backup of HID4BSL.map"                   #
#           Output file 1 =  "C:\git\MSP430_BSL\source\device\MSP430F5509\Rele #
#                            ase\Exe\Backup of HID4BSL.txt"                    #
#                            Format: msp430_txt                                #
#           Output file 2 =  "C:\git\MSP430_BSL\source\device\MSP430F5509\Rele #
#                            ase\Exe\Backup of HID4BSL.d43"                    #
#                            Format: debug                                     #
#                            UBROF version 10.0.6                              #
#           Command line  =  C:\git\MSP430_BSL\source\device\MSP430F5509\Relea #
#                            se\Obj\BSL430_API.r43                             #
#                            C:\git\MSP430_BSL\source\device\MSP430F5509\Relea #
#                            se\Obj\BSL430_Command_Interpreter.r43             #
#                            C:\git\MSP430_BSL\source\device\MSP430F5509\Relea #
#                            se\Obj\BSL430_USB_PI.r43                          #
#                            C:\git\MSP430_BSL\source\device\MSP430F5509\Relea #
#                            se\Obj\UsbApi.r43                                 #
#                            C:\git\MSP430_BSL\source\device\MSP430F5509\Relea #
#                            se\Obj\UsbHidReq.r43                              #
#                            C:\git\MSP430_BSL\source\device\MSP430F5509\Relea #
#                            se\Obj\UsbIsr.r43                                 #
#                            C:\git\MSP430_BSL\source\device\MSP430F5509\Relea #
#                            se\Obj\cstartup.r43                               #
#                            C:\git\MSP430_BSL\source\device\MSP430F5509\Relea #
#                            se\Obj\descriptors.r43                            #
#                            C:\git\MSP430_BSL\source\device\MSP430F5509\Relea #
#                            se\Obj\hal_UCS.r43                                #
#                            C:\git\MSP430_BSL\source\device\MSP430F5509\Relea #
#                            se\Obj\usb.r43                                    #
#                            -o                                                #
#                            "C:\git\MSP430_BSL\source\device\MSP430F5509\Rele #
#                            ase\Exe\Backup of HID4BSL.d43"                    #
#                            -l                                                #
#                            "C:\git\MSP430_BSL\source\device\MSP430F5509\Rele #
#                            ase\List\Backup of HID4BSL.map"                   #
#                            -xms                                              #
#                            "-IC:\Program Files (x86)\IAR Systems\Embedded Wo #
#                            rkbench 6.4_3\430\LIB\"                           #
#                            -f                                                #
#                            C:\git\MSP430_BSL\source\device\MSP430F5509\CONFI #
#                            G\lnk430F5509_RAM_AREA.xcl                        #
#                            (-cmsp430                                         #
#                            -Z(CONST)BSL430_VERSION_VENDOR=2500-2500          #
#                            -Z(CONST)BSL430_VERSION_CI=2501-2501              #
#                            -Z(CONST)BSL430_VERSION_API=2502-2502             #
#                            -Z(CONST)BSL430_VERSION_PI=2503-2503              #
#                            -Z(DATA)DATA16_I,DATA16_Z,DATA16_N,DATA16_HEAP+_D #
#                            ATA16_HEAP_SIZE=2400-24FF                         #
#                            -Z(DATA)DATA20_I,DATA20_Z,DATA20_N,DATA20_HEAP+_D #
#                            ATA20_HEAP_SIZE                                   #
#                            -Z(DATA)CSTACK+_STACK_SIZE=3200-3400              #
#                            -Z(CODE)INFO=1800-19FF -Z(CODE)INFOA=1980-19FF    #
#                            -Z(CODE)INFOB=1900-197F -Z(CODE)INFOC=1880-18FF   #
#                            -Z(CODE)INFOD=1800-187F -Z(CODE)ZAREA=1000-100F   #
#                            -Z(CODE)ZAREA_CODE=1010-1100                      #
#                            -Z(CODE)BSL0=1010-11FF -Z(CODE)BSL1=1200-13FF     #
#                            -Z(CODE)BSL2=1400-15FF -Z(CODE)BSL3=1600-17FF     #
#                            -Z(CODE)CSTART,ISR_CODE=2504-31FF                 #
#                            -Z(CONST)DATA16_C,DATA16_ID,DIFUNCT=2504-31FF     #
#                            -P(CODE)CODE=2504-31FF                            #
#                            -Z(CONST)DATA20_C,DATA20_ID=2504-31FF             #
#                            -Z(CODE)INTVEC=FF80-FFFF                          #
#                            -Z(CODE)RESET=FFFE-FFFF                           #
#                            -Z(CONST)BSLSIG=0x17F0-17FB                       #
#                            -Z(CONST)JTAGLOCK_KEY=0x17FC-17FF) -Hff -f        #
#                            "C:\Program Files (x86)\IAR Systems\Embedded Work #
#                            bench 6.4_3\430\config\multiplier32_loc2.xcl"     #
#                            (-e?Mul8HwLoc2=?Mul8 -e?Mul16HwLoc2=?Mul16        #
#                            -e?Mul16to32uHwLoc2=?Mul16to32u                   #
#                            -e?Mul16to32sHwLoc2=?Mul16to32s                   #
#                            -e?Mul32Hw32Loc2=?Mul32                           #
#                            -e?Mul64Hw32Loc2=_Mul64i                          #
#                            -e?Mul32u32uto64iHw32Loc2=_Mul32u32uto64i         #
#                            -e?Mul32fHwLoc2=_Mul32f                           #
#                            -e_Mul64fHwPtrLoc2=_Mul64fPtr)                    #
#                            -D_STACK_SIZE=190 -Fubrof                         #
#                            "C:\Program Files (x86)\IAR Systems\Embedded Work #
#                            bench 6.4_3\430\LIB\CLIB\cl430xsf.r43"            #
#                            -e_large_write=_formatted_write                   #
#                            -e_large_read=_formatted_read                     #
#                            -D_DATA16_HEAP_SIZE=0                             #
#                            "-Omsp430_txt=C:\git\MSP430_BSL\source\device\MSP #
#                            430F5509\Release\Exe\Backup of HID4BSL.txt"       #
#                            -s __program_start -D_DATA20_HEAP_SIZE=50         #
#                                                                              #
#                           Copyright (C) 1987-2012 IAR Systems AB.            #
################################################################################





                ****************************************
                *                                      *
                *           CROSS REFERENCE            *
                *                                      *
                ****************************************

       Program entry at :           2504  Relocatable, from module : ?cstart




                ****************************************
                *                                      *
                *            RUNTIME MODEL             *
                *                                      *
                ****************************************

  __SystemLibrary = CLib
  __core          = 430X
  __data_model    = small
  __double_size   = 32
  __pic           = no
  __reg_r4        = free
  __reg_r5        = free
  __rt_version    = 3

                ****************************************
                *                                      *
                *    AUTOMATIC SYMBOL REDIRECTIONS     *
                *                                      *
                ****************************************

                  There are no automatic symbol redirections.



                ****************************************
                *                                      *
                *              MODULE MAP              *
                *                                      *
                ****************************************


  DEFINED ABSOLUTE ENTRIES
  PROGRAM MODULE, NAME : ?ABS_ENTRY_MOD

Absolute parts
           ENTRY                   ADDRESS         REF BY
           =====                   =======         ======
           _DATA20_HEAP_SIZE       0050 
           _DATA16_HEAP_SIZE       0000 
           _STACK_SIZE             0190 
    *************************************************************************

  FILE NAME : C:\git\MSP430_BSL\source\device\MSP430F5509\Release\Obj\BSL430_API.r43
  PROGRAM MODULE, NAME : BSL430_API

  SEGMENTS IN THE MODULE
  ======================
DATA16_AN
  Relative segment, address: 0152 - 0153 (0x2 bytes), align: 0
  Segment part 1. ROOT.       Intra module refs:   CRC_Check
           ENTRY                   ADDRESS         REF BY
           =====                   =======         ======
           _A_CRCDIRB_L            0152 
    -------------------------------------------------------------------------
DATA16_AN
  Relative segment, address: 0154 - 0155 (0x2 bytes), align: 0
  Segment part 2. ROOT.       Intra module refs:   CRC_Check
           ENTRY                   ADDRESS         REF BY
           =====                   =======         ======
           _A_CRCINIRES_L          0154 
    -------------------------------------------------------------------------
DATA16_AN
  Relative segment, address: 0140 - 0141 (0x2 bytes), align: 0
  Segment part 3. ROOT.       Intra module refs:   BSL430_eraseLocation
                                                   BSL430_unlock_BSL
                                                   flushBuffer
                                                   interpretCommand
                                                   receiveDataBlock
           ENTRY                   ADDRESS         REF BY
           =====                   =======         ======
           _A_FCTL1_L              0140 
    -------------------------------------------------------------------------
DATA16_AN
  Relative segment, address: 0144 - 0145 (0x2 bytes), align: 0
  Segment part 4. ROOT.       Intra module refs:   BSL430_eraseLocation
                                                   BSL430_unlock_BSL
                                                   flushBuffer
                                                   interpretCommand
                                                   receiveDataBlock
           ENTRY                   ADDRESS         REF BY
           =====                   =======         ======
           _A_FCTL3_L              0144 
    -------------------------------------------------------------------------
DATA16_AN
  Relative segment, address: 0120 - 0121 (0x2 bytes), align: 0
  Segment part 5. ROOT.       Intra module refs:   UsbHandler
           ENTRY                   ADDRESS         REF BY
           =====                   =======         ======
           _A_PMMCTL0_L            0120 
    -------------------------------------------------------------------------
DATA16_AN
  Relative segment, address: 0900 - 0901 (0x2 bytes), align: 0
  Segment part 6. ROOT.       Intra module refs:   USB_enable
                                                   main
           ENTRY                   ADDRESS         REF BY
           =====                   =======         ======
           _A_USBKEYID_L           0900 
    -------------------------------------------------------------------------
DATA16_AN
  Relative segment, address: 0902 - 0903 (0x2 bytes), align: 0
  Segment part 7. ROOT.       Intra module refs:   USB_enable
                                                   UsbHandler
                                                   main
           ENTRY                   ADDRESS         REF BY
           =====                   =======         ======
           _A_USBCNF_L             0902 
    -------------------------------------------------------------------------
DATA16_AN
  Relative segment, address: 0908 - 0909 (0x2 bytes), align: 0
  Segment part 8. ROOT.       Intra module refs:   UsbHandler
                                                   main
           ENTRY                   ADDRESS         REF BY
           =====                   =======         ======
           _A_USBPWRCTL_L          0908 
    -------------------------------------------------------------------------
DATA16_AN
  Relative segment, address: 0910 - 0911 (0x2 bytes), align: 0
  Segment part 9. ROOT.       Intra module refs:   USB_enable
                                                   UsbHandler
           ENTRY                   ADDRESS         REF BY
           =====                   =======         ======
           _A_USBPLLCTL_L          0910 
    -------------------------------------------------------------------------
DATA16_AN
  Relative segment, address: 0912 - 0913 (0x2 bytes), align: 0
  Segment part 10. ROOT.      Intra module refs:   USB_enable
           ENTRY                   ADDRESS         REF BY
           =====                   =======         ======
           _A_USBPLLDIVB_L         0912 
    -------------------------------------------------------------------------
DATA16_AN
  Relative segment, address: 0914 - 0915 (0x2 bytes), align: 0
  Segment part 11. ROOT.      Intra module refs:   USB_enable
           ENTRY                   ADDRESS         REF BY
           =====                   =======         ======
           _A_USBPLLIR_L           0914 
    -------------------------------------------------------------------------
DATA16_AN
  Relative segment, address: 092E - 092E (0x1 bytes), align: 0
  Segment part 12. ROOT.      Intra module refs:   USB_reset
           ENTRY                   ADDRESS         REF BY
           =====                   =======         ======
           USBIEPIE                092E 
    -------------------------------------------------------------------------
DATA16_AN
  Relative segment, address: 092F - 092F (0x1 bytes), align: 0
  Segment part 13. ROOT.      Intra module refs:   USB_reset
           ENTRY                   ADDRESS         REF BY
           =====                   =======         ======
           USBOEPIE                092F 
    -------------------------------------------------------------------------
DATA16_AN
  Relative segment, address: 0930 - 0930 (0x1 bytes), align: 0
  Segment part 14. ROOT.      Intra module refs:   UsbHandler
           ENTRY                   ADDRESS         REF BY
           =====                   =======         ======
           USBIEPIFG               0930 
    -------------------------------------------------------------------------
DATA16_AN
  Relative segment, address: 093C - 093C (0x1 bytes), align: 0
  Segment part 15. ROOT.      Intra module refs:   SetupPacketInterruptHandler
                                                   USB_reset
                                                   UsbHandler
                                                   usbDecodeAndProcessUsbRequest
           ENTRY                   ADDRESS         REF BY
           =====                   =======         ======
           USBCTL                  093C 
    -------------------------------------------------------------------------
DATA16_AN
  Relative segment, address: 093E - 093E (0x1 bytes), align: 0
  Segment part 16. ROOT.      Intra module refs:   SetupPacketInterruptHandler
                                                   USB_reset
                                                   UsbHandler
           ENTRY                   ADDRESS         REF BY
           =====                   =======         ======
           USBIFG                  093E 
    -------------------------------------------------------------------------
DATA16_AN
  Relative segment, address: 093F - 093F (0x1 bytes), align: 0
  Segment part 17. ROOT.      Intra module refs:   usbDecodeAndProcessUsbRequest
           ENTRY                   ADDRESS         REF BY
           =====                   =======         ======
           USBFUNADR               093F 
    -------------------------------------------------------------------------
DATA16_AN
  Relative segment, address: 0160 - 0161 (0x2 bytes), align: 0
  Segment part 18. ROOT.      Intra module refs:   main
           ENTRY                   ADDRESS         REF BY
           =====                   =======         ======
           _A_UCSCTL0_L            0160 
    -------------------------------------------------------------------------
DATA16_AN
  Relative segment, address: 0162 - 0163 (0x2 bytes), align: 0
  Segment part 19. ROOT.      Intra module refs:   main
           ENTRY                   ADDRESS         REF BY
           =====                   =======         ======
           _A_UCSCTL1_L            0162 
    -------------------------------------------------------------------------
DATA16_AN
  Relative segment, address: 0164 - 0165 (0x2 bytes), align: 0
  Segment part 20. ROOT.      Intra module refs:   main
           ENTRY                   ADDRESS         REF BY
           =====                   =======         ======
           _A_UCSCTL2_L            0164 
    -------------------------------------------------------------------------
DATA16_AN
  Relative segment, address: 0168 - 0169 (0x2 bytes), align: 0
  Segment part 21. ROOT.      Intra module refs:   main
           ENTRY                   ADDRESS         REF BY
           =====                   =======         ======
           _A_UCSCTL4_L            0168 
    -------------------------------------------------------------------------
DATA16_N
  Relative segment, address: 2456 - 24D5 (0x80 bytes), align: 1
  Segment part 39.            Intra module refs:   BSL430_writeMemory
                                                   flushBuffer
           ENTRY                   ADDRESS         REF BY
           =====                   =======         ======
           BlockBuffer             2456 
    -------------------------------------------------------------------------
DATA16_N
  Relative segment, address: 24D6 - 24D9 (0x4 bytes), align: 1
  Segment part 40.            Intra module refs:   BSL430_writeMemory
                                                   flushBuffer
                                                   main
           ENTRY                   ADDRESS         REF BY
           =====                   =======         ======
           BlockBufferStart        24D6 
    -------------------------------------------------------------------------
DATA16_N
  Relative segment, address: 24DA - 24DD (0x4 bytes), align: 1
  Segment part 41.            Intra module refs:   BSL430_writeMemory
                                                   flushBuffer
                                                   main
           ENTRY                   ADDRESS         REF BY
           =====                   =======         ======
           BlockBufferNext         24DA 
    -------------------------------------------------------------------------
DATA16_N
  Relative segment, address: 24DE - 24DF (0x2 bytes), align: 1
  Segment part 42.            Intra module refs:   BSL430_writeMemory
                                                   flushBuffer
                                                   main
           ENTRY                   ADDRESS         REF BY
           =====                   =======         ======
           BlockBufferPtr          24DE 
    -------------------------------------------------------------------------
DATA16_N
  Relative segment, address: 24E0 - 24E1 (0x2 bytes), align: 1
  Segment part 43.            Intra module refs:   BSL430_unlock_BSL
                                                   Segment part 77
                                                   main
           ENTRY                   ADDRESS         REF BY
           =====                   =======         ======
           LockedStatus            24E0 
    -------------------------------------------------------------------------
DATA16_N
  Relative segment, address: 24E2 - 24E3 (0x2 bytes), align: 1
  Segment part 44.            Intra module refs:   BSL430_eraseLocation
                                                   Segment part 86
                                                   Segment part 87
                                                   flushBuffer
                                                   interpretCommand
                                                   main
                                                   receiveDataBlock
           ENTRY                   ADDRESS         REF BY
           =====                   =======         ======
           FwRamKey                24E2 
    -------------------------------------------------------------------------
BSL430_VERSION_API
  Relative segment, address: 2502 - 2502 (0x1 bytes), align: 0
  Segment part 45.            Intra module refs:   main
           ENTRY                   ADDRESS         REF BY
           =====                   =======         ======
           BSL430_API_Version      2502 
    -------------------------------------------------------------------------
<CODE> 1 (was CODE)
  Relative segment, address: 294C - 2979 (0x2e bytes), align: 1
  Segment part 82.            Intra module refs:   interpretCommand
           ENTRY                   ADDRESS         REF BY
           =====                   =======         ======
           BSL430_eraseLocation    294C 
               CSTACK = 00000000 ( 00000004 )
    -------------------------------------------------------------------------
<CODE> 1 (was CODE)
  Relative segment, address: 297A - 297B (0x2 bytes), align: 1
  Segment part 83.            Intra module refs:   BSL430_eraseLocation
                                                   flushBuffer
    -------------------------------------------------------------------------
<CODE> 1 (was CODE)
  Relative segment, address: 297C - 2983 (0x8 bytes), align: 1
  Segment part 84.            Intra module refs:   BSL430_eraseLocation
                                                   Segment part 83
                                                   Segment part 86
                                                   flushBuffer
    -------------------------------------------------------------------------
<CODE> 1 (was CODE)
  Relative segment, address: 2984 - 29D1 (0x4e bytes), align: 1
  Segment part 85.            Intra module refs:   interpretCommand
           ENTRY                   ADDRESS         REF BY
           =====                   =======         ======
           BSL430_unlock_BSL       2984 
               CSTACK = 00000000 ( 0000000A )
    -------------------------------------------------------------------------
<CODE> 1 (was CODE)
  Relative segment, address: 29D2 - 29F3 (0x22 bytes), align: 1
  Segment part 86.            Intra module refs:   BSL430_unlock_BSL
                                                   interpretCommand
    -------------------------------------------------------------------------
<CODE> 1 (was CODE)
  Relative segment, address: 29F4 - 2A01 (0xe bytes), align: 1
  Segment part 87.            Intra module refs:   BSL430_eraseLocation
                                                   Segment part 86
                                                   flushBuffer
                                                   receiveDataBlock
    -------------------------------------------------------------------------
<CODE> 1 (was CODE)
  Relative segment, address: 2D6E - 2DC3 (0x56 bytes), align: 1
  Segment part 72.            Intra module refs:   sendDataBlock
           ENTRY                   ADDRESS         REF BY
           =====                   =======         ======
           BSL430_readMemory       2D6E 
               calls direct
               CSTACK = 00000000 ( 0000000C )
    -------------------------------------------------------------------------
<CODE> 1 (was CODE)
  Relative segment, address: 2F48 - 2F4F (0x8 bytes), align: 1
  Segment part 77.            Intra module refs:   BSL430_eraseLocation
                                                   BSL430_readMemory
                                                   BSL430_writeMemory
                                                   CRC_Check
                                                   flushBuffer
                                                   interpretCommand
                                                   receiveDataBlock
    -------------------------------------------------------------------------
<CODE> 1 (was CODE)
  Relative segment, address: 2744 - 2875 (0x132 bytes), align: 1
  Segment part 71.            Intra module refs:   BSL430_readMemory
                                                   BSL430_writeMemory
                                                   CRC_Check
                                                   interpretCommand
           ENTRY                   ADDRESS         REF BY
           =====                   =======         ======
           flushBuffer             2744 
               CSTACK = 00000000 ( 0000000C )
    -------------------------------------------------------------------------
<CODE> 1 (was CODE)
  Relative segment, address: 2AA6 - 2B2F (0x8a bytes), align: 1
  Segment part 76.            Intra module refs:   receiveDataBlock
           ENTRY                   ADDRESS         REF BY
           =====                   =======         ======
           BSL430_writeMemory      2AA6 
               calls direct
               CSTACK = 00000000 ( 00000010 )
    -------------------------------------------------------------------------
BSL430_VERSION_VENDOR
  Relative segment, address: 2500 - 2500 (0x1 bytes), align: 0
  Segment part 46.            Intra module refs:   interpretCommand
                                                   main
           ENTRY                   ADDRESS         REF BY
           =====                   =======         ======
           BSL430_Vendor_Version   2500 
    -------------------------------------------------------------------------
BSL430_VERSION_CI
  Relative segment, address: 2501 - 2501 (0x1 bytes), align: 0
  Segment part 47.            Intra module refs:   main
           ENTRY                   ADDRESS         REF BY
           =====                   =======         ======
           BSL430_CI_Version       2501 
    -------------------------------------------------------------------------
<CODE> 1 (was CODE)
  Relative segment, address: 2C9E - 2D0F (0x72 bytes), align: 1
  Segment part 81.
           ENTRY                   ADDRESS         REF BY
           =====                   =======         ======
           main                    2C9E            Segment part 16 (?cstart)
               calls direct
               CSTACK = 00000000 ( 00000004 )
    -------------------------------------------------------------------------
<CODE> 1 (was CODE)
  Relative segment, address: 2876 - 294B (0xd6 bytes), align: 1
  Segment part 79.            Intra module refs:   main
           ENTRY                   ADDRESS         REF BY
           =====                   =======         ======
           interpretCommand        2876 
               calls direct and indirect
               CSTACK = 00000000 ( 00000008 )
    -------------------------------------------------------------------------
<CODE> 1 (was CODE)
  Relative segment, address: 2F22 - 2F31 (0x10 bytes), align: 1
  Segment part 80.            Intra module refs:   interpretCommand
    -------------------------------------------------------------------------
<CODE> 1 (was CODE)
  Relative segment, address: 2E06 - 2E45 (0x40 bytes), align: 1
  Segment part 78.            Intra module refs:   interpretCommand
           ENTRY                   ADDRESS         REF BY
           =====                   =======         ======
           receiveDataBlock        2E06 
               calls direct
               CSTACK = 00000000 ( 00000006 )
    -------------------------------------------------------------------------
<CODE> 1 (was CODE)
  Relative segment, address: 2F32 - 2F3D (0xc bytes), align: 1
  Segment part 74.            Intra module refs:   CRC_Check
                                                   sendDataBlock
                                                   sendMessage
    -------------------------------------------------------------------------
<CODE> 1 (was CODE)
  Relative segment, address: 2BAE - 2C27 (0x7a bytes), align: 1
  Segment part 75.            Intra module refs:   interpretCommand
           ENTRY                   ADDRESS         REF BY
           =====                   =======         ======
           CRC_Check               2BAE 
               calls direct
               CSTACK = 00000000 ( 0000000C )
    -------------------------------------------------------------------------
<CODE> 1 (was CODE)
  Relative segment, address: 2C28 - 2C9D (0x76 bytes), align: 1
  Segment part 73.            Intra module refs:   interpretCommand
           ENTRY                   ADDRESS         REF BY
           =====                   =======         ======
           sendDataBlock           2C28 
               calls direct
               CSTACK = 00000000 ( 00000010 )
    -------------------------------------------------------------------------
<CODE> 1 (was CODE)
  Relative segment, address: 2F04 - 2F21 (0x1e bytes), align: 1
  Segment part 70.            Intra module refs:   CRC_Check
                                                   interpretCommand
                                                   receiveDataBlock
                                                   sendDataBlock
           ENTRY                   ADDRESS         REF BY
           =====                   =======         ======
           sendMessage             2F04 
               calls direct
               CSTACK = 00000000 ( 00000004 )
    -------------------------------------------------------------------------
DATA16_N
  Relative segment, address: 24E4 - 24E5 (0x2 bytes), align: 1
  Segment part 48.            Intra module refs:   interpretCommand
                                                   main
           ENTRY                   ADDRESS         REF BY
           =====                   =======         ======
           BSL430_ReceiveBuffer    24E4 
    -------------------------------------------------------------------------
DATA16_N
  Relative segment, address: 24E6 - 24E7 (0x2 bytes), align: 1
  Segment part 49.            Intra module refs:   CRC_Check
                                                   main
                                                   sendDataBlock
                                                   sendMessage
           ENTRY                   ADDRESS         REF BY
           =====                   =======         ======
           BSL430_SendBuffer       24E6 
    -------------------------------------------------------------------------
DATA16_N
  Relative segment, address: 24E8 - 24E9 (0x2 bytes), align: 1
  Segment part 50.            Intra module refs:   PI_receivePacket
                                                   receiveDataBlock
           ENTRY                   ADDRESS         REF BY
           =====                   =======         ======
           BSL430_BufferSize       24E8 
    -------------------------------------------------------------------------
DATA16_Z
  Relative segment, address: 2416 - 2454 (0x3f bytes), align: 0
  Segment part 51.            Intra module refs:   CRC_Check
                                                   Segment part 74
                                                   main
                                                   sendDataBlock
                                                   sendMessage
           ENTRY                   ADDRESS         REF BY
           =====                   =======         ======
           RAM_Buf                 2416 
    -------------------------------------------------------------------------
BSL430_VERSION_PI
  Relative segment, address: 2503 - 2503 (0x1 bytes), align: 0
  Segment part 52.            Intra module refs:   main
           ENTRY                   ADDRESS         REF BY
           =====                   =======         ======
           BSL430_PI_Version       2503 
    -------------------------------------------------------------------------
<CODE> 1 (was CODE)
  Relative segment, address: 2EB4 - 2EE1 (0x2e bytes), align: 1
  Segment part 69.            Intra module refs:   main
           ENTRY                   ADDRESS         REF BY
           =====                   =======         ======
           PI_receivePacket        2EB4 
               calls direct
               CSTACK = 00000000 ( 00000004 )
    -------------------------------------------------------------------------
<CODE> 1 (was CODE)
  Relative segment, address: 2E86 - 2EB3 (0x2e bytes), align: 1
  Segment part 68.            Intra module refs:   Segment part 74
           ENTRY                   ADDRESS         REF BY
           =====                   =======         ======
           UsbSendHID              2E86 
               CSTACK = 00000000 ( 00000004 )
    -------------------------------------------------------------------------
<CODE> 1 (was CODE)
  Relative segment, address: 2A02 - 2AA5 (0xa4 bytes), align: 1
  Segment part 67.            Intra module refs:   PI_receivePacket
           ENTRY                   ADDRESS         REF BY
           =====                   =======         ======
           UsbHandler              2A02 
               calls direct
               CSTACK = 00000000 ( 00000004 )
    -------------------------------------------------------------------------
<CODE> 1 (was CODE)
  Relative segment, address: 2E46 - 2E85 (0x40 bytes), align: 1
  Segment part 66.            Intra module refs:   UsbHandler
           ENTRY                   ADDRESS         REF BY
           =====                   =======         ======
           SetupPacketInterruptHandler
                                   2E46 
               calls direct
               CSTACK = 00000000 ( 00000004 )
    -------------------------------------------------------------------------
DATA16_AC
  Relative segment, address: 2516 - 2527 (0x12 bytes), align: 0
  Segment part 22. ROOT.      Intra module refs:   usbDecodeAndProcessUsbRequest
           ENTRY                   ADDRESS         REF BY
           =====                   =======         ======
           abromDeviceDescriptor   2516 
    -------------------------------------------------------------------------
DATA16_C
  Relative segment, address: 2528 - 254B (0x24 bytes), align: 0
  Segment part 53.            Intra module refs:   usbDecodeAndProcessUsbRequest
           ENTRY                   ADDRESS         REF BY
           =====                   =======         ======
           abromReportDescriptor   2528 
    -------------------------------------------------------------------------
DATA16_C
  Relative segment, address: 254C - 2574 (0x29 bytes), align: 0
  Segment part 54.            Intra module refs:   usbDecodeAndProcessUsbRequest
           ENTRY                   ADDRESS         REF BY
           =====                   =======         ======
           abromConfigurationDescriptorGroup
                                   254C 
    -------------------------------------------------------------------------
DATA16_AN
  Relative segment, address: 2400 - 2400 (0x1 bytes), align: 0
  Segment part 23. ROOT.      Intra module refs:   USB_reset
                                                   usbDecodeAndProcessUsbRequest
           ENTRY                   ADDRESS         REF BY
           =====                   =======         ======
           bConfigurationNumber    2400 
    -------------------------------------------------------------------------
DATA16_AN
  Relative segment, address: 2401 - 2401 (0x1 bytes), align: 0
  Segment part 24. ROOT.      Intra module refs:   USB_reset
                                                   usbDecodeAndProcessUsbRequest
           ENTRY                   ADDRESS         REF BY
           =====                   =======         ======
           bInterfaceNumber        2401 
    -------------------------------------------------------------------------
DATA16_AN
  Relative segment, address: 2402 - 2402 (0x1 bytes), align: 0
  Segment part 25. ROOT.      Intra module refs:   USB_reset
                                                   usbDecodeAndProcessUsbRequest
                                                   usbGetEndpointStatus
                                                   usbSendDataPacketOnEP0
                                                   usbSendNextPacketOnIEP0
                                                   usbSendZeroLengthPacketOnIEP0
           ENTRY                   ADDRESS         REF BY
           =====                   =======         ======
           wBytesRemainingOnIEP0   2402 
    -------------------------------------------------------------------------
DATA16_AN
  Relative segment, address: 2404 - 2404 (0x1 bytes), align: 0
  Segment part 26. ROOT.      Intra module refs:   USB_reset
           ENTRY                   ADDRESS         REF BY
           =====                   =======         ======
           wBytesRemainingOnOEP0   2404 
    -------------------------------------------------------------------------
DATA16_AN
  Relative segment, address: 2406 - 2407 (0x2 bytes), align: 0
  Segment part 27. ROOT.      Intra module refs:   usbSendDataPacketOnEP0
                                                   usbSendNextPacketOnIEP0
           ENTRY                   ADDRESS         REF BY
           =====                   =======         ======
           pbIEP0Buffer            2406 
    -------------------------------------------------------------------------
DATA16_AN
  Relative segment, address: 240E - 240E (0x1 bytes), align: 0
  Segment part 28. ROOT.      Intra module refs:   usbSendDataPacketOnEP0
                                                   usbSendNextPacketOnIEP0
           ENTRY                   ADDRESS         REF BY
           =====                   =======         ======
           bHostAskMoreDataThanAvailable
                                   240E 
    -------------------------------------------------------------------------
DATA16_N
  Relative segment, address: 24EA - 24F1 (0x8 bytes), align: 0
  Segment part 55.            Intra module refs:   Segment part 59
                                                   SetupPacketInterruptHandler
                                                   usbDecodeAndProcessUsbRequest
                                                   usbGetEndpointStatus
           ENTRY                   ADDRESS         REF BY
           =====                   =======         ======
           abUsbRequestReturnData
                                   24EA 
    -------------------------------------------------------------------------
DATA16_AN
  Relative segment, address: 2410 - 2410 (0x1 bytes), align: 0
  Segment part 29. ROOT.      Intra module refs:   SetupPacketInterruptHandler
                                                   USB_reset
                                                   UsbHandler
                                                   usbSendNextPacketOnIEP0
                                                   usbSendZeroLengthPacketOnIEP0
           ENTRY                   ADDRESS         REF BY
           =====                   =======         ======
           bStatusAction           2410 
    -------------------------------------------------------------------------
DATA16_AN
  Relative segment, address: 2411 - 2411 (0x1 bytes), align: 0
  Segment part 30. ROOT.      Intra module refs:   PI_receivePacket
                                                   USB_reset
                                                   UsbHandler
           ENTRY                   ADDRESS         REF BY
           =====                   =======         ======
           bFunctionSuspended      2411 
    -------------------------------------------------------------------------
DATA16_AN
  Relative segment, address: 2412 - 2412 (0x1 bytes), align: 0
  Segment part 31. ROOT.      Intra module refs:   PI_receivePacket
                                                   USB_reset
                                                   usbDecodeAndProcessUsbRequest
           ENTRY                   ADDRESS         REF BY
           =====                   =======         ======
           bEnumerationStatus      2412 
    -------------------------------------------------------------------------
DATA16_AN
  Relative segment, address: 2414 - 2415 (0x2 bytes), align: 0
  Segment part 32. ROOT.      Intra module refs:   USB_enable
           ENTRY                   ADDRESS         REF BY
           =====                   =======         ======
           wUSBPLL                 2414 
    -------------------------------------------------------------------------
DATA16_AN
  Relative segment, address: 2380 - 2387 (0x8 bytes), align: 0
  Segment part 33. ROOT.      Intra module refs:   usbDecodeAndProcessUsbRequest
                                                   usbGetEndpointStatus
                                                   usbSendDataPacketOnEP0
                                                   usbSetEndpointFeature
           ENTRY                   ADDRESS         REF BY
           =====                   =======         ======
           tSetupPacket            2380 
    -------------------------------------------------------------------------
DATA16_AN
  Relative segment, address: 0920 - 0923 (0x4 bytes), align: 0
  Segment part 34. ROOT.      Intra module refs:   SetupPacketInterruptHandler
                                                   USB_reset
                                                   UsbHandler
                                                   usbDecodeAndProcessUsbRequest
                                                   usbGetEndpointStatus
                                                   usbSendNextPacketOnIEP0
                                                   usbSendZeroLengthPacketOnIEP0
                                                   usbSetEndpointFeature
           ENTRY                   ADDRESS         REF BY
           =====                   =======         ======
           tEndPoint0DescriptorBlock
                                   0920 
    -------------------------------------------------------------------------
DATA16_AN
  Relative segment, address: 23C8 - 23FF (0x38 bytes), align: 0
  Segment part 35. ROOT.      Intra module refs:   USB_reset
                                                   UsbSendHID
                                                   usbDecodeAndProcessUsbRequest
                                                   usbGetEndpointStatus
                                                   usbSetEndpointFeature
           ENTRY                   ADDRESS         REF BY
           =====                   =======         ======
           tInputEndPointDescriptorBlock
                                   23C8 
    -------------------------------------------------------------------------
DATA16_AN
  Relative segment, address: 2388 - 23BF (0x38 bytes), align: 0
  Segment part 36. ROOT.      Intra module refs:   PI_receivePacket
                                                   USB_reset
                                                   usbDecodeAndProcessUsbRequest
                                                   usbGetEndpointStatus
                                                   usbSetEndpointFeature
           ENTRY                   ADDRESS         REF BY
           =====                   =======         ======
           tOutputEndPointDescriptorBlock
                                   2388 
    -------------------------------------------------------------------------
DATA16_AN
  Relative segment, address: 2378 - 237F (0x8 bytes), align: 0
  Segment part 37. ROOT.      Intra module refs:   usbSendNextPacketOnIEP0
           ENTRY                   ADDRESS         REF BY
           =====                   =======         ======
           abIEP0Buffer            2378 
    -------------------------------------------------------------------------
<CODE> 1 (was CODE)
  Relative segment, address: 2DC4 - 2E05 (0x42 bytes), align: 1
  Segment part 65.            Intra module refs:   UsbHandler
                                                   main
           ENTRY                   ADDRESS         REF BY
           =====                   =======         ======
           USB_enable              2DC4 
               CSTACK = 00000000 ( 00000006 )
    -------------------------------------------------------------------------
<CODE> 1 (was CODE)
  Relative segment, address: 2B30 - 2BAD (0x7e bytes), align: 1
  Segment part 64.            Intra module refs:   UsbHandler
                                                   main
           ENTRY                   ADDRESS         REF BY
           =====                   =======         ======
           USB_reset               2B30 
               CSTACK = 00000000 ( 00000004 )
    -------------------------------------------------------------------------
<CODE> 1 (was CODE)
  Relative segment, address: 2D10 - 2D6D (0x5e bytes), align: 1
  Segment part 56.            Intra module refs:   UsbHandler
                                                   usbSendDataPacketOnEP0
           ENTRY                   ADDRESS         REF BY
           =====                   =======         ======
           usbSendNextPacketOnIEP0
                                   2D10 
               CSTACK = 00000000 ( 00000004 )
    -------------------------------------------------------------------------
<CODE> 1 (was CODE)
  Relative segment, address: 2EE2 - 2F03 (0x22 bytes), align: 1
  Segment part 57.            Intra module refs:   Segment part 59
                                                   usbDecodeAndProcessUsbRequest
           ENTRY                   ADDRESS         REF BY
           =====                   =======         ======
           usbSendDataPacketOnEP0
                                   2EE2 
               calls direct
               CSTACK = 00000000 ( 00000004 )
    -------------------------------------------------------------------------
<CODE> 1 (was CODE)
  Relative segment, address: 2576 - 25B5 (0x40 bytes), align: 1
  Segment part 58.            Intra module refs:   usbDecodeAndProcessUsbRequest
           ENTRY                   ADDRESS         REF BY
           =====                   =======         ======
           usbGetEndpointStatus    2576 
               calls direct
               CSTACK = 00000000 ( 00000004 )
    -------------------------------------------------------------------------
<CODE> 1 (was CODE)
  Relative segment, address: 25B6 - 25BD (0x8 bytes), align: 1
  Segment part 59.            Intra module refs:   usbDecodeAndProcessUsbRequest
                                                   usbGetEndpointStatus
    -------------------------------------------------------------------------
<CODE> 1 (was CODE)
  Relative segment, address: 25BE - 25CB (0xe bytes), align: 1
  Segment part 60.            Intra module refs:   usbDecodeAndProcessUsbRequest
                                                   usbSetEndpointFeature
           ENTRY                   ADDRESS         REF BY
           =====                   =======         ======
           usbSendZeroLengthPacketOnIEP0
                                   25BE 
               CSTACK = 00000000 ( 00000004 )
    -------------------------------------------------------------------------
<CODE> 1 (was CODE)
  Relative segment, address: 25CC - 25FD (0x32 bytes), align: 1
  Segment part 61.            Intra module refs:   usbDecodeAndProcessUsbRequest
           ENTRY                   ADDRESS         REF BY
           =====                   =======         ======
           usbSetEndpointFeature   25CC 
               calls direct
               CSTACK = 00000000 ( 00000004 )
    -------------------------------------------------------------------------
<CODE> 1 (was CODE)
  Relative segment, address: 25FE - 2743 (0x146 bytes), align: 1
  Segment part 62.            Intra module refs:   SetupPacketInterruptHandler
           ENTRY                   ADDRESS         REF BY
           =====                   =======         ======
           usbDecodeAndProcessUsbRequest
                                   25FE 
               calls direct
               CSTACK = 00000000 ( 00000004 )
    -------------------------------------------------------------------------
<CODE> 1 (was CODE)
  Relative segment, address: 2F3E - 2F47 (0xa bytes), align: 1
  Segment part 63.            Intra module refs:   usbDecodeAndProcessUsbRequest
                                                   usbGetEndpointStatus

    *************************************************************************

  FILE NAME : C:\git\MSP430_BSL\source\device\MSP430F5509\Release\Obj\BSL430_Command_Interpreter.r43
    *************************************************************************

  FILE NAME : C:\git\MSP430_BSL\source\device\MSP430F5509\Release\Obj\BSL430_USB_PI.r43
    *************************************************************************

  FILE NAME : C:\git\MSP430_BSL\source\device\MSP430F5509\Release\Obj\UsbApi.r43
    *************************************************************************

  FILE NAME : C:\git\MSP430_BSL\source\device\MSP430F5509\Release\Obj\UsbHidReq.r43
    *************************************************************************

  FILE NAME : C:\git\MSP430_BSL\source\device\MSP430F5509\Release\Obj\UsbIsr.r43
    *************************************************************************

  FILE NAME : C:\git\MSP430_BSL\source\device\MSP430F5509\Release\Obj\cstartup.r43
  LIBRARY MODULE, NAME : ?reset_vector

  SEGMENTS IN THE MODULE
  ======================
RESET
  Relative segment, address: FFFE - FFFF (0x2 bytes), align: 1
  Segment part 0.
           ENTRY                   ADDRESS         REF BY
           =====                   =======         ======
           ?reset_vector           FFFE            Segment part 8 (?cstart)

    -------------------------------------------------------------------------
  LIBRARY MODULE, NAME : ?cstart

  SEGMENTS IN THE MODULE
  ======================
CSTACK
  Relative segment, address: 3200, align: 1
  Segment part 1.
    -------------------------------------------------------------------------
CSTART
  Relative segment, address: 2504 - 250F (0xc bytes), align: 1
  Segment part 8.
           ENTRY                   ADDRESS         REF BY
           =====                   =======         ======
           __program_start         2504            ?reset_vector (?reset_vector)
                                                   Absolute parts (?ABS_ENTRY_MOD)
           ?cstart_begin           2504 
    -------------------------------------------------------------------------
CSTART
  Relative segment, address: 2510, align: 1
  Segment part 10.
           ENTRY                   ADDRESS         REF BY
           =====                   =======         ======
           ?cstart_init_zero       2510            RAM_Buf (BSL430_API)
    -------------------------------------------------------------------------
CSTART
  Relative segment, address: 2510 - 2515 (0x6 bytes), align: 1
  Segment part 16.            Intra module refs:   Segment part 8
           ENTRY                   ADDRESS         REF BY
           =====                   =======         ======
           ?cstart_call_main       2510 
           ?cstart_end             2516 

    *************************************************************************

  FILE NAME : C:\git\MSP430_BSL\source\device\MSP430F5509\Release\Obj\descriptors.r43
    *************************************************************************

  FILE NAME : C:\git\MSP430_BSL\source\device\MSP430F5509\Release\Obj\hal_UCS.r43
    *************************************************************************

  FILE NAME : C:\git\MSP430_BSL\source\device\MSP430F5509\Release\Obj\usb.r43
    *************************************************************************

  FILE NAME : C:\Program Files (x86)\IAR Systems\Embedded Workbench 6.4_3\430\LIB\CLIB\cl430xsf.r43
  LIBRARY MODULE, NAME : ?IndCallR11

  SEGMENTS IN THE MODULE
  ======================
<CODE> 1 (was CODE)
  Relative segment, address: 2F50 - 2F53 (0x4 bytes), align: 1
  Segment part 0.
           ENTRY                   ADDRESS         REF BY
           =====                   =======         ======
           ?IndCallR11             2F50            interpretCommand (BSL430_API)

    *************************************************************************

  DEFINED ABSOLUTE ENTRIES
  PROGRAM MODULE, NAME : ?FILLER_BYTES

  SEGMENTS IN THE MODULE
  ======================
?FILL2
  Relative segment, address: 2F54 - 31FF (0x2ac bytes), align: 0
  Segment part 1.
    -------------------------------------------------------------------------
?FILL1
  Relative segment, address: 2575 - 2575 (0x1 bytes), align: 0
  Segment part 0.




                ****************************************
                *                                      *
                *      SEGMENTS IN ADDRESS ORDER       *
                *                                      *
                ****************************************


SEGMENT              SPACE    START ADDRESS   END ADDRESS     SIZE  TYPE  ALIGN
=======              =====    =============   ===========     ====  ====  =====
DATA16_AN                              0120 - 0121               2   rel    0
                                       0140 - 0141               2 
                                       0144 - 0145               2 
                                       0152 - 0155               4 
                                       0160 - 0165               6 
                                       0168 - 0169               2 
                                       0900 - 0903               4 
                                       0908 - 0909               2 
                                       0910 - 0915               6 
                                       0920 - 0923               4 
                                       092E - 0930               3 
                                       093C - 093C               1 
                                       093E - 093F               2 
                                       2378 - 23BF              48 
                                       23C8 - 2402              3B 
DATA16_I                                  2403                       dse    0
DATA16_AN                              2404 - 2404               1   rel    0
                                       2406 - 2407               2 
                                       240E - 240E               1 
                                       2410 - 2412               3 
                                       2414 - 2415               2 
DATA16_Z                               2416 - 2454              3F   rel    0
DATA16_N                               2456 - 24F1              9C   rel    1
BSL430_VERSION_VENDOR
                                       2500 - 2500               1   rel    0
BSL430_VERSION_CI                      2501 - 2501               1   rel    0
BSL430_VERSION_API                     2502 - 2502               1   rel    0
BSL430_VERSION_PI                      2503 - 2503               1   rel    0
CSTART                                 2504 - 2515              12   rel    1
DATA16_AC                              2516 - 2527              12   rel    0
DATA16_C                               2528 - 2574              4D   rel    0
?FILL1                                 2575 - 2575               1   rel    0
<CODE> 1                               2576 - 2F53             9DE   rel    1
?FILL2                                 2F54 - 31FF             2AC   rel    0
CSTACK                                 3200 - 338F             190   rel    1
RESET                                  FFFE - FFFF               2   rel    1

                ****************************************
                *                                      *
                *        END OF CROSS REFERENCE        *
                *                                      *
                ****************************************

 2 546 bytes of CODE  memory (+              685 range fill )
   619 bytes of DATA  memory (+ 180 absolute )
    81 bytes of CONST memory (+  18 absolute )

Errors: none
Warnings: none

