################################################################################
#                                                                              #
#      IAR Universal Linker V5.6.0.36                                          #
#                                                                              #
#           Link time     =  23/Sep/2013  14:16:26                             #
#           Target CPU    =  MSP430                                            #
#           List file     =  "C:\clear_case_views\a0406734_F5259_00.08.08.04\m #
#                            sp430_tools\Projects\BSL430\Source Code\Devices\M #
#                            SP430F525x_catalog_UART\Release\List\F5259.map"   #
#           Output file 1 =  "C:\clear_case_views\a0406734_F5259_00.08.08.04\m #
#                            sp430_tools\Projects\BSL430\Source Code\Devices\M #
#                            SP430F525x_catalog_UART\Release\Exe\F5259.txt"    #
#                            Format: msp430_txt                                #
#           Command line  =  "C:\clear_case_views\a0406734_F5259_00.08.08.04\m #
#                            sp430_tools\Projects\BSL430\Source Code\Devices\M #
#                            SP430F525x_catalog_UART\Release\Obj\BSL430_API.r4 #
#                            3"                                                #
#                            "C:\clear_case_views\a0406734_F5259_00.08.08.04\m #
#                            sp430_tools\Projects\BSL430\Source Code\Devices\M #
#                            SP430F525x_catalog_UART\Release\Obj\BSL430_Comman #
#                            d_Interpreter.r43"                                #
#                            "C:\clear_case_views\a0406734_F5259_00.08.08.04\m #
#                            sp430_tools\Projects\BSL430\Source Code\Devices\M #
#                            SP430F525x_catalog_UART\Release\Obj\BSL430_Low_Le #
#                            vel_Init.r43"                                     #
#                            "C:\clear_case_views\a0406734_F5259_00.08.08.04\m #
#                            sp430_tools\Projects\BSL430\Source Code\Devices\M #
#                            SP430F525x_catalog_UART\Release\Obj\BSL430_PI_TA. #
#                            r43"                                              #
#                            -o                                                #
#                            "C:\clear_case_views\a0406734_F5259_00.08.08.04\m #
#                            sp430_tools\Projects\BSL430\Source Code\Devices\M #
#                            SP430F525x_catalog_UART\Release\Exe\F5259.txt"    #
#                            -Fmsp430_txt -l                                   #
#                            "C:\clear_case_views\a0406734_F5259_00.08.08.04\m #
#                            sp430_tools\Projects\BSL430\Source Code\Devices\M #
#                            SP430F525x_catalog_UART\Release\List\F5259.map"   #
#                            -xms                                              #
#                            "-IC:\Program Files (x86)\IAR Systems\Embedded Wo #
#                            rkbench 6.5\430\LIB\"                             #
#                            -f                                                #
#                            "C:\clear_case_views\a0406734_F5259_00.08.08.04\m #
#                            sp430_tools\Projects\BSL430\Source Code\Devices\M #
#                            SP430F525x_catalog_UART\CONFIG\lnk430_BSL_AREA_RA #
#                            M_2400-43FF.xcl"                                  #
#                            (-cmsp430                                         #
#                            -Z(CONST)BSL430_VERSION_VENDOR=1010-1010          #
#                            -Z(CONST)BSL430_VERSION_CI=1011-1011              #
#                            -Z(CONST)BSL430_VERSION_API=1012-1012             #
#                            -Z(CONST)BSL430_VERSION_PI=1013-1013              #
#                            -Z(DATA)DATA16_I,DATA16_Z,DATA16_N,DATA16_HEAP+_D #
#                            ATA16_HEAP_SIZE=2400-43FF                         #
#                            -Z(DATA)DATA20_I,DATA20_Z,DATA20_N,DATA20_HEAP+_D #
#                            ATA20_HEAP_SIZE                                   #
#                            -Z(DATA)CSTACK+_STACK_SIZE#                       #
#                            -Z(CODE)INFO=1800-19FF -Z(CODE)INFOA=1980-19FF    #
#                            -Z(CODE)INFOB=1900-197F -Z(CODE)INFOC=1880-18FF   #
#                            -Z(CODE)INFOD=1800-187F                           #
#                            -Z(CODE)CSTART,ISR_CODE=1010-17EF                 #
#                            -Z(CONST)DATA16_C,DATA16_ID,DIFUNCT=1010-17EF     #
#                            -Z(CODE)ZAREA=1000-100F                           #
#                            -Z(CODE)ZAREA_CODE=1010-17EF                      #
#                            -Z(CODE)BSL0=1010-11FF -Z(CODE)BSL1=1200-13FF     #
#                            -Z(CODE)BSL2=1400-15FF -Z(CODE)BSL3=1600-17EF     #
#                            -P(CODE)CODE=1010-17EF                            #
#                            -Z(CONST)DATA20_C,DATA20_ID=1010-17EF             #
#                            -Z(CODE)INTVEC=FF80-FFFF                          #
#                            -Z(CODE)RESET=FFAE-FFAF                           #
#                            -Z(CONST)BSLSIG=0x17F0-17FB                       #
#                            -Z(CONST)JTAGLOCK_KEY=0x17FC-17FF) -Hff -f        #
#                            "C:\Program Files (x86)\IAR Systems\Embedded Work #
#                            bench 6.5\430\config\multiplier32_loc2.xcl"       #
#                            (-e?Mul8HwLoc2=?Mul8 -e?Mul16HwLoc2=?Mul16        #
#                            -e?Mul16to32uHwLoc2=?Mul16to32u                   #
#                            -e?Mul16to32sHwLoc2=?Mul16to32s                   #
#                            -e?Mul32Hw32Loc2=?Mul32                           #
#                            -e?Mul64Hw32Loc2=_Mul64i                          #
#                            -e?Mul32u32uto64iHw32Loc2=_Mul32u32uto64i         #
#                            -e?Mul32fHwLoc2=_Mul32f                           #
#                            -e_Mul64fHwPtrLoc2=_Mul64fPtr) -D_STACK_SIZE=A0   #
#                            "C:\Program Files (x86)\IAR Systems\Embedded Work #
#                            bench 6.5\430\LIB\DLIB\dl430xsfn.r43"             #
#                            -D_DATA16_HEAP_SIZE=A0 -s __program_start         #
#                            -D_DATA20_HEAP_SIZE=50                            #
#                                                                              #
#                           Copyright (C) 1987-2013 IAR Systems AB.            #
################################################################################





                ****************************************
                *                                      *
                *           CROSS REFERENCE            *
                *                                      *
                ****************************************

       Program entry at :           1014  Relocatable, from module : ?cstart




                ****************************************
                *                                      *
                *            RUNTIME MODEL             *
                *                                      *
                ****************************************

  __Heap_Handler             = Basic
  __SystemLibrary            = DLib
  __core                     = 430X
  __data_model               = small
  __dlib_file_descriptor     = 0
  __dlib_full_locale_support = 0
  __double_size              = 32
  __pic                      = no
  __reg_r4                   = free
  __reg_r5                   = free
  __rt_version               = 3

                ****************************************
                *                                      *
                *    AUTOMATIC SYMBOL REDIRECTIONS     *
                *                                      *
                ****************************************

                  There are no automatic symbol redirections.



                ****************************************
                *                                      *
                *              MODULE MAP              *
                *                                      *
                ****************************************


  DEFINED ABSOLUTE ENTRIES
  PROGRAM MODULE, NAME : ?ABS_ENTRY_MOD

Absolute parts
           ENTRY                   ADDRESS         REF BY
           =====                   =======         ======
           _DATA20_HEAP_SIZE       0050 
           _DATA16_HEAP_SIZE       00A0 
           _STACK_SIZE             00A0 
    *************************************************************************

  FILE NAME : C:\clear_case_views\a0406734_F5259_00.08.08.04\msp430_tools\Projects\BSL430\Source Code\Devices\MSP430F525x_catalog_UART\Release\Obj\BSL430_API.r43
  PROGRAM MODULE, NAME : BSL430_API

  SEGMENTS IN THE MODULE
  ======================
DATA16_AN
  Relative segment, address: 0152 - 0153 (0x2 bytes), align: 0
  Segment part 1. ROOT.       Intra module refs:   CRC_Check
                                                   PI_receivePacket
                                                   PI_sendData
           ENTRY                   ADDRESS         REF BY
           =====                   =======         ======
           _A_CRCDIRB_L            0152 
    -------------------------------------------------------------------------
DATA16_AN
  Relative segment, address: 0154 - 0155 (0x2 bytes), align: 0
  Segment part 2. ROOT.       Intra module refs:   CRC_Check
                                                   PI_receivePacket
                                                   PI_sendData
           ENTRY                   ADDRESS         REF BY
           =====                   =======         ======
           _A_CRCINIRES_L          0154 
    -------------------------------------------------------------------------
DATA16_AN
  Relative segment, address: 0140 - 0141 (0x2 bytes), align: 0
  Segment part 3. ROOT.       Intra module refs:   BSL430_massErase
                                                   interpretCommand
                                                   receiveDataBlock
           ENTRY                   ADDRESS         REF BY
           =====                   =======         ======
           _A_FCTL1_L              0140 
    -------------------------------------------------------------------------
DATA16_AN
  Relative segment, address: 0144 - 0145 (0x2 bytes), align: 0
  Segment part 4. ROOT.       Intra module refs:   BSL430_massErase
                                                   interpretCommand
                                                   receiveDataBlock
           ENTRY                   ADDRESS         REF BY
           =====                   =======         ======
           _A_FCTL3_L              0144 
    -------------------------------------------------------------------------
DATA16_AN
  Relative segment, address: 0244 - 0245 (0x2 bytes), align: 0
  Segment part 5. ROOT.       Intra module refs:   PI_init
           ENTRY                   ADDRESS         REF BY
           =====                   =======         ======
           _A_PCDIR_L              0244 
    -------------------------------------------------------------------------
DATA16_AN
  Relative segment, address: 024A - 024B (0x2 bytes), align: 0
  Segment part 6. ROOT.       Intra module refs:   PI_init
           ENTRY                   ADDRESS         REF BY
           =====                   =======         ======
           _A_PCSEL_L              024A 
    -------------------------------------------------------------------------
DATA16_AN
  Relative segment, address: 0400 - 0401 (0x2 bytes), align: 0
  Segment part 7. ROOT.       Intra module refs:   PI_init
           ENTRY                   ADDRESS         REF BY
           =====                   =======         ======
           TA2CTL                  0400 
    -------------------------------------------------------------------------
DATA16_AN
  Relative segment, address: 0402 - 0403 (0x2 bytes), align: 0
  Segment part 8. ROOT.       Intra module refs:   PI_init
                                                   sendByte
           ENTRY                   ADDRESS         REF BY
           =====                   =======         ======
           TA2CCTL0                0402 
    -------------------------------------------------------------------------
DATA16_AN
  Relative segment, address: 0404 - 0405 (0x2 bytes), align: 0
  Segment part 9. ROOT.       Intra module refs:   receiveByte
           ENTRY                   ADDRESS         REF BY
           =====                   =======         ======
           TA2CCTL1                0404 
    -------------------------------------------------------------------------
DATA16_AN
  Relative segment, address: 0410 - 0411 (0x2 bytes), align: 0
  Segment part 10. ROOT.      Intra module refs:   sendByte
           ENTRY                   ADDRESS         REF BY
           =====                   =======         ======
           TA2R                    0410 
    -------------------------------------------------------------------------
DATA16_AN
  Relative segment, address: 0412 - 0413 (0x2 bytes), align: 0
  Segment part 11. ROOT.      Intra module refs:   sendByte
           ENTRY                   ADDRESS         REF BY
           =====                   =======         ======
           TA2CCR0                 0412 
    -------------------------------------------------------------------------
DATA16_AN
  Relative segment, address: 0414 - 0415 (0x2 bytes), align: 0
  Segment part 12. ROOT.      Intra module refs:   receiveByte
           ENTRY                   ADDRESS         REF BY
           =====                   =======         ======
           TA2CCR1                 0414 
    -------------------------------------------------------------------------
DATA16_AN
  Relative segment, address: 0160 - 0161 (0x2 bytes), align: 0
  Segment part 13. ROOT.      Intra module refs:   PI_init
           ENTRY                   ADDRESS         REF BY
           =====                   =======         ======
           _A_UCSCTL0_L            0160 
    -------------------------------------------------------------------------
DATA16_AN
  Relative segment, address: 0162 - 0163 (0x2 bytes), align: 0
  Segment part 14. ROOT.      Intra module refs:   PI_init
           ENTRY                   ADDRESS         REF BY
           =====                   =======         ======
           _A_UCSCTL1_L            0162 
    -------------------------------------------------------------------------
DATA16_AN
  Relative segment, address: 0164 - 0165 (0x2 bytes), align: 0
  Segment part 15. ROOT.      Intra module refs:   PI_init
           ENTRY                   ADDRESS         REF BY
           =====                   =======         ======
           _A_UCSCTL2_L            0164 
    -------------------------------------------------------------------------
DATA16_AN
  Relative segment, address: 0168 - 0169 (0x2 bytes), align: 0
  Segment part 16. ROOT.      Intra module refs:   PI_init
           ENTRY                   ADDRESS         REF BY
           =====                   =======         ======
           _A_UCSCTL4_L            0168 
    -------------------------------------------------------------------------
DATA16_AN
  Relative segment, address: 016A - 016B (0x2 bytes), align: 0
  Segment part 17. ROOT.      Intra module refs:   PI_init
           ENTRY                   ADDRESS         REF BY
           =====                   =======         ======
           _A_UCSCTL5_L            016A 
    -------------------------------------------------------------------------
DATA16_AN
  Relative segment, address: 015C - 015D (0x2 bytes), align: 0
  Segment part 18. ROOT.      Intra module refs:   __low_level_init
           ENTRY                   ADDRESS         REF BY
           =====                   =======         ======
           _A_WDTCTL_L             015C 
    -------------------------------------------------------------------------
DATA16_N
  Relative segment, address: 2400 - 2401 (0x2 bytes), align: 1
  Segment part 20.            Intra module refs:   BSL430_unlock_BSL
                                                   Segment part 44
                                                   main
           ENTRY                   ADDRESS         REF BY
           =====                   =======         ======
           LockedStatus            2400 
    -------------------------------------------------------------------------
DATA16_N
  Relative segment, address: 2402 - 2403 (0x2 bytes), align: 1
  Segment part 21.            Intra module refs:   BSL430_massErase
                                                   Segment part 47
                                                   interpretCommand
                                                   main
                                                   receiveDataBlock
           ENTRY                   ADDRESS         REF BY
           =====                   =======         ======
           FwRamKey                2402 
    -------------------------------------------------------------------------
BSL430_VERSION_API
  Relative segment, address: 1012 - 1012 (0x1 bytes), align: 0
  Segment part 22.            Intra module refs:   __low_level_init
           ENTRY                   ADDRESS         REF BY
           =====                   =======         ======
           BSL430_API_Version      1012 
    -------------------------------------------------------------------------
<CODE> 1 (was CODE)
  Relative segment, address: 167E - 168B (0xe bytes), align: 1
  Segment part 53. ROOT.
           ENTRY                   ADDRESS         REF BY
           =====                   =======         ======
           __low_level_init        167E            ?cstart_call_low_level_init (?cstart)
               CSTACK = 00000000 ( 00000004 )
    -------------------------------------------------------------------------
<CODE> 1 (was CODE)
  Relative segment, address: 14E0 - 1531 (0x52 bytes), align: 1
  Segment part 52.            Intra module refs:   interpretCommand
           ENTRY                   ADDRESS         REF BY
           =====                   =======         ======
           BSL430_unlock_BSL       14E0 
               calls direct
               CSTACK = 00000000 ( 0000000A )
    -------------------------------------------------------------------------
<CODE> 1 (was CODE)
  Relative segment, address: 1396 - 1423 (0x8e bytes), align: 1
  Segment part 51.            Intra module refs:   receiveDataBlock
           ENTRY                   ADDRESS         REF BY
           =====                   =======         ======
           BSL430_writeMemory      1396 
               CSTACK = 00000000 ( 00000014 )
    -------------------------------------------------------------------------
<CODE> 1 (was CODE)
  Relative segment, address: 1670 - 1673 (0x4 bytes), align: 1
  Segment part 47.            Intra module refs:   BSL430_massErase
                                                   interpretCommand
    -------------------------------------------------------------------------
<CODE> 1 (was CODE)
  Relative segment, address: 1674 - 167D (0xa bytes), align: 1
  Segment part 48.            Intra module refs:   Segment part 47
                                                   receiveDataBlock
    -------------------------------------------------------------------------
<CODE> 1 (was CODE)
  Relative segment, address: 163A - 1657 (0x1e bytes), align: 1
  Segment part 50.            Intra module refs:   BSL430_unlock_BSL
                                                   interpretCommand
           ENTRY                   ADDRESS         REF BY
           =====                   =======         ======
           BSL430_massErase        163A 
               CSTACK = 00000000 ( 00000004 )
    -------------------------------------------------------------------------
BSL430_VERSION_VENDOR
  Relative segment, address: 1010 - 1010 (0x1 bytes), align: 0
  Segment part 23.            Intra module refs:   interpretCommand
                                                   main
           ENTRY                   ADDRESS         REF BY
           =====                   =======         ======
           BSL430_Vendor_Version   1010 
    -------------------------------------------------------------------------
BSL430_VERSION_CI
  Relative segment, address: 1011 - 1011 (0x1 bytes), align: 0
  Segment part 24.            Intra module refs:   main
           ENTRY                   ADDRESS         REF BY
           =====                   =======         ======
           BSL430_CI_Version       1011 
    -------------------------------------------------------------------------
<CODE> 1 (was CODE)
  Relative segment, address: 160E - 1639 (0x2c bytes), align: 1
  Segment part 49.
           ENTRY                   ADDRESS         REF BY
           =====                   =======         ======
           main                    160E            Segment part 22 (?cstart)
               calls direct
               CSTACK = 00000000 ( 00000004 )
    -------------------------------------------------------------------------
<CODE> 1 (was CODE)
  Relative segment, address: 1200 - 12F1 (0xf2 bytes), align: 1
  Segment part 45.            Intra module refs:   main
           ENTRY                   ADDRESS         REF BY
           =====                   =======         ======
           interpretCommand        1200 
               calls direct and indirect
               CSTACK = 00000000 ( 00000008 )
    -------------------------------------------------------------------------
<CODE> 1 (was CODE)
  Relative segment, address: 168C - 1699 (0xe bytes), align: 1
  Segment part 46.            Intra module refs:   interpretCommand
    -------------------------------------------------------------------------
<CODE> 1 (was CODE)
  Relative segment, address: 148E - 14DF (0x52 bytes), align: 1
  Segment part 43.            Intra module refs:   interpretCommand
           ENTRY                   ADDRESS         REF BY
           =====                   =======         ======
           receiveDataBlock        148E 
               calls direct
               CSTACK = 00000000 ( 0000000C )
    -------------------------------------------------------------------------
<CODE> 1 (was CODE)
  Relative segment, address: 1424 - 148D (0x6a bytes), align: 1
  Segment part 42.            Intra module refs:   interpretCommand
           ENTRY                   ADDRESS         REF BY
           =====                   =======         ======
           CRC_Check               1424 
               calls direct
               CSTACK = 00000000 ( 0000000C )
    -------------------------------------------------------------------------
<CODE> 1 (was CODE)
  Relative segment, address: 16A6 - 16AD (0x8 bytes), align: 1
  Segment part 44.            Intra module refs:   BSL430_writeMemory
                                                   CRC_Check
                                                   interpretCommand
                                                   receiveDataBlock
                                                   sendDataBlock
    -------------------------------------------------------------------------
<CODE> 1 (was CODE)
  Relative segment, address: 12F2 - 1395 (0xa4 bytes), align: 1
  Segment part 41.            Intra module refs:   interpretCommand
           ENTRY                   ADDRESS         REF BY
           =====                   =======         ======
           sendDataBlock           12F2 
               calls direct
               CSTACK = 00000000 ( 00000018 )
    -------------------------------------------------------------------------
<CODE> 1 (was CODE)
  Relative segment, address: 1658 - 166F (0x18 bytes), align: 1
  Segment part 40.            Intra module refs:   CRC_Check
                                                   interpretCommand
                                                   receiveDataBlock
                                                   sendDataBlock
           ENTRY                   ADDRESS         REF BY
           =====                   =======         ======
           sendMessage             1658 
               calls direct
               CSTACK = 00000000 ( 00000004 )
    -------------------------------------------------------------------------
DATA16_N
  Relative segment, address: 2404 - 2405 (0x2 bytes), align: 1
  Segment part 25.            Intra module refs:   Segment part 39
                                                   interpretPI_Command
                                                   receiveByte
                                                   sendByte
           ENTRY                   ADDRESS         REF BY
           =====                   =======         ======
           BitTime                 2404 
    -------------------------------------------------------------------------
DATA16_N
  Relative segment, address: 2406 - 2407 (0x2 bytes), align: 1
  Segment part 26.            Intra module refs:   Segment part 39
                                                   interpretPI_Command
                                                   receiveByte
           ENTRY                   ADDRESS         REF BY
           =====                   =======         ======
           BitTime_5               2406 
    -------------------------------------------------------------------------
DATA16_N
  Relative segment, address: 2408 - 2409 (0x2 bytes), align: 1
  Segment part 27.            Intra module refs:   PI_init
                                                   interpretCommand
           ENTRY                   ADDRESS         REF BY
           =====                   =======         ======
           BSL430_ReceiveBuffer    2408 
    -------------------------------------------------------------------------
DATA16_N
  Relative segment, address: 240A - 240B (0x2 bytes), align: 1
  Segment part 28.            Intra module refs:   CRC_Check
                                                   PI_init
                                                   sendDataBlock
                                                   sendMessage
           ENTRY                   ADDRESS         REF BY
           =====                   =======         ======
           BSL430_SendBuffer       240A 
    -------------------------------------------------------------------------
DATA16_N
  Relative segment, address: 240C - 240D (0x2 bytes), align: 1
  Segment part 29.            Intra module refs:   PI_receivePacket
                                                   receiveDataBlock
           ENTRY                   ADDRESS         REF BY
           =====                   =======         ======
           BSL430_BufferSize       240C 
    -------------------------------------------------------------------------
DATA16_N
  Relative segment, address: 240E - 2511 (0x104 bytes), align: 1
  Segment part 30.            Intra module refs:   PI_init
                                                   PI_receivePacket
                                                   PI_sendData
                                                   interpretPI_Command
           ENTRY                   ADDRESS         REF BY
           =====                   =======         ======
           RAM_Buf                 240E 
    -------------------------------------------------------------------------
BSL430_VERSION_PI
  Relative segment, address: 1013 - 1013 (0x1 bytes), align: 0
  Segment part 31.            Intra module refs:   PI_init
           ENTRY                   ADDRESS         REF BY
           =====                   =======         ======
           BSL430_PI_Version       1013 
    -------------------------------------------------------------------------
<CODE> 1 (was CODE)
  Relative segment, address: 1056 - 10D1 (0x7c bytes), align: 1
  Segment part 35.            Intra module refs:   PI_receivePacket
           ENTRY                   ADDRESS         REF BY
           =====                   =======         ======
           interpretPI_Command     1056 
               calls direct
               CSTACK = 00000000 ( 00000004 )
    -------------------------------------------------------------------------
<CODE> 1 (was CODE)
  Relative segment, address: 10D2 - 11A9 (0xd8 bytes), align: 1
  Segment part 36.            Intra module refs:   main
           ENTRY                   ADDRESS         REF BY
           =====                   =======         ======
           PI_receivePacket        10D2 
               calls direct
               CSTACK = 00000000 ( 0000000E )
    -------------------------------------------------------------------------
<CODE> 1 (was CODE)
  Relative segment, address: 11AA - 11AF (0x6 bytes), align: 1
  Segment part 37.            Intra module refs:   PI_receivePacket
                                                   interpretPI_Command
    -------------------------------------------------------------------------
<CODE> 1 (was CODE)
  Relative segment, address: 11B0 - 11F1 (0x42 bytes), align: 1
  Segment part 38.            Intra module refs:   main
           ENTRY                   ADDRESS         REF BY
           =====                   =======         ======
           PI_init                 11B0 
               CSTACK = 00000000 ( 00000004 )
    -------------------------------------------------------------------------
<CODE> 1 (was CODE)
  Relative segment, address: 11F2 - 11FF (0xe bytes), align: 1
  Segment part 39.            Intra module refs:   PI_init
                                                   interpretPI_Command
    -------------------------------------------------------------------------
<CODE> 1 (was CODE)
  Relative segment, address: 15CC - 160D (0x42 bytes), align: 1
  Segment part 34.            Intra module refs:   PI_receivePacket
           ENTRY                   ADDRESS         REF BY
           =====                   =======         ======
           receiveByte             15CC 
               CSTACK = 00000000 ( 00000004 )
    -------------------------------------------------------------------------
<CODE> 1 (was CODE)
  Relative segment, address: 1580 - 15CB (0x4c bytes), align: 1
  Segment part 33.            Intra module refs:   PI_receivePacket
                                                   PI_sendData
                                                   Segment part 37
                                                   interpretPI_Command
           ENTRY                   ADDRESS         REF BY
           =====                   =======         ======
           sendByte                1580 
               CSTACK = 00000000 ( 00000004 )
    -------------------------------------------------------------------------
<CODE> 1 (was CODE)
  Relative segment, address: 1532 - 157F (0x4e bytes), align: 1
  Segment part 32.            Intra module refs:   CRC_Check
                                                   sendDataBlock
                                                   sendMessage
           ENTRY                   ADDRESS         REF BY
           =====                   =======         ======
           PI_sendData             1532 
               calls direct
               CSTACK = 00000000 ( 00000008 )

    *************************************************************************

  FILE NAME : C:\clear_case_views\a0406734_F5259_00.08.08.04\msp430_tools\Projects\BSL430\Source Code\Devices\MSP430F525x_catalog_UART\Release\Obj\BSL430_Command_Interpreter.r43
    *************************************************************************

  FILE NAME : C:\clear_case_views\a0406734_F5259_00.08.08.04\msp430_tools\Projects\BSL430\Source Code\Devices\MSP430F525x_catalog_UART\Release\Obj\BSL430_Low_Level_Init.r43
  PROGRAM MODULE, NAME : BSL430_Low_Level_Init

Absolute parts
           ENTRY                   ADDRESS         REF BY
           =====                   =======         ======
           BSL_REQ_JTAG_OPEN       0001 
           BSL_REQ_APP_CALL        0002 
  SEGMENTS IN THE MODULE
  ======================
ZAREA
  Common segment, address: 1000 - 100F (0x10 bytes), align: 1
  Segment part 0. ROOT.       Intra module refs:   Segment part 2
    -------------------------------------------------------------------------
ZAREA_CODE
  Relative segment, address: 1028 - 1055 (0x2e bytes), align: 1
  Segment part 1. ROOT.       Intra module refs:   Segment part 0
                                                   Segment part 2
    -------------------------------------------------------------------------
BSLSIG
  Common segment, address: 17F0 - 17FB (0xc bytes), align: 1
  Segment part 2. ROOT.
           ENTRY                   ADDRESS         REF BY
           =====                   =======         ======
           BslEntryLoc             17FA 
           BslProtectVecLoc        17F2 
           PBSLSigLoc              17F4 
           SBSLSigLoc              17F6 
    -------------------------------------------------------------------------
JTAGLOCK_KEY
  Common segment, address: 17FC - 17FF (0x4 bytes), align: 1
  Segment part 3. ROOT.
           ENTRY                   ADDRESS         REF BY
           =====                   =======         ======
           PJTAGLOCK_KEY           17FC 
           SJTAGLOCK_KEY           17FE 

    *************************************************************************

  FILE NAME : C:\clear_case_views\a0406734_F5259_00.08.08.04\msp430_tools\Projects\BSL430\Source Code\Devices\MSP430F525x_catalog_UART\Release\Obj\BSL430_PI_TA.r43
    *************************************************************************

  FILE NAME : C:\Program Files (x86)\IAR Systems\Embedded Workbench 6.5\430\LIB\DLIB\dl430xsfn.r43
  LIBRARY MODULE, NAME : ?_exit

  SEGMENTS IN THE MODULE
  ======================
<CODE> 1 (was CODE)
  Relative segment, address: 16BA, align: 1
  Segment part 0.
           ENTRY                   ADDRESS         REF BY
           =====                   =======         ======
           _exit                   16BA            exit (?exit)
    -------------------------------------------------------------------------
<CODE> 1 (was CODE)
  Relative segment, address: 16BA - 16BD (0x4 bytes), align: 1
  Segment part 6.             Intra module refs:   _exit

    -------------------------------------------------------------------------
  LIBRARY MODULE, NAME : ?cstart

  SEGMENTS IN THE MODULE
  ======================
CSTACK
  Relative segment, address: 4360, align: 1
  Segment part 1.
    -------------------------------------------------------------------------
CSTART
  Relative segment, address: 1014 - 1017 (0x4 bytes), align: 1
  Segment part 12.
           ENTRY                   ADDRESS         REF BY
           =====                   =======         ======
           __program_start         1014            ?reset_vector (?reset_vector)
                                                   Absolute parts (?ABS_ENTRY_MOD)
                                                   Segment part 0 (BSL430_Low_Level_Init)
           ?cstart_begin           1014 
    -------------------------------------------------------------------------
CSTART
  Relative segment, address: 1018 - 101F (0x8 bytes), align: 1
  Segment part 13.
           ENTRY                   ADDRESS         REF BY
           =====                   =======         ======
           ?cstart_call_low_level_init
                                   1018            __low_level_init (BSL430_API)
    -------------------------------------------------------------------------
CSTART
  Relative segment, address: 1020 - 1027 (0x8 bytes), align: 1
  Segment part 22.            Intra module refs:   ?cstart_call_low_level_init
                                                   Segment part 12
           ENTRY                   ADDRESS         REF BY
           =====                   =======         ======
           ?cstart_call_main       1020 
           ?cstart_end             1028 

    -------------------------------------------------------------------------
  LIBRARY MODULE, NAME : ?reset_vector

  SEGMENTS IN THE MODULE
  ======================
RESET
  Relative segment, address: FFAE - FFAF (0x2 bytes), align: 1
  Segment part 0.
           ENTRY                   ADDRESS         REF BY
           =====                   =======         ======
           ?reset_vector           FFAE            Segment part 12 (?cstart)

    -------------------------------------------------------------------------
  LIBRARY MODULE, NAME : ?exit

  SEGMENTS IN THE MODULE
  ======================
<CODE> 1 (was CODE)
  Relative segment, address: 16AE - 16B1 (0x4 bytes), align: 1
  Segment part 2.
           ENTRY                   ADDRESS         REF BY
           =====                   =======         ======
           exit                    16AE            Segment part 22 (?cstart)
               calls direct
               CSTACK = 00000000 ( 00000004 )

    -------------------------------------------------------------------------
  LIBRARY MODULE, NAME : ?ShiftLeft32_8n

  SEGMENTS IN THE MODULE
  ======================
<CODE> 1 (was CODE)
  Relative segment, address: 169A - 16A5 (0xc bytes), align: 1
  Segment part 6.
           ENTRY                   ADDRESS         REF BY
           =====                   =======         ======
           ?ShiftLeft32_8          169A            interpretCommand (BSL430_API)

    -------------------------------------------------------------------------
  LIBRARY MODULE, NAME : ?IndCallR13

  SEGMENTS IN THE MODULE
  ======================
<CODE> 1 (was CODE)
  Relative segment, address: 16B2 - 16B5 (0x4 bytes), align: 1
  Segment part 0.
           ENTRY                   ADDRESS         REF BY
           =====                   =======         ======
           ?IndCallR13             16B2            interpretCommand (BSL430_API)

    -------------------------------------------------------------------------
  LIBRARY MODULE, NAME : ?__exit

  SEGMENTS IN THE MODULE
  ======================
<CODE> 1 (was CODE)
  Relative segment, address: 16B6 - 16B9 (0x4 bytes), align: 1
  Segment part 2.
           ENTRY                   ADDRESS         REF BY
           =====                   =======         ======
           __exit                  16B6            Segment part 6 (?_exit)
                                                   _exit (?_exit)

    *************************************************************************

  DEFINED ABSOLUTE ENTRIES
  PROGRAM MODULE, NAME : ?FILLER_BYTES

  SEGMENTS IN THE MODULE
  ======================
JTAGLOCK_KEY
  Common segment, address: 17FC - 17FF (0x4 bytes), align: 0
  Segment part 3.
    -------------------------------------------------------------------------
BSLSIG
  Common segment, address: 17F0 - 17FB (0xc bytes), align: 0
  Segment part 2.
    -------------------------------------------------------------------------
ZAREA
  Common segment, address: 1000 - 100F (0x10 bytes), align: 0
  Segment part 1.
    -------------------------------------------------------------------------
?FILL1
  Relative segment, address: 16BE - 17EF (0x132 bytes), align: 0
  Segment part 0.




                ****************************************
                *                                      *
                *      SEGMENTS IN ADDRESS ORDER       *
                *                                      *
                ****************************************


SEGMENT              SPACE    START ADDRESS   END ADDRESS     SIZE  TYPE  ALIGN
=======              =====    =============   ===========     ====  ====  =====
DATA16_AN                              0140 - 0141               2   rel    0
                                       0144 - 0145               2 
                                       0152 - 0155               4 
                                       015C - 015D               2 
                                       0160 - 0165               6 
                                       0168 - 016B               4 
                                       0244 - 0245               2 
                                       024A - 024B               2 
                                       0400 - 0405               6 
                                       0410 - 0415               6 
ZAREA                                  1000 - 100F              10   com    1
BSL430_VERSION_VENDOR
                                       1010 - 1010               1   rel    0
BSL430_VERSION_CI                      1011 - 1011               1   rel    0
BSL430_VERSION_API                     1012 - 1012               1   rel    0
BSL430_VERSION_PI                      1013 - 1013               1   rel    0
CSTART                                 1014 - 1027              14   rel    1
ZAREA_CODE                             1028 - 1055              2E   rel    1
<CODE> 1                               1056 - 16BD             668   rel    1
?FILL1                                 16BE - 17EF             132   rel    0
BSLSIG                                 17F0 - 17FB               C   com    1
JTAGLOCK_KEY                           17FC - 17FF               4   com    1
DATA16_I                                  2400                       dse    0
DATA16_Z                                  2400                       dse    0
DATA16_N                               2400 - 2511             112   rel    1
CSTACK                                 4360 - 43FF              A0   rel    1
RESET                                  FFAE - FFAF               2   rel    1

                ****************************************
                *                                      *
                *        END OF CROSS REFERENCE        *
                *                                      *
                ****************************************

 1 724 bytes of CODE  memory (+             306 range fill )
   434 bytes of DATA  memory (+ 36 absolute )
    20 bytes of CONST memory

Errors: none
Warnings: none

